Component: ARM Compiler 5.06 update 1 (build 61) Tool: armlink [4d35a8]

==============================================================================

Section Cross References

    main.o(i.main) refers to bsp.o(i.bsp_init) for bsp_init
    main.o(i.main) refers to usart.o(i.USART_OUT) for USART_OUT
    main.o(i.main) refers to usart.o(i.usart1_recv_data) for usart1_recv_data
    main.o(i.main) refers to usart.o(i.usart2_recv_data) for usart2_recv_data
    main.o(i.main) refers to transport.o(i.mqtt_keep_alive) for mqtt_keep_alive
    main.o(i.main) refers to strstr.o(.text) for strstr
    main.o(i.main) refers to rt_memclr.o(.text) for __aeabi_memclr
    main.o(i.main) refers to usart.o(.data) for mqtt_buff
    main.o(i.main) refers to main.o(.data) for p1
    main.o(i.test_encrypt_ecb) refers to _printf_percent.o(.ARM.Collect$$_printf_percent$$00000000) for _printf_percent
    main.o(i.test_encrypt_ecb) refers to _printf_c.o(.ARM.Collect$$_printf_percent$$00000013) for _printf_c
    main.o(i.test_encrypt_ecb) refers to _printf_s.o(.ARM.Collect$$_printf_percent$$00000014) for _printf_s
    main.o(i.test_encrypt_ecb) refers to _printf_str.o(.text) for _printf_str
    main.o(i.test_encrypt_ecb) refers to __2sprintf.o(.text) for __2sprintf
    main.o(i.test_encrypt_ecb) refers to usart.o(i.USART_OUT) for USART_OUT
    main.o(i.test_encrypt_ecb) refers to aes128.o(i.AES_init_ctx) for AES_init_ctx
    main.o(i.test_encrypt_ecb) refers to aes128.o(i.AES_ECB_encrypt) for AES_ECB_encrypt
    main.o(i.test_encrypt_ecb) refers to memcmp.o(.text) for memcmp
    main.o(i.test_encrypt_ecb) refers to main.o(.bss) for expressText
    protocol.o(i.protocol_analyze) refers to rt_memclr_w.o(.text) for __aeabi_memclr4
    protocol.o(i.protocol_analyze) refers to usart.o(i.usart2_recv_data) for usart2_recv_data
    bsp.o(i.bsp_init) refers to bsp.o(i.bsp_rcc_init) for bsp_rcc_init
    bsp.o(i.bsp_init) refers to bsp.o(i.bsp_nvic_init) for bsp_nvic_init
    bsp.o(i.bsp_init) refers to bsp.o(i.gpio_init) for gpio_init
    bsp.o(i.bsp_init) refers to usart.o(i.usart1_init) for usart1_init
    bsp.o(i.bsp_init) refers to usart.o(i.usart2_init) for usart2_init
    bsp.o(i.bsp_init) refers to usart.o(i.usart4_init) for usart4_init
    bsp.o(i.bsp_init) refers to timer.o(i.timer2_init) for timer2_init
    bsp.o(i.bsp_init) refers to adc.o(i.Adc_Init) for Adc_Init
    bsp.o(i.bsp_nvic_init) refers to misc.o(i.NVIC_PriorityGroupConfig) for NVIC_PriorityGroupConfig
    bsp.o(i.bsp_nvic_init) refers to misc.o(i.NVIC_Init) for NVIC_Init
    bsp.o(i.bsp_rcc_init) refers to stm32f10x_rcc.o(i.RCC_APB1PeriphClockCmd) for RCC_APB1PeriphClockCmd
    bsp.o(i.bsp_rcc_init) refers to stm32f10x_rcc.o(i.RCC_APB2PeriphClockCmd) for RCC_APB2PeriphClockCmd
    bsp.o(i.gpio_init) refers to stm32f10x_gpio.o(i.GPIO_Init) for GPIO_Init
    bsp.o(i.iwatchdog_clear) refers to stm32f10x_iwdg.o(i.IWDG_ReloadCounter) for IWDG_ReloadCounter
    bsp.o(i.iwatchdog_config) refers to stm32f10x_iwdg.o(i.IWDG_WriteAccessCmd) for IWDG_WriteAccessCmd
    bsp.o(i.iwatchdog_config) refers to stm32f10x_iwdg.o(i.IWDG_SetPrescaler) for IWDG_SetPrescaler
    bsp.o(i.iwatchdog_config) refers to stm32f10x_iwdg.o(i.IWDG_SetReload) for IWDG_SetReload
    bsp.o(i.iwatchdog_config) refers to stm32f10x_iwdg.o(i.IWDG_ReloadCounter) for IWDG_ReloadCounter
    bsp.o(i.iwatchdog_config) refers to stm32f10x_iwdg.o(i.IWDG_Enable) for IWDG_Enable
    common_1.o(i.mem_picked) refers to common_1.o(i.mem_str) for mem_str
    common_1.o(i.mem_picked) refers to strlen.o(.text) for strlen
    common_1.o(i.mem_picked) refers to rt_memcpy_v6.o(.text) for __aeabi_memcpy
    common_1.o(i.mem_str) refers to strlen.o(.text) for strlen
    common_1.o(i.mem_str) refers to memcmp.o(.text) for memcmp
    common_1.o(i.str_picked) refers to strstr.o(.text) for strstr
    common_1.o(i.str_picked) refers to strlen.o(.text) for strlen
    adc.o(i.Adc_Init) refers to stm32f10x_rcc.o(i.RCC_APB2PeriphClockCmd) for RCC_APB2PeriphClockCmd
    adc.o(i.Adc_Init) refers to stm32f10x_rcc.o(i.RCC_ADCCLKConfig) for RCC_ADCCLKConfig
    adc.o(i.Adc_Init) refers to stm32f10x_gpio.o(i.GPIO_Init) for GPIO_Init
    adc.o(i.Adc_Init) refers to stm32f10x_adc.o(i.ADC_DeInit) for ADC_DeInit
    adc.o(i.Adc_Init) refers to stm32f10x_adc.o(i.ADC_Init) for ADC_Init
    adc.o(i.Adc_Init) refers to stm32f10x_adc.o(i.ADC_Cmd) for ADC_Cmd
    adc.o(i.Adc_Init) refers to stm32f10x_adc.o(i.ADC_ResetCalibration) for ADC_ResetCalibration
    adc.o(i.Adc_Init) refers to stm32f10x_adc.o(i.ADC_GetResetCalibrationStatus) for ADC_GetResetCalibrationStatus
    adc.o(i.Adc_Init) refers to stm32f10x_adc.o(i.ADC_StartCalibration) for ADC_StartCalibration
    adc.o(i.Adc_Init) refers to stm32f10x_adc.o(i.ADC_GetCalibrationStatus) for ADC_GetCalibrationStatus
    adc.o(i.Get_Adc) refers to stm32f10x_adc.o(i.ADC_RegularChannelConfig) for ADC_RegularChannelConfig
[...]
    Removing mqttformat.o(i.MQTTStringFormat_subscribe), (120 bytes).
    Removing mqttformat.o(i.MQTTStringFormat_unsubscribe), (104 bytes).
    Removing mqttformat.o(.conststring), (383 bytes).
    Removing mqttformat.o(.data), (60 bytes).
    Removing mqttpacket.o(i.MQTTPacket_decodeBuf), (28 bytes).
    Removing mqttpacket.o(i.MQTTPacket_decodenb), (104 bytes).
    Removing mqttpacket.o(i.MQTTPacket_equals), (66 bytes).
    Removing mqttpacket.o(i.MQTTPacket_len), (40 bytes).
    Removing mqttpacket.o(i.MQTTPacket_readnb), (204 bytes).
    Removing mqttpacket.o(i.MQTTstrlen), (24 bytes).
    Removing mqttpacket.o(i.bufchar), (40 bytes).
    Removing mqttpacket.o(i.getLenStringLen), (18 bytes).
    Removing mqttpacket.o(i.readChar), (14 bytes).
    Removing mqttpacket.o(i.readInt), (26 bytes).
    Removing mqttpacket.o(i.readMQTTLenString), (58 bytes).
    Removing mqttpacket.o(i.writeCString), (40 bytes).
    Removing mqttpacket.o(i.writeInt), (48 bytes).
    Removing mqttpacket.o(i.writeMQTTString), (62 bytes).
    Removing mqttpacket.o(.data), (4 bytes).
    Removing mqttserializepublish.o(i.MQTTSerialize_ack), (114 bytes).
    Removing mqttserializepublish.o(i.MQTTSerialize_puback), (24 bytes).
    Removing mqttserializepublish.o(i.MQTTSerialize_pubcomp), (24 bytes).
    Removing mqttserializepublish.o(i.MQTTSerialize_publish), (176 bytes).
    Removing mqttserializepublish.o(i.MQTTSerialize_publishLength), (34 bytes).
    Removing mqttserializepublish.o(i.MQTTSerialize_pubrel), (26 bytes).
    Removing mqttsubscribeclient.o(i.MQTTDeserialize_suback), (146 bytes).
    Removing mqttsubscribeclient.o(i.MQTTSerialize_subscribe), (176 bytes).
    Removing mqttsubscribeclient.o(i.MQTTSerialize_subscribeLength), (46 bytes).
    Removing mqttsubscribeserver.o(i.MQTTDeserialize_subscribe), (166 bytes).
    Removing mqttsubscribeserver.o(i.MQTTSerialize_suback), (120 bytes).
    Removing mqttunsubscribeclient.o(i.MQTTDeserialize_unsuback), (46 bytes).
    Removing mqttunsubscribeclient.o(i.MQTTSerialize_unsubscribe), (166 bytes).
    Removing mqttunsubscribeclient.o(i.MQTTSerialize_unsubscribeLength), (46 bytes).
    Removing mqttunsubscribeserver.o(i.MQTTDeserialize_unsubscribe), (144 bytes).
    Removing mqttunsubscribeserver.o(i.MQTTSerialize_unsuback), (86 bytes).
    Removing transport.o(i.mqtt_connect), (224 bytes).
    Removing transport.o(i.mqtt_pub_qos0), (344 bytes).
    Removing transport.o(i.mqtt_publist), (216 bytes).
    Removing transport.o(i.mqtt_qos0), (644 bytes).
    Removing transport.o(i.mqtt_subscribe), (260 bytes).
    Removing transport.o(i.transport_getdatanb), (22 bytes).
    Removing transport.o(.constdata), (264 bytes).

599 unused section(s) (total 42122 bytes) removed from the image.

==============================================================================

Image Symbol Table

    Local Symbols

    Symbol Name                              Value     Ov Type        Size  Object(Section)

    ../clib/angel/boardlib.s                 0x00000000   Number         0  boardinit3.o ABSOLUTE
    ../clib/angel/boardlib.s                 0x00000000   Number         0  boardinit2.o ABSOLUTE
    ../clib/angel/boardlib.s                 0x00000000   Number         0  boardinit1.o ABSOLUTE
    ../clib/angel/boardlib.s                 0x00000000   Number         0  boardshut.o ABSOLUTE
    ../clib/angel/handlers.s                 0x00000000   Number         0  __scatter_copy.o ABSOLUTE
    ../clib/angel/handlers.s                 0x00000000   Number         0  __scatter_zi.o ABSOLUTE
    ../clib/angel/kernel.s                   0x00000000   Number         0  rtexit.o ABSOLUTE
    ../clib/angel/kernel.s                   0x00000000   Number         0  __rtentry4.o ABSOLUTE
    ../clib/angel/kernel.s                   0x00000000   Number         0  rtexit2.o ABSOLUTE
    ../clib/angel/kernel.s                   0x00000000   Number         0  __rtentry2.o ABSOLUTE
    ../clib/angel/kernel.s                   0x00000000   Number         0  __rtentry.o ABSOLUTE
    ../clib/angel/rt.s                       0x00000000   Number         0  rt_heap_descriptor.o ABSOLUTE
    ../clib/angel/rt.s                       0x00000000   Number         0  rt_raise.o ABSOLUTE
    ../clib/angel/rt.s                       0x00000000   Number         0  rt_heap_descriptor_intlibspace.o ABSOLUTE
    ../clib/angel/scatter.s                  0x00000000   Number         0  __scatter.o ABSOLUTE
    ../clib/angel/startup.s                  0x00000000   Number         0  __main.o ABSOLUTE
    ../clib/angel/sys.s                      0x00000000   Number         0  libspace.o ABSOLUTE
    ../clib/angel/sys.s                      0x00000000   Number         0  use_no_semi.o ABSOLUTE
    ../clib/angel/sys.s                      0x00000000   Number         0  mutex_dummy.o ABSOLUTE
    ../clib/angel/sys.s                      0x00000000   Number         0  sys_stackheap_outer.o ABSOLUTE
    ../clib/angel/sys.s                      0x00000000   Number         0  indicate_semi.o ABSOLUTE
    ../clib/angel/sysapp.c                   0x00000000   Number         0  sys_exit.o ABSOLUTE
    ../clib/angel/sysapp.c                   0x00000000   Number         0  sys_command.o ABSOLUTE
    ../clib/angel/sysapp.c                   0x00000000   Number         0  sys_wrch.o ABSOLUTE
    ../clib/armsys.c                         0x00000000   Number         0  argv_veneer.o ABSOLUTE
    ../clib/armsys.c                         0x00000000   Number         0  argv_veneer.o ABSOLUTE
    ../clib/armsys.c                         0x00000000   Number         0  _get_argv.o ABSOLUTE
    ../clib/armsys.c                         0x00000000   Number         0  _get_argv_nomalloc.o ABSOLUTE
    ../clib/armsys.c                         0x00000000   Number         0  no_argv.o ABSOLUTE
    ../clib/heap1.c                          0x00000000   Number         0  h1_extend.o ABSOLUTE
    ../clib/heap1.c                          0x00000000   Number         0  h1_extend_mt.o ABSOLUTE
    ../clib/heap1.c                          0x00000000   Number         0  h1_final_mt.o ABSOLUTE
    ../clib/heap1.c                          0x00000000   Number         0  h1_final.o ABSOLUTE
    ../clib/heap1.c                          0x00000000   Number         0  h1_alloc.o ABSOLUTE
    ../clib/heap1.c                          0x00000000   Number         0  h1_free.o ABSOLUTE
    ../clib/heap1.c                          0x00000000   Number         0  h1_alloc_mt.o ABSOLUTE
    ../clib/heap1.c                          0x00000000   Number         0  h1_free_mt.o ABSOLUTE
    ../clib/heap1.c                          0x00000000   Number         0  h1_init_mt.o ABSOLUTE
    ../clib/heap1.c                          0x00000000   Number         0  h1_init.o ABSOLUTE
    ../clib/heap2.c                          0x00000000   Number         0  heap2mt.o ABSOLUTE
    ../clib/heap2.c                          0x00000000   Number         0  fdtree.o ABSOLUTE
    ../clib/heap2.c                          0x00000000   Number         0  heap2.o ABSOLUTE
    ../clib/heapalloc.c                      0x00000000   Number         0  hrguard.o ABSOLUTE
    ../clib/heapalloc.c                      0x00000000   Number         0  maybetermalloc2.o ABSOLUTE
    ../clib/heapalloc.c                      0x00000000   Number         0  maybetermalloc2.o ABSOLUTE
    ../clib/heapalloc.c                      0x00000000   Number         0  hguard.o ABSOLUTE
    ../clib/heapalloc.c                      0x00000000   Number         0  malloc.o ABSOLUTE
    ../clib/heapalloc.c                      0x00000000   Number         0  free.o ABSOLUTE
    ../clib/heapalloc.c                      0x00000000   Number         0  init_alloc.o ABSOLUTE
    ../clib/heapalloc.c                      0x00000000   Number         0  maybetermalloc1.o ABSOLUTE
    ../clib/heapalloc.c                      0x00000000   Number         0  term_alloc.o ABSOLUTE
    ../clib/heapalloc.c                      0x00000000   Number         0  maybetermalloc1.o ABSOLUTE
    ../clib/heapalloc.c                      0x00000000   Number         0  heapstubs.o ABSOLUTE
    ../clib/heapaux.c                        0x00000000   Number         0  heapauxi.o ABSOLUTE
    ../clib/heapaux.c                        0x00000000   Number         0  heapauxa.o ABSOLUTE
    ../clib/libinit.s                        0x00000000   Number         0  libinit.o ABSOLUTE
    ../clib/libinit.s                        0x00000000   Number         0  libinit2.o ABSOLUTE
    ../clib/libinit.s                        0x00000000   Number         0  libshutdown.o ABSOLUTE
    ../clib/libinit.s                        0x00000000   Number         0  libshutdown2.o ABSOLUTE
    ../clib/memcpset.s                       0x00000000   Number         0  rt_memclr.o ABSOLUTE
    ../clib/memcpset.s                       0x00000000   Number         0  aeabi_memset.o ABSOLUTE
    ../clib/memcpset.s                       0x00000000   Number         0  rt_memcpy_w.o ABSOLUTE
    ../clib/memcpset.s                       0x00000000   Number         0  rt_memcpy_v6.o ABSOLUTE
    ../clib/memcpset.s                       0x00000000   Number         0  rt_memclr_w.o ABSOLUTE
    ../clib/misc.s                           0x00000000   Number         0  printf_stubs.o ABSOLUTE
    ../clib/printf.c                         0x00000000   Number         0  __printf_ss_wp.o ABSOLUTE
    ../clib/printf.c                         0x00000000   Number         0  __printf_flags_wp.o ABSOLUTE
    ../clib/printf.c                         0x00000000   Number         0  noretval__2sprintf.o ABSOLUTE
    ../clib/printf.c                         0x00000000   Number         0  __printf_nopercent.o ABSOLUTE
    ../clib/printf.c                         0x00000000   Number         0  __printf_wp.o ABSOLUTE
    ../clib/printf.c                         0x00000000   Number         0  _snputc.o ABSOLUTE
    ../clib/printf.c                         0x00000000   Number         0  _sputc.o ABSOLUTE
    ../clib/printf.c                         0x00000000   Number         0  _printf_char_common.o ABSOLUTE
    ../clib/printf.c                         0x00000000   Number         0  __2sprintf.o ABSOLUTE
    ../clib/printf.c                         0x00000000   Number         0  _printf_intcommon.o ABSOLUTE
    ../clib/printf.c                         0x00000000   Number         0  _printf_str.o ABSOLUTE
    ../clib/printf.c                         0x00000000   Number         0  _printf_char.o ABSOLUTE
    ../clib/printf.c                         0x00000000   Number         0  __printf_flags_ss.o ABSOLUTE
    ../clib/printf.c                         0x00000000   Number         0  __printf_ss.o ABSOLUTE
    ../clib/printf.c                         0x00000000   Number         0  __printf_flags_ss_wp.o ABSOLUTE
    ../clib/printf.c                         0x00000000   Number         0  __printf_flags.o ABSOLUTE
    ../clib/printf.c                         0x00000000   Number         0  __2snprintf.o ABSOLUTE
    ../clib/printf.c                         0x00000000   Number         0  _printf_dec.o ABSOLUTE
    ../clib/printf.c                         0x00000000   Number         0  __printf.o ABSOLUTE
    ../clib/printf.c                         0x00000000   Number         0  noretval__2snprintf.o ABSOLUTE
    ../clib/printf_percent.s                 0x00000000   Number         0  _printf_c.o ABSOLUTE
    ../clib/printf_percent.s                 0x00000000   Number         0  _printf_percent.o ABSOLUTE
    ../clib/printf_percent.s                 0x00000000   Number         0  _printf_s.o ABSOLUTE
    ../clib/printf_percent.s                 0x00000000   Number         0  _printf_d.o ABSOLUTE
    ../clib/printf_percent.s                 0x00000000   Number         0  _printf_percent_end.o ABSOLUTE
    ../clib/signal.c                         0x00000000   Number         0  defsig_exit.o ABSOLUTE
    ../clib/signal.c                         0x00000000   Number         0  defsig_rtmem_inner.o ABSOLUTE
    ../clib/signal.c                         0x00000000   Number         0  defsig_other.o ABSOLUTE
    ../clib/signal.c                         0x00000000   Number         0  defsig_abrt_inner.o ABSOLUTE
    ../clib/signal.c                         0x00000000   Number         0  __raise.o ABSOLUTE
    ../clib/signal.c                         0x00000000   Number         0  defsig_general.o ABSOLUTE
    ../clib/signal.c                         0x00000000   Number         0  defsig_rtmem_formal.o ABSOLUTE
    ../clib/signal.c                         0x00000000   Number         0  defsig_rtmem_outer.o ABSOLUTE
    ../clib/signal.c                         0x00000000   Number         0  defsig_fpe_inner.o ABSOLUTE
    ../clib/signal.c                         0x00000000   Number         0  defsig_rtred_inner.o ABSOLUTE
    ../clib/signal.c                         0x00000000   Number         0  defsig_stak_inner.o ABSOLUTE
    ../clib/signal.c                         0x00000000   Number         0  defsig_pvfn_inner.o ABSOLUTE
    ../clib/signal.c                         0x00000000   Number         0  defsig_cppl_inner.o ABSOLUTE
    ../clib/signal.c                         0x00000000   Number         0  defsig_segv_inner.o ABSOLUTE
    ../clib/signal.s                         0x00000000   Number         0  defsig.o ABSOLUTE
    ../clib/stdlib.c                         0x00000000   Number         0  exit.o ABSOLUTE
    ../clib/string.c                         0x00000000   Number         0  strncmp.o ABSOLUTE
    ../clib/string.c                         0x00000000   Number         0  strlen.o ABSOLUTE
    ../clib/string.c                         0x00000000   Number         0  strcpy.o ABSOLUTE
    ../clib/string.c                         0x00000000   Number         0  memcmp.o ABSOLUTE
    ../clib/string.c                         0x00000000   Number         0  strstr.o ABSOLUTE
    ../fplib/daddsub.s                       0x00000000   Number         0  daddsub_clz.o ABSOLUTE
    ../fplib/dcmpi.s                         0x00000000   Number         0  dcmpi.o ABSOLUTE
    ../fplib/dfix.s                          0x00000000   Number         0  dfix.o ABSOLUTE
    ../fplib/dflt.s                          0x00000000   Number         0  dflt_clz.o ABSOLUTE
    ../fplib/dleqf.s                         0x00000000   Number         0  dleqf.o ABSOLUTE
    ../fplib/dnaninf.s                       0x00000000   Number         0  dnaninf.o ABSOLUTE
    ../fplib/dretinf.s                       0x00000000   Number         0  dretinf.o ABSOLUTE
    ../fplib/drleqf.s                        0x00000000   Number         0  drleqf.o ABSOLUTE
    ../fplib/faddsub.s                       0x00000000   Number         0  faddsub_clz.o ABSOLUTE
    ../fplib/fdiv.s                          0x00000000   Number         0  fdiv.o ABSOLUTE
    ../fplib/ffixu.s                         0x00000000   Number         0  ffixu.o ABSOLUTE
    ../fplib/fflt.s                          0x00000000   Number         0  fflt_clz.o ABSOLUTE
    ../fplib/fmul.s                          0x00000000   Number         0  fmul.o ABSOLUTE
    ../fplib/fnaninf.s                       0x00000000   Number         0  fnaninf.o ABSOLUTE
    ../fplib/fpinit.s                        0x00000000   Number         0  fpinit.o ABSOLUTE
    ../fplib/fretinf.s                       0x00000000   Number         0  fretinf.o ABSOLUTE
    ../fplib/usenofp.s                       0x00000000   Number         0  usenofp.o ABSOLUTE
    ../mathlib/ceil.c                        0x00000000   Number         0  ceil.o ABSOLUTE
    ..\BSP\bsp.c                             0x00000000   Number         0  bsp.o ABSOLUTE
    ..\Libraries\CMSIS\CM3\CoreSupport\core_cm3.c 0x00000000   Number         0  core_cm3.o ABSOLUTE
    ..\Libraries\CMSIS\CM3\DeviceSupport\ST\STM32F10x\startup\arm\startup_stm32f10x_hd.s 0x00000000   Number         0  startup_stm32f10x_hd.o ABSOLUTE
    ..\Libraries\CMSIS\CM3\DeviceSupport\ST\STM32F10x\system_stm32f10x.c 0x00000000   Number         0  system_stm32f10x.o ABSOLUTE
    ..\Libraries\STM32F10x_StdPeriph_Driver\src\misc.c 0x00000000   Number         0  misc.o ABSOLUTE
    ..\Libraries\STM32F10x_StdPeriph_Driver\src\stm32f10x_adc.c 0x00000000   Number         0  stm32f10x_adc.o ABSOLUTE
    ..\Libraries\STM32F10x_StdPeriph_Driver\src\stm32f10x_bkp.c 0x00000000   Number         0  stm32f10x_bkp.o ABSOLUTE
    ..\Libraries\STM32F10x_StdPeriph_Driver\src\stm32f10x_can.c 0x00000000   Number         0  stm32f10x_can.o ABSOLUTE
    ..\Libraries\STM32F10x_StdPeriph_Driver\src\stm32f10x_cec.c 0x00000000   Number         0  stm32f10x_cec.o ABSOLUTE
    ..\Libraries\STM32F10x_StdPeriph_Driver\src\stm32f10x_crc.c 0x00000000   Number         0  stm32f10x_crc.o ABSOLUTE
    ..\Libraries\STM32F10x_StdPeriph_Driver\src\stm32f10x_dac.c 0x00000000   Number         0  stm32f10x_dac.o ABSOLUTE
    ..\Libraries\STM32F10x_StdPeriph_Driver\src\stm32f10x_dbgmcu.c 0x00000000   Number         0  stm32f10x_dbgmcu.o ABSOLUTE
    ..\Libraries\STM32F10x_StdPeriph_Driver\src\stm32f10x_dma.c 0x00000000   Number         0  stm32f10x_dma.o ABSOLUTE
    ..\Libraries\STM32F10x_StdPeriph_Driver\src\stm32f10x_exti.c 0x00000000   Number         0  stm32f10x_exti.o ABSOLUTE
    ..\Libraries\STM32F10x_StdPeriph_Driver\src\stm32f10x_flash.c 0x00000000   Number         0  stm32f10x_flash.o ABSOLUTE
    ..\Libraries\STM32F10x_StdPeriph_Driver\src\stm32f10x_fsmc.c 0x00000000   Number         0  stm32f10x_fsmc.o ABSOLUTE
    ..\Libraries\STM32F10x_StdPeriph_Driver\src\stm32f10x_gpio.c 0x00000000   Number         0  stm32f10x_gpio.o ABSOLUTE
    ..\Libraries\STM32F10x_StdPeriph_Driver\src\stm32f10x_i2c.c 0x00000000   Number         0  stm32f10x_i2c.o ABSOLUTE
    ..\Libraries\STM32F10x_StdPeriph_Driver\src\stm32f10x_iwdg.c 0x00000000   Number         0  stm32f10x_iwdg.o ABSOLUTE
    ..\Libraries\STM32F10x_StdPeriph_Driver\src\stm32f10x_pwr.c 0x00000000   Number         0  stm32f10x_pwr.o ABSOLUTE
    ..\Libraries\STM32F10x_StdPeriph_Driver\src\stm32f10x_rcc.c 0x00000000   Number         0  stm32f10x_rcc.o ABSOLUTE
    ..\Libraries\STM32F10x_StdPeriph_Driver\src\stm32f10x_rtc.c 0x00000000   Number         0  stm32f10x_rtc.o ABSOLUTE
    ..\Libraries\STM32F10x_StdPeriph_Driver\src\stm32f10x_sdio.c 0x00000000   Number         0  stm32f10x_sdio.o ABSOLUTE
    ..\Libraries\STM32F10x_StdPeriph_Driver\src\stm32f10x_spi.c 0x00000000   Number         0  stm32f10x_spi.o ABSOLUTE
    ..\Libraries\STM32F10x_StdPeriph_Driver\src\stm32f10x_tim.c 0x00000000   Number         0  stm32f10x_tim.o ABSOLUTE
    ..\Libraries\STM32F10x_StdPeriph_Driver\src\stm32f10x_usart.c 0x00000000   Number         0  stm32f10x_usart.o ABSOLUTE
    ..\Libraries\STM32F10x_StdPeriph_Driver\src\stm32f10x_wwdg.c 0x00000000   Number         0  stm32f10x_wwdg.o ABSOLUTE
    ..\MQTT\MQTTConnectClient.c              0x00000000   Number         0  mqttconnectclient.o ABSOLUTE
    ..\MQTT\MQTTConnectServer.c              0x00000000   Number         0  mqttconnectserver.o ABSOLUTE
    ..\MQTT\MQTTDeserializePublish.c         0x00000000   Number         0  mqttdeserializepublish.o ABSOLUTE
    ..\MQTT\MQTTFormat.c                     0x00000000   Number         0  mqttformat.o ABSOLUTE
    ..\MQTT\MQTTPacket.c                     0x00000000   Number         0  mqttpacket.o ABSOLUTE
    ..\MQTT\MQTTSerializePublish.c           0x00000000   Number         0  mqttserializepublish.o ABSOLUTE
    ..\MQTT\MQTTSubscribeClient.c            0x00000000   Number         0  mqttsubscribeclient.o ABSOLUTE
    ..\MQTT\MQTTSubscribeServer.c            0x00000000   Number         0  mqttsubscribeserver.o ABSOLUTE
    ..\MQTT\MQTTUnsubscribeClient.c          0x00000000   Number         0  mqttunsubscribeclient.o ABSOLUTE
    ..\MQTT\MQTTUnsubscribeServer.c          0x00000000   Number         0  mqttunsubscribeserver.o ABSOLUTE
    ..\MQTT\transport.c                      0x00000000   Number         0  transport.o ABSOLUTE
    ..\\Libraries\\CMSIS\\CM3\\CoreSupport\\core_cm3.c 0x00000000   Number         0  core_cm3.o ABSOLUTE
    ..\app\batt.c                            0x00000000   Number         0  batt.o ABSOLUTE
    ..\app\main.c                            0x00000000   Number         0  main.o ABSOLUTE
    ..\app\protocol.c                        0x00000000   Number         0  protocol.o ABSOLUTE
    ..\app\stm32f10x_it.c                    0x00000000   Number         0  stm32f10x_it.o ABSOLUTE
    ..\driver\adc.c                          0x00000000   Number         0  adc.o ABSOLUTE
    ..\driver\button.c                       0x00000000   Number         0  button.o ABSOLUTE
    ..\driver\gprs.c                         0x00000000   Number         0  gprs.o ABSOLUTE
    ..\driver\gps.c                          0x00000000   Number         0  gps.o ABSOLUTE
    ..\driver\motor.c                        0x00000000   Number         0  motor.o ABSOLUTE
    ..\driver\pwm.c                          0x00000000   Number         0  pwm.o ABSOLUTE
    ..\driver\timer.c                        0x00000000   Number         0  timer.o ABSOLUTE
    ..\driver\usart.c                        0x00000000   Number         0  usart.o ABSOLUTE
    ..\system\common.c                       0x00000000   Number         0  common_1.o ABSOLUTE
    ..\tplib\App_md5.c                       0x00000000   Number         0  app_md5.o ABSOLUTE
    ..\tplib\aes.c                           0x00000000   Number         0  aes.o ABSOLUTE
    ..\tplib\aes128.c                        0x00000000   Number         0  aes128.o ABSOLUTE
    dc.s                                     0x00000000   Number         0  dc.o ABSOLUTE
    RESET                                    0x08000000   Section      304  startup_stm32f10x_hd.o(RESET)
    !!!main                                  0x08000130   Section        8  __main.o(!!!main)
    !!!scatter                               0x08000138   Section       52  __scatter.o(!!!scatter)
    !!handler_copy                           0x0800016c   Section       26  __scatter_copy.o(!!handler_copy)
    !!handler_zi                             0x08000188   Section       28  __scatter_zi.o(!!handler_zi)
    .ARM.Collect$$_printf_percent$$00000000  0x080001a4   Section        0  _printf_percent.o(.ARM.Collect$$_printf_percent$$00000000)
    .ARM.Collect$$_printf_percent$$00000009  0x080001a4   Section        6  _printf_d.o(.ARM.Collect$$_printf_percent$$00000009)
    .ARM.Collect$$_printf_percent$$00000017  0x080001aa   Section        4  _printf_percent_end.o(.ARM.Collect$$_printf_percent$$00000017)
    .ARM.Collect$$libinit$$00000000          0x080001ae   Section        2  libinit.o(.ARM.Collect$$libinit$$00000000)
    .ARM.Collect$$libinit$$00000002          0x080001b0   Section        0  libinit2.o(.ARM.Collect$$libinit$$00000002)
    .ARM.Collect$$libinit$$00000004          0x080001b0   Section        0  libinit2.o(.ARM.Collect$$libinit$$00000004)
    .ARM.Collect$$libinit$$0000000A          0x080001b0   Section        0  libinit2.o(.ARM.Collect$$libinit$$0000000A)
    .ARM.Collect$$libinit$$0000000C          0x080001b0   Section        0  libinit2.o(.ARM.Collect$$libinit$$0000000C)
    .ARM.Collect$$libinit$$0000000E          0x080001b0   Section        0  libinit2.o(.ARM.Collect$$libinit$$0000000E)
    .ARM.Collect$$libinit$$00000011          0x080001b0   Section        0  libinit2.o(.ARM.Collect$$libinit$$00000011)
    .ARM.Collect$$libinit$$00000013          0x080001b0   Section        0  libinit2.o(.ARM.Collect$$libinit$$00000013)
    .ARM.Collect$$libinit$$00000015          0x080001b0   Section        0  libinit2.o(.ARM.Collect$$libinit$$00000015)
    .ARM.Collect$$libinit$$00000017          0x080001b0   Section        0  libinit2.o(.ARM.Collect$$libinit$$00000017)
    .ARM.Collect$$libinit$$00000019          0x080001b0   Section        0  libinit2.o(.ARM.Collect$$libinit$$00000019)
    .ARM.Collect$$libinit$$0000001B          0x080001b0   Section        0  libinit2.o(.ARM.Collect$$libinit$$0000001B)
    .ARM.Collect$$libinit$$0000001D          0x080001b0   Section        0  libinit2.o(.ARM.Collect$$libinit$$0000001D)
    .ARM.Collect$$libinit$$0000001F          0x080001b0   Section        0  libinit2.o(.ARM.Collect$$libinit$$0000001F)
    .ARM.Collect$$libinit$$00000021          0x080001b0   Section        0  libinit2.o(.ARM.Collect$$libinit$$00000021)
    .ARM.Collect$$libinit$$00000023          0x080001b0   Section        0  libinit2.o(.ARM.Collect$$libinit$$00000023)
    .ARM.Collect$$libinit$$00000025          0x080001b0   Section        0  libinit2.o(.ARM.Collect$$libinit$$00000025)
    .ARM.Collect$$libinit$$0000002C          0x080001b0   Section        0  libinit2.o(.ARM.Collect$$libinit$$0000002C)
    .ARM.Collect$$libinit$$0000002E          0x080001b0   Section        0  libinit2.o(.ARM.Collect$$libinit$$0000002E)
    .ARM.Collect$$libinit$$00000030          0x080001b0   Section        0  libinit2.o(.ARM.Collect$$libinit$$00000030)
    .ARM.Collect$$libinit$$00000032          0x080001b0   Section        0  libinit2.o(.ARM.Collect$$libinit$$00000032)
    .ARM.Collect$$libinit$$00000033          0x080001b0   Section        2  libinit2.o(.ARM.Collect$$libinit$$00000033)
    .ARM.Collect$$libshutdown$$00000000      0x080001b2   Section        2  libshutdown.o(.ARM.Collect$$libshutdown$$00000000)
    .ARM.Collect$$libshutdown$$00000002      0x080001b4   Section        0  libshutdown2.o(.ARM.Collect$$libshutdown$$00000002)
    .ARM.Collect$$libshutdown$$00000004      0x080001b4   Section        0  libshutdown2.o(.ARM.Collect$$libshutdown$$00000004)
    .ARM.Collect$$libshutdown$$00000007      0x080001b4   Section        0  libshutdown2.o(.ARM.Collect$$libshutdown$$00000007)
    .ARM.Collect$$libshutdown$$0000000A      0x080001b4   Section        0  libshutdown2.o(.ARM.Collect$$libshutdown$$0000000A)
    .ARM.Collect$$libshutdown$$0000000C      0x080001b4   Section        0  libshutdown2.o(.ARM.Collect$$libshutdown$$0000000C)
    .ARM.Collect$$libshutdown$$0000000F      0x080001b4   Section        0  libshutdown2.o(.ARM.Collect$$libshutdown$$0000000F)
    .ARM.Collect$$libshutdown$$00000010      0x080001b4   Section        2  libshutdown2.o(.ARM.Collect$$libshutdown$$00000010)
    .ARM.Collect$$rtentry$$00000000          0x080001b6   Section        0  __rtentry.o(.ARM.Collect$$rtentry$$00000000)
    .ARM.Collect$$rtentry$$00000002          0x080001b6   Section        0  __rtentry2.o(.ARM.Collect$$rtentry$$00000002)
    .ARM.Collect$$rtentry$$00000004          0x080001b6   Section        6  __rtentry4.o(.ARM.Collect$$rtentry$$00000004)
    .ARM.Collect$$rtentry$$00000009          0x080001bc   Section        0  __rtentry2.o(.ARM.Collect$$rtentry$$00000009)
    .ARM.Collect$$rtentry$$0000000A          0x080001bc   Section        4  __rtentry2.o(.ARM.Collect$$rtentry$$0000000A)
    .ARM.Collect$$rtentry$$0000000C          0x080001c0   Section        0  __rtentry2.o(.ARM.Collect$$rtentry$$0000000C)
    .ARM.Collect$$rtentry$$0000000D          0x080001c0   Section        8  __rtentry2.o(.ARM.Collect$$rtentry$$0000000D)
    .ARM.Collect$$rtexit$$00000000           0x080001c8   Section        2  rtexit.o(.ARM.Collect$$rtexit$$00000000)
    .ARM.Collect$$rtexit$$00000002           0x080001ca   Section        0  rtexit2.o(.ARM.Collect$$rtexit$$00000002)
    .ARM.Collect$$rtexit$$00000003           0x080001ca   Section        4  rtexit2.o(.ARM.Collect$$rtexit$$00000003)
    .ARM.Collect$$rtexit$$00000004           0x080001ce   Section        6  rtexit2.o(.ARM.Collect$$rtexit$$00000004)
    .text                                    0x080001d4   Section       64  startup_stm32f10x_hd.o(.text)
    .text                                    0x08000214   Section        0  __2sprintf.o(.text)
    .text                                    0x08000240   Section        0  _printf_dec.o(.text)
    .text                                    0x080002b8   Section        0  __printf_wp.o(.text)
    .text                                    0x080003c6   Section        0  strstr.o(.text)
    .text                                    0x080003ea   Section      138  rt_memcpy_v6.o(.text)
    .text                                    0x08000474   Section      100  rt_memcpy_w.o(.text)
    .text                                    0x080004d8   Section       68  rt_memclr.o(.text)
    .text                                    0x0800051c   Section       78  rt_memclr_w.o(.text)
    .text                                    0x0800056a   Section        0  heapauxi.o(.text)
    .text                                    0x08000570   Section        0  _printf_intcommon.o(.text)
    .text                                    0x08000624   Section        0  _printf_char_common.o(.text)
    _printf_input_char                       0x08000625   Thumb Code    10  _printf_char_common.o(.text)
    .text                                    0x08000654   Section        0  _sputc.o(.text)
    .text                                    0x08000660   Section        8  libspace.o(.text)
    .text                                    0x08000668   Section        2  use_no_semi.o(.text)
    .text                                    0x0800066a   Section       74  sys_stackheap_outer.o(.text)
    .text                                    0x0800066a   Section        0  indicate_semi.o(.text)
    .text                                    0x080006b4   Section        0  exit.o(.text)
    .text                                    0x080006c8   Section        0  sys_exit.o(.text)
    i.ADC_Cmd                                0x080006d4   Section        0  stm32f10x_adc.o(i.ADC_Cmd)
    i.ADC_DeInit                             0x080006ec   Section        0  stm32f10x_adc.o(i.ADC_DeInit)
    i.ADC_GetCalibrationStatus               0x08000748   Section        0  stm32f10x_adc.o(i.ADC_GetCalibrationStatus)
    i.ADC_GetResetCalibrationStatus          0x0800075c   Section        0  stm32f10x_adc.o(i.ADC_GetResetCalibrationStatus)
    i.ADC_Init                               0x08000770   Section        0  stm32f10x_adc.o(i.ADC_Init)
    i.ADC_ResetCalibration                   0x080007c0   Section        0  stm32f10x_adc.o(i.ADC_ResetCalibration)
    i.ADC_StartCalibration                   0x080007ca   Section        0  stm32f10x_adc.o(i.ADC_StartCalibration)
    i.Adc_Init                               0x080007d4   Section        0  adc.o(i.Adc_Init)
    i.BusFault_Handler                       0x08000860   Section        0  stm32f10x_it.o(i.BusFault_Handler)
    i.DebugMon_Handler                       0x08000864   Section        0  stm32f10x_it.o(i.DebugMon_Handler)
    i.GPIO_Init                              0x08000866   Section        0  stm32f10x_gpio.o(i.GPIO_Init)
    i.HardFault_Handler                      0x0800097c   Section        0  stm32f10x_it.o(i.HardFault_Handler)
    i.MQTTPacket_decode                      0x08000980   Section        0  mqttpacket.o(i.MQTTPacket_decode)
    i.MQTTPacket_encode                      0x080009d8   Section        0  mqttpacket.o(i.MQTTPacket_encode)
    i.MQTTPacket_read                        0x08000a10   Section        0  mqttpacket.o(i.MQTTPacket_read)
    i.MQTTSerialize_pingreq                  0x08000a90   Section        0  mqttconnectclient.o(i.MQTTSerialize_pingreq)
    i.MQTTSerialize_zero                     0x08000aa2   Section        0  mqttconnectclient.o(i.MQTTSerialize_zero)
    i.MemManage_Handler                      0x08000aee   Section        0  stm32f10x_it.o(i.MemManage_Handler)
    i.NMI_Handler                            0x08000af2   Section        0  stm32f10x_it.o(i.NMI_Handler)
    i.NVIC_Init                              0x08000af4   Section        0  misc.o(i.NVIC_Init)
    i.NVIC_PriorityGroupConfig               0x08000b64   Section        0  misc.o(i.NVIC_PriorityGroupConfig)
    i.PendSV_Handler                         0x08000b78   Section        0  stm32f10x_it.o(i.PendSV_Handler)
    i.RCC_ADCCLKConfig                       0x08000b7c   Section        0  stm32f10x_rcc.o(i.RCC_ADCCLKConfig)
    i.RCC_APB1PeriphClockCmd                 0x08000b94   Section        0  stm32f10x_rcc.o(i.RCC_APB1PeriphClockCmd)
    i.RCC_APB1PeriphResetCmd                 0x08000bb4   Section        0  stm32f10x_rcc.o(i.RCC_APB1PeriphResetCmd)
    i.RCC_APB2PeriphClockCmd                 0x08000bd4   Section        0  stm32f10x_rcc.o(i.RCC_APB2PeriphClockCmd)
    i.RCC_APB2PeriphResetCmd                 0x08000bf4   Section        0  stm32f10x_rcc.o(i.RCC_APB2PeriphResetCmd)
    i.RCC_GetClocksFreq                      0x08000c14   Section        0  stm32f10x_rcc.o(i.RCC_GetClocksFreq)
    i.SVC_Handler                            0x08000cf0   Section        0  stm32f10x_it.o(i.SVC_Handler)
    i.SetSysClock                            0x08000cf2   Section        0  system_stm32f10x.o(i.SetSysClock)
    SetSysClock                              0x08000cf3   Thumb Code     8  system_stm32f10x.o(i.SetSysClock)
    i.SetSysClockTo72                        0x08000cfc   Section        0  system_stm32f10x.o(i.SetSysClockTo72)
    SetSysClockTo72                          0x08000cfd   Thumb Code   214  system_stm32f10x.o(i.SetSysClockTo72)
    i.SysTick_Handler                        0x08000ddc   Section        0  stm32f10x_it.o(i.SysTick_Handler)
    i.SystemInit                             0x08000de0   Section        0  system_stm32f10x.o(i.SystemInit)
    i.TIM2_IRQHandler                        0x08000e40   Section        0  timer.o(i.TIM2_IRQHandler)
    i.TIM_ClearFlag                          0x08000e8c   Section        0  stm32f10x_tim.o(i.TIM_ClearFlag)
    i.TIM_ClearITPendingBit                  0x08000e92   Section        0  stm32f10x_tim.o(i.TIM_ClearITPendingBit)
    i.TIM_Cmd                                0x08000e98   Section        0  stm32f10x_tim.o(i.TIM_Cmd)
    i.TIM_DeInit                             0x08000eb0   Section        0  stm32f10x_tim.o(i.TIM_DeInit)
    i.TIM_GetITStatus                        0x08001098   Section        0  stm32f10x_tim.o(i.TIM_GetITStatus)
    i.TIM_ITConfig                           0x080010ba   Section        0  stm32f10x_tim.o(i.TIM_ITConfig)
    i.TIM_SetCounter                         0x080010cc   Section        0  stm32f10x_tim.o(i.TIM_SetCounter)
    i.TIM_TimeBaseInit                       0x080010d0   Section        0  stm32f10x_tim.o(i.TIM_TimeBaseInit)
    i.UART4_IRQHandler                       0x08001174   Section        0  usart.o(i.UART4_IRQHandler)
    i.USART1_IRQHandler                      0x08001208   Section        0  usart.o(i.USART1_IRQHandler)
    i.USART2_IRQHandler                      0x08001294   Section        0  usart.o(i.USART2_IRQHandler)
    i.USART_ClearITPendingBit                0x08001318   Section        0  stm32f10x_usart.o(i.USART_ClearITPendingBit)
    i.USART_Cmd                              0x08001336   Section        0  stm32f10x_usart.o(i.USART_Cmd)
    i.USART_GetFlagStatus                    0x0800134e   Section        0  stm32f10x_usart.o(i.USART_GetFlagStatus)
    i.USART_GetITStatus                      0x08001368   Section        0  stm32f10x_usart.o(i.USART_GetITStatus)
    i.USART_ITConfig                         0x080013bc   Section        0  stm32f10x_usart.o(i.USART_ITConfig)
    i.USART_Init                             0x08001408   Section        0  stm32f10x_usart.o(i.USART_Init)
    i.USART_OUT                              0x080014e0   Section        0  usart.o(i.USART_OUT)
    i.USART_ReceiveData                      0x080015f4   Section        0  stm32f10x_usart.o(i.USART_ReceiveData)
    i.USART_SendData                         0x080015fe   Section        0  stm32f10x_usart.o(i.USART_SendData)
    i.UsageFault_Handler                     0x08001606   Section        0  stm32f10x_it.o(i.UsageFault_Handler)
    i._is_digit                              0x0800160a   Section        0  __printf_wp.o(i._is_digit)
    i.bsp_init                               0x08001618   Section        0  bsp.o(i.bsp_init)
    i.bsp_nvic_init                          0x08001652   Section        0  bsp.o(i.bsp_nvic_init)
    i.bsp_rcc_init                           0x080016f0   Section        0  bsp.o(i.bsp_rcc_init)
    i.gpio_init                              0x0800173c   Section        0  bsp.o(i.gpio_init)
    i.gprs_check_cmd                         0x080018d8   Section        0  gprs.o(i.gprs_check_cmd)
    i.gprs_send_at                           0x080018f0   Section        0  gprs.o(i.gprs_send_at)
    i.gprs_send_data                         0x080019b0   Section        0  gprs.o(i.gprs_send_data)
    i.main                                   0x080019e8   Section        0  main.o(i.main)
    i.mqtt_keep_alive                        0x08001a9c   Section        0  transport.o(i.mqtt_keep_alive)
    i.timer2_init                            0x08001b0c   Section        0  timer.o(i.timer2_init)
    i.timer_delay_1ms                        0x08001b5c   Section        0  timer.o(i.timer_delay_1ms)
    i.timer_is_timeout_1ms                   0x08001b70   Section        0  timer.o(i.timer_is_timeout_1ms)
    i.transport_getdata                      0x08001b94   Section        0  transport.o(i.transport_getdata)
    i.transport_sendPacketBuffer             0x08001bd4   Section        0  transport.o(i.transport_sendPacketBuffer)
    i.usart1_init                            0x08001c68   Section        0  usart.o(i.usart1_init)
    i.usart1_recv_data                       0x08001cb4   Section        0  usart.o(i.usart1_recv_data)
    i.usart2_init                            0x08001ce4   Section        0  usart.o(i.usart2_init)
    i.usart2_recv_data                       0x08001d24   Section        0  usart.o(i.usart2_recv_data)
    i.usart4_init                            0x08001d6c   Section        0  usart.o(i.usart4_init)
    i.usart_send                             0x08001dac   Section        0  usart.o(i.usart_send)
    i.writeChar                              0x08001ec4   Section        0  mqttpacket.o(i.writeChar)
    .data                                    0x20000000   Section       38  main.o(.data)
    mqtt_flag                                0x20000025   Data           1  main.o(.data)
    .data                                    0x20000028   Section        4  timer.o(.data)
    .data                                    0x2000002c   Section       25  usart.o(.data)
    .data                                    0x20000045   Section       20  stm32f10x_rcc.o(.data)
    APBAHBPrescTable                         0x20000045   Data          16  stm32f10x_rcc.o(.data)
    ADCPrescTable                            0x20000055   Data           4  stm32f10x_rcc.o(.data)
    .data                                    0x2000005c   Section       12  transport.o(.data)
    .bss                                     0x20000068   Section     2516  main.o(.bss)
    .bss                                     0x20000a3c   Section       76  timer.o(.bss)
    .bss                                     0x20000a88   Section      514  usart.o(.bss)
    sb                                       0x20000a88   Data         514  usart.o(.bss)
    .bss                                     0x20000c8c   Section       96  libspace.o(.bss)
    HEAP                                     0x20000cf0   Section      512  startup_stm32f10x_hd.o(HEAP)
    Heap_Mem                                 0x20000cf0   Data         512  startup_stm32f10x_hd.o(HEAP)
    STACK                                    0x20000ef0   Section     1024  startup_stm32f10x_hd.o(STACK)
    Stack_Mem                                0x20000ef0   Data        1024  startup_stm32f10x_hd.o(STACK)
    __initial_sp                             0x200012f0   Data           0  startup_stm32f10x_hd.o(STACK)

    Global Symbols

    Symbol Name                              Value     Ov Type        Size  Object(Section)

    BuildAttributes$$THM_ISAv4$P$D$K$B$S$PE$A:L22UL41UL21$X:L11$S22US41US21$IEEE1$IW$USESV6$~STKCKD$USESV7$~SHL$OTIME$ROPI$IEEEJ$EBA8$UX$STANDARDLIB$REQ8$PRES8$EABIv2 0x00000000   Number         0  anon$$obj.o ABSOLUTE
    __ARM_use_no_argv                        0x00000000   Number         0  main.o ABSOLUTE
    _printf_flags                            0x00000000   Number         0  printf_stubs.o ABSOLUTE
    _printf_return_value                     0x00000000   Number         0  printf_stubs.o ABSOLUTE
    _printf_sizespec                         0x00000000   Number         0  printf_stubs.o ABSOLUTE
    _printf_widthprec                        0x00000000   Number         0  printf_stubs.o ABSOLUTE
    __ARM_exceptions_init                     - Undefined Weak Reference
    __alloca_initialize                       - Undefined Weak Reference
    __arm_preinit_                            - Undefined Weak Reference
    __cpp_initialize__aeabi_                  - Undefined Weak Reference
    __cxa_finalize                            - Undefined Weak Reference
    __rt_locale                               - Undefined Weak Reference
    __sigvec_lookup                           - Undefined Weak Reference
    __user_heap_extent                        - Undefined Weak Reference
    _atexit_init                              - Undefined Weak Reference
    _call_atexit_fns                          - Undefined Weak Reference
    _clock_init                               - Undefined Weak Reference
    _fp_trap_init                             - Undefined Weak Reference
    _fp_trap_shutdown                         - Undefined Weak Reference
    _get_lc_collate                           - Undefined Weak Reference
    _get_lc_ctype                             - Undefined Weak Reference
    _get_lc_monetary                          - Undefined Weak Reference
    _get_lc_numeric                           - Undefined Weak Reference
    _get_lc_time                              - Undefined Weak Reference
    _getenv_init                              - Undefined Weak Reference
    _handle_redirection                       - Undefined Weak Reference
    _initio                                   - Undefined Weak Reference
    _mutex_acquire                            - Undefined Weak Reference
    _mutex_free                               - Undefined Weak Reference
    _mutex_release                            - Undefined Weak Reference
    _printf_mbtowc                            - Undefined Weak Reference
    _printf_post_padding                      - Undefined Weak Reference
    _printf_pre_padding                       - Undefined Weak Reference
    _printf_truncate_signed                   - Undefined Weak Reference
    _printf_truncate_unsigned                 - Undefined Weak Reference
    _rand_init                                - Undefined Weak Reference
    _signal_finish                            - Undefined Weak Reference
    _signal_init                              - Undefined Weak Reference
    _terminateio                              - Undefined Weak Reference
    __Vectors_Size                           0x00000130   Number         0  startup_stm32f10x_hd.o ABSOLUTE
    __Vectors                                0x08000000   Data           4  startup_stm32f10x_hd.o(RESET)
    __Vectors_End                            0x08000130   Data           0  startup_stm32f10x_hd.o(RESET)
    __main                                   0x08000131   Thumb Code     8  __main.o(!!!main)
    __scatterload                            0x08000139   Thumb Code     0  __scatter.o(!!!scatter)
    __scatterload_rt2                        0x08000139   Thumb Code    44  __scatter.o(!!!scatter)
    __scatterload_rt2_thumb_only             0x08000139   Thumb Code     0  __scatter.o(!!!scatter)
    __scatterload_null                       0x08000147   Thumb Code     0  __scatter.o(!!!scatter)
    __scatterload_copy                       0x0800016d   Thumb Code    26  __scatter_copy.o(!!handler_copy)
    __scatterload_zeroinit                   0x08000189   Thumb Code    28  __scatter_zi.o(!!handler_zi)
    _printf_d                                0x080001a5   Thumb Code     0  _printf_d.o(.ARM.Collect$$_printf_percent$$00000009)
    _printf_percent                          0x080001a5   Thumb Code     0  _printf_percent.o(.ARM.Collect$$_printf_percent$$00000000)
    _printf_percent_end                      0x080001ab   Thumb Code     0  _printf_percent_end.o(.ARM.Collect$$_printf_percent$$00000017)
    __rt_lib_init                            0x080001af   Thumb Code     0  libinit.o(.ARM.Collect$$libinit$$00000000)
    __rt_lib_init_alloca_1                   0x080001b1   Thumb Code     0  libinit2.o(.ARM.Collect$$libinit$$0000002E)
    __rt_lib_init_argv_1                     0x080001b1   Thumb Code     0  libinit2.o(.ARM.Collect$$libinit$$0000002C)
    __rt_lib_init_atexit_1                   0x080001b1   Thumb Code     0  libinit2.o(.ARM.Collect$$libinit$$0000001B)
    __rt_lib_init_clock_1                    0x080001b1   Thumb Code     0  libinit2.o(.ARM.Collect$$libinit$$00000021)
    __rt_lib_init_cpp_1                      0x080001b1   Thumb Code     0  libinit2.o(.ARM.Collect$$libinit$$00000032)
    __rt_lib_init_exceptions_1               0x080001b1   Thumb Code     0  libinit2.o(.ARM.Collect$$libinit$$00000030)
    __rt_lib_init_fp_1                       0x080001b1   Thumb Code     0  libinit2.o(.ARM.Collect$$libinit$$00000002)
    __rt_lib_init_fp_trap_1                  0x080001b1   Thumb Code     0  libinit2.o(.ARM.Collect$$libinit$$0000001F)
    __rt_lib_init_getenv_1                   0x080001b1   Thumb Code     0  libinit2.o(.ARM.Collect$$libinit$$00000023)
    __rt_lib_init_heap_1                     0x080001b1   Thumb Code     0  libinit2.o(.ARM.Collect$$libinit$$0000000A)
    __rt_lib_init_lc_collate_1               0x080001b1   Thumb Code     0  libinit2.o(.ARM.Collect$$libinit$$00000011)
    __rt_lib_init_lc_ctype_1                 0x080001b1   Thumb Code     0  libinit2.o(.ARM.Collect$$libinit$$00000013)
    __rt_lib_init_lc_monetary_1              0x080001b1   Thumb Code     0  libinit2.o(.ARM.Collect$$libinit$$00000015)
    __rt_lib_init_lc_numeric_1               0x080001b1   Thumb Code     0  libinit2.o(.ARM.Collect$$libinit$$00000017)
    __rt_lib_init_lc_time_1                  0x080001b1   Thumb Code     0  libinit2.o(.ARM.Collect$$libinit$$00000019)
    __rt_lib_init_preinit_1                  0x080001b1   Thumb Code     0  libinit2.o(.ARM.Collect$$libinit$$00000004)
    __rt_lib_init_rand_1                     0x080001b1   Thumb Code     0  libinit2.o(.ARM.Collect$$libinit$$0000000E)
    __rt_lib_init_return                     0x080001b1   Thumb Code     0  libinit2.o(.ARM.Collect$$libinit$$00000033)
    __rt_lib_init_signal_1                   0x080001b1   Thumb Code     0  libinit2.o(.ARM.Collect$$libinit$$0000001D)
    __rt_lib_init_stdio_1                    0x080001b1   Thumb Code     0  libinit2.o(.ARM.Collect$$libinit$$00000025)
    __rt_lib_init_user_alloc_1               0x080001b1   Thumb Code     0  libinit2.o(.ARM.Collect$$libinit$$0000000C)
    __rt_lib_shutdown                        0x080001b3   Thumb Code     0  libshutdown.o(.ARM.Collect$$libshutdown$$00000000)
    __rt_lib_shutdown_cpp_1                  0x080001b5   Thumb Code     0  libshutdown2.o(.ARM.Collect$$libshutdown$$00000002)
    __rt_lib_shutdown_fp_trap_1              0x080001b5   Thumb Code     0  libshutdown2.o(.ARM.Collect$$libshutdown$$00000007)
    __rt_lib_shutdown_heap_1                 0x080001b5   Thumb Code     0  libshutdown2.o(.ARM.Collect$$libshutdown$$0000000F)
    __rt_lib_shutdown_return                 0x080001b5   Thumb Code     0  libshutdown2.o(.ARM.Collect$$libshutdown$$00000010)
    __rt_lib_shutdown_signal_1               0x080001b5   Thumb Code     0  libshutdown2.o(.ARM.Collect$$libshutdown$$0000000A)
    __rt_lib_shutdown_stdio_1                0x080001b5   Thumb Code     0  libshutdown2.o(.ARM.Collect$$libshutdown$$00000004)
    __rt_lib_shutdown_user_alloc_1           0x080001b5   Thumb Code     0  libshutdown2.o(.ARM.Collect$$libshutdown$$0000000C)
    __rt_entry                               0x080001b7   Thumb Code     0  __rtentry.o(.ARM.Collect$$rtentry$$00000000)
    __rt_entry_presh_1                       0x080001b7   Thumb Code     0  __rtentry2.o(.ARM.Collect$$rtentry$$00000002)
    __rt_entry_sh                            0x080001b7   Thumb Code     0  __rtentry4.o(.ARM.Collect$$rtentry$$00000004)
    __rt_entry_li                            0x080001bd   Thumb Code     0  __rtentry2.o(.ARM.Collect$$rtentry$$0000000A)
    __rt_entry_postsh_1                      0x080001bd   Thumb Code     0  __rtentry2.o(.ARM.Collect$$rtentry$$00000009)
    __rt_entry_main                          0x080001c1   Thumb Code     0  __rtentry2.o(.ARM.Collect$$rtentry$$0000000D)
    __rt_entry_postli_1                      0x080001c1   Thumb Code     0  __rtentry2.o(.ARM.Collect$$rtentry$$0000000C)
    __rt_exit                                0x080001c9   Thumb Code     0  rtexit.o(.ARM.Collect$$rtexit$$00000000)
    __rt_exit_ls                             0x080001cb   Thumb Code     0  rtexit2.o(.ARM.Collect$$rtexit$$00000003)
    __rt_exit_prels_1                        0x080001cb   Thumb Code     0  rtexit2.o(.ARM.Collect$$rtexit$$00000002)
    __rt_exit_exit                           0x080001cf   Thumb Code     0  rtexit2.o(.ARM.Collect$$rtexit$$00000004)
    Reset_Handler                            0x080001d5   Thumb Code     8  startup_stm32f10x_hd.o(.text)
    ADC1_2_IRQHandler                        0x080001ef   Thumb Code     0  startup_stm32f10x_hd.o(.text)
    ADC3_IRQHandler                          0x080001ef   Thumb Code     0  startup_stm32f10x_hd.o(.text)
    CAN1_RX1_IRQHandler                      0x080001ef   Thumb Code     0  startup_stm32f10x_hd.o(.text)
    CAN1_SCE_IRQHandler                      0x080001ef   Thumb Code     0  startup_stm32f10x_hd.o(.text)
    DMA1_Channel1_IRQHandler                 0x080001ef   Thumb Code     0  startup_stm32f10x_hd.o(.text)
    DMA1_Channel2_IRQHandler                 0x080001ef   Thumb Code     0  startup_stm32f10x_hd.o(.text)
    DMA1_Channel3_IRQHandler                 0x080001ef   Thumb Code     0  startup_stm32f10x_hd.o(.text)
    DMA1_Channel4_IRQHandler                 0x080001ef   Thumb Code     0  startup_stm32f10x_hd.o(.text)
    DMA1_Channel5_IRQHandler                 0x080001ef   Thumb Code     0  startup_stm32f10x_hd.o(.text)
    DMA1_Channel6_IRQHandler                 0x080001ef   Thumb Code     0  startup_stm32f10x_hd.o(.text)
    DMA1_Channel7_IRQHandler                 0x080001ef   Thumb Code     0  startup_stm32f10x_hd.o(.text)
    DMA2_Channel1_IRQHandler                 0x080001ef   Thumb Code     0  startup_stm32f10x_hd.o(.text)
    DMA2_Channel2_IRQHandler                 0x080001ef   Thumb Code     0  startup_stm32f10x_hd.o(.text)
    DMA2_Channel3_IRQHandler                 0x080001ef   Thumb Code     0  startup_stm32f10x_hd.o(.text)
    DMA2_Channel4_5_IRQHandler               0x080001ef   Thumb Code     0  startup_stm32f10x_hd.o(.text)
    EXTI0_IRQHandler                         0x080001ef   Thumb Code     0  startup_stm32f10x_hd.o(.text)
    EXTI15_10_IRQHandler                     0x080001ef   Thumb Code     0  startup_stm32f10x_hd.o(.text)
    EXTI1_IRQHandler                         0x080001ef   Thumb Code     0  startup_stm32f10x_hd.o(.text)
    EXTI2_IRQHandler                         0x080001ef   Thumb Code     0  startup_stm32f10x_hd.o(.text)
    EXTI3_IRQHandler                         0x080001ef   Thumb Code     0  startup_stm32f10x_hd.o(.text)
    EXTI4_IRQHandler                         0x080001ef   Thumb Code     0  startup_stm32f10x_hd.o(.text)
    EXTI9_5_IRQHandler                       0x080001ef   Thumb Code     0  startup_stm32f10x_hd.o(.text)
    FLASH_IRQHandler                         0x080001ef   Thumb Code     0  startup_stm32f10x_hd.o(.text)
    FSMC_IRQHandler                          0x080001ef   Thumb Code     0  startup_stm32f10x_hd.o(.text)
    I2C1_ER_IRQHandler                       0x080001ef   Thumb Code     0  startup_stm32f10x_hd.o(.text)
    I2C1_EV_IRQHandler                       0x080001ef   Thumb Code     0  startup_stm32f10x_hd.o(.text)
    I2C2_ER_IRQHandler                       0x080001ef   Thumb Code     0  startup_stm32f10x_hd.o(.text)
    I2C2_EV_IRQHandler                       0x080001ef   Thumb Code     0  startup_stm32f10x_hd.o(.text)
    PVD_IRQHandler                           0x080001ef   Thumb Code     0  startup_stm32f10x_hd.o(.text)
    RCC_IRQHandler                           0x080001ef   Thumb Code     0  startup_stm32f10x_hd.o(.text)
    RTCAlarm_IRQHandler                      0x080001ef   Thumb Code     0  startup_stm32f10x_hd.o(.text)
    RTC_IRQHandler                           0x080001ef   Thumb Code     0  startup_stm32f10x_hd.o(.text)
    SDIO_IRQHandler                          0x080001ef   Thumb Code     0  startup_stm32f10x_hd.o(.text)
    SPI1_IRQHandler                          0x080001ef   Thumb Code     0  startup_stm32f10x_hd.o(.text)
    SPI2_IRQHandler                          0x080001ef   Thumb Code     0  startup_stm32f10x_hd.o(.text)
    SPI3_IRQHandler                          0x080001ef   Thumb Code     0  startup_stm32f10x_hd.o(.text)
    TAMPER_IRQHandler                        0x080001ef   Thumb Code     0  startup_stm32f10x_hd.o(.text)
    TIM1_BRK_IRQHandler                      0x080001ef   Thumb Code     0  startup_stm32f10x_hd.o(.text)
    TIM1_CC_IRQHandler                       0x080001ef   Thumb Code     0  startup_stm32f10x_hd.o(.text)
    TIM1_TRG_COM_IRQHandler                  0x080001ef   Thumb Code     0  startup_stm32f10x_hd.o(.text)
    TIM1_UP_IRQHandler                       0x080001ef   Thumb Code     0  startup_stm32f10x_hd.o(.text)
    TIM3_IRQHandler                          0x080001ef   Thumb Code     0  startup_stm32f10x_hd.o(.text)
    TIM4_IRQHandler                          0x080001ef   Thumb Code     0  startup_stm32f10x_hd.o(.text)
    TIM5_IRQHandler                          0x080001ef   Thumb Code     0  startup_stm32f10x_hd.o(.text)
    TIM6_IRQHandler                          0x080001ef   Thumb Code     0  startup_stm32f10x_hd.o(.text)
    TIM7_IRQHandler                          0x080001ef   Thumb Code     0  startup_stm32f10x_hd.o(.text)
    TIM8_BRK_IRQHandler                      0x080001ef   Thumb Code     0  startup_stm32f10x_hd.o(.text)
    TIM8_CC_IRQHandler                       0x080001ef   Thumb Code     0  startup_stm32f10x_hd.o(.text)
    TIM8_TRG_COM_IRQHandler                  0x080001ef   Thumb Code     0  startup_stm32f10x_hd.o(.text)
    TIM8_UP_IRQHandler                       0x080001ef   Thumb Code     0  startup_stm32f10x_hd.o(.text)
    UART5_IRQHandler                         0x080001ef   Thumb Code     0  startup_stm32f10x_hd.o(.text)
    USART3_IRQHandler                        0x080001ef   Thumb Code     0  startup_stm32f10x_hd.o(.text)
    USBWakeUp_IRQHandler                     0x080001ef   Thumb Code     0  startup_stm32f10x_hd.o(.text)
    USB_HP_CAN1_TX_IRQHandler                0x080001ef   Thumb Code     0  startup_stm32f10x_hd.o(.text)
    USB_LP_CAN1_RX0_IRQHandler               0x080001ef   Thumb Code     0  startup_stm32f10x_hd.o(.text)
    WWDG_IRQHandler                          0x080001ef   Thumb Code     0  startup_stm32f10x_hd.o(.text)
    __user_initial_stackheap                 0x080001f1   Thumb Code     0  startup_stm32f10x_hd.o(.text)
    __2sprintf                               0x08000215   Thumb Code    38  __2sprintf.o(.text)
    _printf_int_dec                          0x08000241   Thumb Code   104  _printf_dec.o(.text)
    __printf                                 0x080002b9   Thumb Code   270  __printf_wp.o(.text)
    strstr                                   0x080003c7   Thumb Code    36  strstr.o(.text)
    __aeabi_memcpy                           0x080003eb   Thumb Code     0  rt_memcpy_v6.o(.text)
    __rt_memcpy                              0x080003eb   Thumb Code   138  rt_memcpy_v6.o(.text)
    _memcpy_lastbytes                        0x08000451   Thumb Code     0  rt_memcpy_v6.o(.text)
    __aeabi_memcpy4                          0x08000475   Thumb Code     0  rt_memcpy_w.o(.text)
    __aeabi_memcpy8                          0x08000475   Thumb Code     0  rt_memcpy_w.o(.text)
    __rt_memcpy_w                            0x08000475   Thumb Code   100  rt_memcpy_w.o(.text)
    _memcpy_lastbytes_aligned                0x080004bd   Thumb Code     0  rt_memcpy_w.o(.text)
    __aeabi_memclr                           0x080004d9   Thumb Code     0  rt_memclr.o(.text)
    __rt_memclr                              0x080004d9   Thumb Code    68  rt_memclr.o(.text)
    _memset                                  0x080004dd   Thumb Code     0  rt_memclr.o(.text)
    __aeabi_memclr4                          0x0800051d   Thumb Code     0  rt_memclr_w.o(.text)
    __aeabi_memclr8                          0x0800051d   Thumb Code     0  rt_memclr_w.o(.text)
    __rt_memclr_w                            0x0800051d   Thumb Code    78  rt_memclr_w.o(.text)
    _memset_w                                0x08000521   Thumb Code     0  rt_memclr_w.o(.text)
    __use_two_region_memory                  0x0800056b   Thumb Code     2  heapauxi.o(.text)
    __rt_heap_escrow                         0x0800056d   Thumb Code     2  heapauxi.o(.text)
    __rt_heap_expand                         0x0800056f   Thumb Code     2  heapauxi.o(.text)
    _printf_int_common                       0x08000571   Thumb Code   178  _printf_intcommon.o(.text)
    _printf_char_common                      0x0800062f   Thumb Code    32  _printf_char_common.o(.text)
    _sputc                                   0x08000655   Thumb Code    10  _sputc.o(.text)
    __user_libspace                          0x08000661   Thumb Code     8  libspace.o(.text)
    __user_perproc_libspace                  0x08000661   Thumb Code     0  libspace.o(.text)
    __user_perthread_libspace                0x08000661   Thumb Code     0  libspace.o(.text)
    __I$use$semihosting                      0x08000669   Thumb Code     0  use_no_semi.o(.text)
    __use_no_semihosting_swi                 0x08000669   Thumb Code     2  use_no_semi.o(.text)
    __semihosting_library_function           0x0800066b   Thumb Code     0  indicate_semi.o(.text)
    __user_setup_stackheap                   0x0800066b   Thumb Code    74  sys_stackheap_outer.o(.text)
    exit                                     0x080006b5   Thumb Code    18  exit.o(.text)
    _sys_exit                                0x080006c9   Thumb Code     8  sys_exit.o(.text)
    ADC_Cmd                                  0x080006d5   Thumb Code    22  stm32f10x_adc.o(i.ADC_Cmd)
    ADC_DeInit                               0x080006ed   Thumb Code    78  stm32f10x_adc.o(i.ADC_DeInit)
    ADC_GetCalibrationStatus                 0x08000749   Thumb Code    20  stm32f10x_adc.o(i.ADC_GetCalibrationStatus)
    ADC_GetResetCalibrationStatus            0x0800075d   Thumb Code    20  stm32f10x_adc.o(i.ADC_GetResetCalibrationStatus)
    ADC_Init                                 0x08000771   Thumb Code    70  stm32f10x_adc.o(i.ADC_Init)
    ADC_ResetCalibration                     0x080007c1   Thumb Code    10  stm32f10x_adc.o(i.ADC_ResetCalibration)
    ADC_StartCalibration                     0x080007cb   Thumb Code    10  stm32f10x_adc.o(i.ADC_StartCalibration)
    Adc_Init                                 0x080007d5   Thumb Code   132  adc.o(i.Adc_Init)
    BusFault_Handler                         0x08000861   Thumb Code     4  stm32f10x_it.o(i.BusFault_Handler)
    DebugMon_Handler                         0x08000865   Thumb Code     2  stm32f10x_it.o(i.DebugMon_Handler)
    GPIO_Init                                0x08000867   Thumb Code   278  stm32f10x_gpio.o(i.GPIO_Init)
    HardFault_Handler                        0x0800097d   Thumb Code     4  stm32f10x_it.o(i.HardFault_Handler)
    MQTTPacket_decode                        0x08000981   Thumb Code    88  mqttpacket.o(i.MQTTPacket_decode)
    MQTTPacket_encode                        0x080009d9   Thumb Code    54  mqttpacket.o(i.MQTTPacket_encode)
    MQTTPacket_read                          0x08000a11   Thumb Code   120  mqttpacket.o(i.MQTTPacket_read)
    MQTTSerialize_pingreq                    0x08000a91   Thumb Code    18  mqttconnectclient.o(i.MQTTSerialize_pingreq)
    MQTTSerialize_zero                       0x08000aa3   Thumb Code    76  mqttconnectclient.o(i.MQTTSerialize_zero)
    MemManage_Handler                        0x08000aef   Thumb Code     4  stm32f10x_it.o(i.MemManage_Handler)
    NMI_Handler                              0x08000af3   Thumb Code     2  stm32f10x_it.o(i.NMI_Handler)
    NVIC_Init                                0x08000af5   Thumb Code   100  misc.o(i.NVIC_Init)
    NVIC_PriorityGroupConfig                 0x08000b65   Thumb Code    10  misc.o(i.NVIC_PriorityGroupConfig)
    PendSV_Handler                           0x08000b79   Thumb Code     2  stm32f10x_it.o(i.PendSV_Handler)
    RCC_ADCCLKConfig                         0x08000b7d   Thumb Code    18  stm32f10x_rcc.o(i.RCC_ADCCLKConfig)
    RCC_APB1PeriphClockCmd                   0x08000b95   Thumb Code    26  stm32f10x_rcc.o(i.RCC_APB1PeriphClockCmd)
    RCC_APB1PeriphResetCmd                   0x08000bb5   Thumb Code    26  stm32f10x_rcc.o(i.RCC_APB1PeriphResetCmd)
    RCC_APB2PeriphClockCmd                   0x08000bd5   Thumb Code    26  stm32f10x_rcc.o(i.RCC_APB2PeriphClockCmd)
    RCC_APB2PeriphResetCmd                   0x08000bf5   Thumb Code    26  stm32f10x_rcc.o(i.RCC_APB2PeriphResetCmd)
    RCC_GetClocksFreq                        0x08000c15   Thumb Code   192  stm32f10x_rcc.o(i.RCC_GetClocksFreq)
    SVC_Handler                              0x08000cf1   Thumb Code     2  stm32f10x_it.o(i.SVC_Handler)
    SysTick_Handler                          0x08000ddd   Thumb Code     2  stm32f10x_it.o(i.SysTick_Handler)
    SystemInit                               0x08000de1   Thumb Code    78  system_stm32f10x.o(i.SystemInit)
    TIM2_IRQHandler                          0x08000e41   Thumb Code    68  timer.o(i.TIM2_IRQHandler)
    TIM_ClearFlag                            0x08000e8d   Thumb Code     6  stm32f10x_tim.o(i.TIM_ClearFlag)
    TIM_ClearITPendingBit                    0x08000e93   Thumb Code     6  stm32f10x_tim.o(i.TIM_ClearITPendingBit)
    TIM_Cmd                                  0x08000e99   Thumb Code    24  stm32f10x_tim.o(i.TIM_Cmd)
    TIM_DeInit                               0x08000eb1   Thumb Code   424  stm32f10x_tim.o(i.TIM_DeInit)
    TIM_GetITStatus                          0x08001099   Thumb Code    34  stm32f10x_tim.o(i.TIM_GetITStatus)
    TIM_ITConfig                             0x080010bb   Thumb Code    18  stm32f10x_tim.o(i.TIM_ITConfig)
    TIM_SetCounter                           0x080010cd   Thumb Code     4  stm32f10x_tim.o(i.TIM_SetCounter)
    TIM_TimeBaseInit                         0x080010d1   Thumb Code   122  stm32f10x_tim.o(i.TIM_TimeBaseInit)
    UART4_IRQHandler                         0x08001175   Thumb Code   138  usart.o(i.UART4_IRQHandler)
    USART1_IRQHandler                        0x08001209   Thumb Code   128  usart.o(i.USART1_IRQHandler)
    USART2_IRQHandler                        0x08001295   Thumb Code   122  usart.o(i.USART2_IRQHandler)
    USART_ClearITPendingBit                  0x08001319   Thumb Code    30  stm32f10x_usart.o(i.USART_ClearITPendingBit)
    USART_Cmd                                0x08001337   Thumb Code    24  stm32f10x_usart.o(i.USART_Cmd)
    USART_GetFlagStatus                      0x0800134f   Thumb Code    26  stm32f10x_usart.o(i.USART_GetFlagStatus)
    USART_GetITStatus                        0x08001369   Thumb Code    84  stm32f10x_usart.o(i.USART_GetITStatus)
    USART_ITConfig                           0x080013bd   Thumb Code    74  stm32f10x_usart.o(i.USART_ITConfig)
    USART_Init                               0x08001409   Thumb Code   210  stm32f10x_usart.o(i.USART_Init)
    USART_OUT                                0x080014e1   Thumb Code   270  usart.o(i.USART_OUT)
    USART_ReceiveData                        0x080015f5   Thumb Code    10  stm32f10x_usart.o(i.USART_ReceiveData)
    USART_SendData                           0x080015ff   Thumb Code     8  stm32f10x_usart.o(i.USART_SendData)
    UsageFault_Handler                       0x08001607   Thumb Code     4  stm32f10x_it.o(i.UsageFault_Handler)
    _is_digit                                0x0800160b   Thumb Code    14  __printf_wp.o(i._is_digit)
    bsp_init                                 0x08001619   Thumb Code    58  bsp.o(i.bsp_init)
    bsp_nvic_init                            0x08001653   Thumb Code   158  bsp.o(i.bsp_nvic_init)
    bsp_rcc_init                             0x080016f1   Thumb Code    76  bsp.o(i.bsp_rcc_init)
    gpio_init                                0x0800173d   Thumb Code   398  bsp.o(i.gpio_init)
    gprs_check_cmd                           0x080018d9   Thumb Code    22  gprs.o(i.gprs_check_cmd)
    gprs_send_at                             0x080018f1   Thumb Code   174  gprs.o(i.gprs_send_at)
    gprs_send_data                           0x080019b1   Thumb Code    44  gprs.o(i.gprs_send_data)
    main                                     0x080019e9   Thumb Code   100  main.o(i.main)
    mqtt_keep_alive                          0x08001a9d   Thumb Code    80  transport.o(i.mqtt_keep_alive)
    timer2_init                              0x08001b0d   Thumb Code    78  timer.o(i.timer2_init)
    timer_delay_1ms                          0x08001b5d   Thumb Code    16  timer.o(i.timer_delay_1ms)
    timer_is_timeout_1ms                     0x08001b71   Thumb Code    32  timer.o(i.timer_is_timeout_1ms)
    transport_getdata                        0x08001b95   Thumb Code    54  transport.o(i.transport_getdata)
    transport_sendPacketBuffer               0x08001bd5   Thumb Code   114  transport.o(i.transport_sendPacketBuffer)
    usart1_init                              0x08001c69   Thumb Code    70  usart.o(i.usart1_init)
    usart1_recv_data                         0x08001cb5   Thumb Code    38  usart.o(i.usart1_recv_data)
    usart2_init                              0x08001ce5   Thumb Code    60  usart.o(i.usart2_init)
    usart2_recv_data                         0x08001d25   Thumb Code    60  usart.o(i.usart2_recv_data)
    usart4_init                              0x08001d6d   Thumb Code    60  usart.o(i.usart4_init)
    usart_send                               0x08001dad   Thumb Code   274  usart.o(i.usart_send)
    writeChar                                0x08001ec5   Thumb Code    12  mqttpacket.o(i.writeChar)
    Region$$Table$$Base                      0x08001ed0   Number         0  anon$$obj.o(Region$$Table)
    Region$$Table$$Limit                     0x08001ef0   Number         0  anon$$obj.o(Region$$Table)
    bell_flag                                0x20000000   Data           1  main.o(.data)
    Shaking                                  0x20000001   Data           1  main.o(.data)
    Shaking_Alarm_Flag                       0x20000002   Data           1  main.o(.data)
    Bat_V                                    0x20000004   Data           2  main.o(.data)
    Bat_Pre                                  0x20000006   Data           2  main.o(.data)
    Bat_Pre_Flag                             0x20000008   Data           1  main.o(.data)
    p1                                       0x2000000c   Data           4  main.o(.data)
    p2                                       0x20000010   Data           4  main.o(.data)
    lock_open_err_flag                       0x20000014   Data           1  main.o(.data)
    lock_close_err_flag                      0x20000015   Data           1  main.o(.data)
    Lock_Open                                0x20000016   Data           1  main.o(.data)
    Lock_Open_On                             0x20000017   Data           1  main.o(.data)
    Lock_Open_Off                            0x20000018   Data           1  main.o(.data)
    Lock_Close                               0x20000019   Data           1  main.o(.data)
    Lock_Close_On                            0x2000001a   Data           1  main.o(.data)
    Lock_Close_Off                           0x2000001b   Data           1  main.o(.data)
    lock_open_success_flag                   0x2000001c   Data           1  main.o(.data)
    flag                                     0x2000001d   Data           1  main.o(.data)
    second_flag                              0x2000001e   Data           1  main.o(.data)
    LOCK_ON_flag                             0x2000001f   Data           1  main.o(.data)
    LOCK_OFF_flag                            0x20000020   Data           1  main.o(.data)
    gps_flag                                 0x20000021   Data           1  main.o(.data)
    gps_err_cnt                              0x20000022   Data           1  main.o(.data)
    heartbeat_buff                           0x20000023   Data           2  main.o(.data)
    g_timeout_cnt                            0x20000028   Data           4  timer.o(.data)
    usart1_rx_buff                           0x2000002c   Data           4  usart.o(.data)
    usart2_rx_buff                           0x20000030   Data           4  usart.o(.data)
    usart3_rx_buff                           0x20000034   Data           4  usart.o(.data)
    usart4_rx_buff                           0x20000038   Data           4  usart.o(.data)
    mqtt_buff                                0x2000003c   Data           4  usart.o(.data)
    usart1_rx_status                         0x20000040   Data           1  usart.o(.data)
    usart2_rx_status                         0x20000041   Data           1  usart.o(.data)
    usart3_rx_status                         0x20000042   Data           1  usart.o(.data)
    usart4_rx_status                         0x20000043   Data           1  usart.o(.data)
    usart5_rx_status                         0x20000044   Data           1  usart.o(.data)
    mqtt_buff_len                            0x2000005c   Data           4  transport.o(.data)
    packet_id                                0x20000060   Data           4  transport.o(.data)
    toStop                                   0x20000064   Data           4  transport.o(.data)
    receiveText                              0x20000068   Data          24  main.o(.bss)
    expressText                              0x20000080   Data         512  main.o(.bss)
    cipherText                               0x20000280   Data         512  main.o(.bss)
    aesKey                                   0x20000480   Data          16  main.o(.bss)
    gpsx                                     0x20000490   Data         166  main.o(.bss)
    longitudedtbuf                           0x20000536   Data          30  main.o(.bss)
    latitudedtbuf                            0x20000554   Data          30  main.o(.bss)
    dtbuf                                    0x20000572   Data          50  main.o(.bss)
    lockbuf                                  0x200005a4   Data          16  main.o(.bss)
    lockbuff                                 0x200005b4   Data          16  main.o(.bss)
    send_buff                                0x200005c4   Data         100  main.o(.bss)
    protocol_buff                            0x20000628   Data         512  main.o(.bss)
    gps_buff                                 0x20000828   Data         512  main.o(.bss)
    tmp                                      0x20000a28   Data          20  main.o(.bss)
    g_timer_cnt                              0x20000a3c   Data          76  timer.o(.bss)
    __libspace_start                         0x20000c8c   Data          96  libspace.o(.bss)
    __temporary_stack_top$libspace           0x20000cec   Data           0  libspace.o(.bss)



==============================================================================

Memory Map of the image

  Image Entry point : 0x08000131

  Load Region LR_IROM1 (Base: 0x08000000, Size: 0x00001f58, Max: 0x00040000, ABSOLUTE)

    Execution Region ER_IROM1 (Base: 0x08000000, Size: 0x00001ef0, Max: 0x00040000, ABSOLUTE)

    Base Addr    Size         Type   Attr      Idx    E Section Name        Object

    0x08000000   0x00000130   Data   RO         4024    RESET               startup_stm32f10x_hd.o
    0x08000130   0x00000008   Code   RO         4674  * !!!main             c_w.l(__main.o)
    0x08000138   0x00000034   Code   RO         4945    !!!scatter          c_w.l(__scatter.o)
    0x0800016c   0x0000001a   Code   RO         4947    !!handler_copy      c_w.l(__scatter_copy.o)
    0x08000186   0x00000002   PAD
    0x08000188   0x0000001c   Code   RO         4949    !!handler_zi        c_w.l(__scatter_zi.o)
    0x080001a4   0x00000000   Code   RO         4651    .ARM.Collect$$_printf_percent$$00000000  c_w.l(_printf_percent.o)
    0x080001a4   0x00000006   Code   RO         4650    .ARM.Collect$$_printf_percent$$00000009  c_w.l(_printf_d.o)
    0x080001aa   0x00000004   Code   RO         4750    .ARM.Collect$$_printf_percent$$00000017  c_w.l(_printf_percent_end.o)
    0x080001ae   0x00000002   Code   RO         4882    .ARM.Collect$$libinit$$00000000  c_w.l(libinit.o)
    0x080001b0   0x00000000   Code   RO         4754    .ARM.Collect$$libinit$$00000002  c_w.l(libinit2.o)
    0x080001b0   0x00000000   Code   RO         4756    .ARM.Collect$$libinit$$00000004  c_w.l(libinit2.o)
    0x080001b0   0x00000000   Code   RO         4759    .ARM.Collect$$libinit$$0000000A  c_w.l(libinit2.o)
    0x080001b0   0x00000000   Code   RO         4761    .ARM.Collect$$libinit$$0000000C  c_w.l(libinit2.o)
    0x080001b0   0x00000000   Code   RO         4763    .ARM.Collect$$libinit$$0000000E  c_w.l(libinit2.o)
    0x080001b0   0x00000000   Code   RO         4766    .ARM.Collect$$libinit$$00000011  c_w.l(libinit2.o)
    0x080001b0   0x00000000   Code   RO         4768    .ARM.Collect$$libinit$$00000013  c_w.l(libinit2.o)
    0x080001b0   0x00000000   Code   RO         4770    .ARM.Collect$$libinit$$00000015  c_w.l(libinit2.o)
    0x080001b0   0x00000000   Code   RO         4772    .ARM.Collect$$libinit$$00000017  c_w.l(libinit2.o)
    0x080001b0   0x00000000   Code   RO         4774    .ARM.Collect$$libinit$$00000019  c_w.l(libinit2.o)
    0x080001b0   0x00000000   Code   RO         4776    .ARM.Collect$$libinit$$0000001B  c_w.l(libinit2.o)
    0x080001b0   0x00000000   Code   RO         4778    .ARM.Collect$$libinit$$0000001D  c_w.l(libinit2.o)
    0x080001b0   0x00000000   Code   RO         4780    .ARM.Collect$$libinit$$0000001F  c_w.l(libinit2.o)
    0x080001b0   0x00000000   Code   RO         4782    .ARM.Collect$$libinit$$00000021  c_w.l(libinit2.o)
    0x080001b0   0x00000000   Code   RO         4784    .ARM.Collect$$libinit$$00000023  c_w.l(libinit2.o)
    0x080001b0   0x00000000   Code   RO         4786    .ARM.Collect$$libinit$$00000025  c_w.l(libinit2.o)
    0x080001b0   0x00000000   Code   RO         4790    .ARM.Collect$$libinit$$0000002C  c_w.l(libinit2.o)
    0x080001b0   0x00000000   Code   RO         4792    .ARM.Collect$$libinit$$0000002E  c_w.l(libinit2.o)
    0x080001b0   0x00000000   Code   RO         4794    .ARM.Collect$$libinit$$00000030  c_w.l(libinit2.o)
    0x080001b0   0x00000000   Code   RO         4796    .ARM.Collect$$libinit$$00000032  c_w.l(libinit2.o)
    0x080001b0   0x00000002   Code   RO         4797    .ARM.Collect$$libinit$$00000033  c_w.l(libinit2.o)
    0x080001b2   0x00000002   Code   RO         4942    .ARM.Collect$$libshutdown$$00000000  c_w.l(libshutdown.o)
    0x080001b4   0x00000000   Code   RO         4898    .ARM.Collect$$libshutdown$$00000002  c_w.l(libshutdown2.o)
    0x080001b4   0x00000000   Code   RO         4900    .ARM.Collect$$libshutdown$$00000004  c_w.l(libshutdown2.o)
    0x080001b4   0x00000000   Code   RO         4903    .ARM.Collect$$libshutdown$$00000007  c_w.l(libshutdown2.o)
    0x080001b4   0x00000000   Code   RO         4906    .ARM.Collect$$libshutdown$$0000000A  c_w.l(libshutdown2.o)
    0x080001b4   0x00000000   Code   RO         4908    .ARM.Collect$$libshutdown$$0000000C  c_w.l(libshutdown2.o)
    0x080001b4   0x00000000   Code   RO         4911    .ARM.Collect$$libshutdown$$0000000F  c_w.l(libshutdown2.o)
    0x080001b4   0x00000002   Code   RO         4912    .ARM.Collect$$libshutdown$$00000010  c_w.l(libshutdown2.o)
    0x080001b6   0x00000000   Code   RO         4714    .ARM.Collect$$rtentry$$00000000  c_w.l(__rtentry.o)
    0x080001b6   0x00000000   Code   RO         4819    .ARM.Collect$$rtentry$$00000002  c_w.l(__rtentry2.o)
    0x080001b6   0x00000006   Code   RO         4831    .ARM.Collect$$rtentry$$00000004  c_w.l(__rtentry4.o)
    0x080001bc   0x00000000   Code   RO         4821    .ARM.Collect$$rtentry$$00000009  c_w.l(__rtentry2.o)
    0x080001bc   0x00000004   Code   RO         4822    .ARM.Collect$$rtentry$$0000000A  c_w.l(__rtentry2.o)
    0x080001c0   0x00000000   Code   RO         4824    .ARM.Collect$$rtentry$$0000000C  c_w.l(__rtentry2.o)
    0x080001c0   0x00000008   Code   RO         4825    .ARM.Collect$$rtentry$$0000000D  c_w.l(__rtentry2.o)
    0x080001c8   0x00000002   Code   RO         4887    .ARM.Collect$$rtexit$$00000000  c_w.l(rtexit.o)
    0x080001ca   0x00000000   Code   RO         4916    .ARM.Collect$$rtexit$$00000002  c_w.l(rtexit2.o)
    0x080001ca   0x00000004   Code   RO         4917    .ARM.Collect$$rtexit$$00000003  c_w.l(rtexit2.o)
    0x080001ce   0x00000006   Code   RO         4918    .ARM.Collect$$rtexit$$00000004  c_w.l(rtexit2.o)
    0x080001d4   0x00000040   Code   RO         4025    .text               startup_stm32f10x_hd.o
    0x08000214   0x0000002c   Code   RO         4614    .text               c_w.l(__2sprintf.o)
    0x08000240   0x00000078   Code   RO         4626    .text               c_w.l(_printf_dec.o)
    0x080002b8   0x0000010e   Code   RO         4636    .text               c_w.l(__printf_wp.o)
    0x080003c6   0x00000024   Code   RO         4652    .text               c_w.l(strstr.o)
    0x080003ea   0x0000008a   Code   RO         4662    .text               c_w.l(rt_memcpy_v6.o)
    0x08000474   0x00000064   Code   RO         4664    .text               c_w.l(rt_memcpy_w.o)
    0x080004d8   0x00000044   Code   RO         4668    .text               c_w.l(rt_memclr.o)
    0x0800051c   0x0000004e   Code   RO         4670    .text               c_w.l(rt_memclr_w.o)
    0x0800056a   0x00000006   Code   RO         4672    .text               c_w.l(heapauxi.o)
    0x08000570   0x000000b2   Code   RO         4740    .text               c_w.l(_printf_intcommon.o)
    0x08000622   0x00000002   PAD
    0x08000624   0x00000030   Code   RO         4742    .text               c_w.l(_printf_char_common.o)
    0x08000654   0x0000000a   Code   RO         4744    .text               c_w.l(_sputc.o)
    0x0800065e   0x00000002   PAD
    0x08000660   0x00000008   Code   RO         4815    .text               c_w.l(libspace.o)
    0x08000668   0x00000002   Code   RO         4858    .text               c_w.l(use_no_semi.o)
    0x0800066a   0x00000000   Code   RO         4860    .text               c_w.l(indicate_semi.o)
    0x0800066a   0x0000004a   Code   RO         4861    .text               c_w.l(sys_stackheap_outer.o)
    0x080006b4   0x00000012   Code   RO         4867    .text               c_w.l(exit.o)
    0x080006c6   0x00000002   PAD
    0x080006c8   0x0000000c   Code   RO         4885    .text               c_w.l(sys_exit.o)
    0x080006d4   0x00000016   Code   RO         1055    i.ADC_Cmd           stm32f10x_adc.o
    0x080006ea   0x00000002   PAD
    0x080006ec   0x0000005c   Code   RO         1057    i.ADC_DeInit        stm32f10x_adc.o
    0x08000748   0x00000014   Code   RO         1063    i.ADC_GetCalibrationStatus  stm32f10x_adc.o
    0x0800075c   0x00000014   Code   RO         1069    i.ADC_GetResetCalibrationStatus  stm32f10x_adc.o
    0x08000770   0x00000050   Code   RO         1073    i.ADC_Init          stm32f10x_adc.o
    0x080007c0   0x0000000a   Code   RO         1078    i.ADC_ResetCalibration  stm32f10x_adc.o
    0x080007ca   0x0000000a   Code   RO         1082    i.ADC_StartCalibration  stm32f10x_adc.o
    0x080007d4   0x0000008c   Code   RO          307    i.Adc_Init          adc.o
    0x08000860   0x00000004   Code   RO          147    i.BusFault_Handler  stm32f10x_it.o
    0x08000864   0x00000002   Code   RO          148    i.DebugMon_Handler  stm32f10x_it.o
    0x08000866   0x00000116   Code   RO         2191    i.GPIO_Init         stm32f10x_gpio.o
    0x0800097c   0x00000004   Code   RO          149    i.HardFault_Handler  stm32f10x_it.o
    0x08000980   0x00000058   Code   RO         4237    i.MQTTPacket_decode  mqttpacket.o
    0x080009d8   0x00000036   Code   RO         4240    i.MQTTPacket_encode  mqttpacket.o
    0x08000a0e   0x00000002   PAD
    0x08000a10   0x00000080   Code   RO         4243    i.MQTTPacket_read   mqttpacket.o
    0x08000a90   0x00000012   Code   RO         4078    i.MQTTSerialize_pingreq  mqttconnectclient.o
    0x08000aa2   0x0000004c   Code   RO         4079    i.MQTTSerialize_zero  mqttconnectclient.o
    0x08000aee   0x00000004   Code   RO          150    i.MemManage_Handler  stm32f10x_it.o
    0x08000af2   0x00000002   Code   RO          151    i.NMI_Handler       stm32f10x_it.o
    0x08000af4   0x00000070   Code   RO         1013    i.NVIC_Init         misc.o
    0x08000b64   0x00000014   Code   RO         1014    i.NVIC_PriorityGroupConfig  misc.o
    0x08000b78   0x00000002   Code   RO          152    i.PendSV_Handler    stm32f10x_it.o
    0x08000b7a   0x00000002   PAD
    0x08000b7c   0x00000018   Code   RO         2611    i.RCC_ADCCLKConfig  stm32f10x_rcc.o
    0x08000b94   0x00000020   Code   RO         2613    i.RCC_APB1PeriphClockCmd  stm32f10x_rcc.o
    0x08000bb4   0x00000020   Code   RO         2614    i.RCC_APB1PeriphResetCmd  stm32f10x_rcc.o
    0x08000bd4   0x00000020   Code   RO         2615    i.RCC_APB2PeriphClockCmd  stm32f10x_rcc.o
    0x08000bf4   0x00000020   Code   RO         2616    i.RCC_APB2PeriphResetCmd  stm32f10x_rcc.o
    0x08000c14   0x000000dc   Code   RO         2623    i.RCC_GetClocksFreq  stm32f10x_rcc.o
    0x08000cf0   0x00000002   Code   RO          153    i.SVC_Handler       stm32f10x_it.o
    0x08000cf2   0x00000008   Code   RO         4040    i.SetSysClock       system_stm32f10x.o
    0x08000cfa   0x00000002   PAD
    0x08000cfc   0x000000e0   Code   RO         4041    i.SetSysClockTo72   system_stm32f10x.o
    0x08000ddc   0x00000002   Code   RO          154    i.SysTick_Handler   stm32f10x_it.o
    0x08000dde   0x00000002   PAD
    0x08000de0   0x00000060   Code   RO         4043    i.SystemInit        system_stm32f10x.o
    0x08000e40   0x0000004c   Code   RO          417    i.TIM2_IRQHandler   timer.o
    0x08000e8c   0x00000006   Code   RO         3247    i.TIM_ClearFlag     stm32f10x_tim.o
    0x08000e92   0x00000006   Code   RO         3248    i.TIM_ClearITPendingBit  stm32f10x_tim.o
    0x08000e98   0x00000018   Code   RO         3253    i.TIM_Cmd           stm32f10x_tim.o
    0x08000eb0   0x000001e8   Code   RO         3258    i.TIM_DeInit        stm32f10x_tim.o
    0x08001098   0x00000022   Code   RO         3274    i.TIM_GetITStatus   stm32f10x_tim.o
    0x080010ba   0x00000012   Code   RO         3278    i.TIM_ITConfig      stm32f10x_tim.o
    0x080010cc   0x00000004   Code   RO         3318    i.TIM_SetCounter    stm32f10x_tim.o
    0x080010d0   0x000000a4   Code   RO         3324    i.TIM_TimeBaseInit  stm32f10x_tim.o
    0x08001174   0x00000094   Code   RO          455    i.UART4_IRQHandler  usart.o
    0x08001208   0x0000008c   Code   RO          456    i.USART1_IRQHandler  usart.o
    0x08001294   0x00000084   Code   RO          457    i.USART2_IRQHandler  usart.o
    0x08001318   0x0000001e   Code   RO         3786    i.USART_ClearITPendingBit  stm32f10x_usart.o
    0x08001336   0x00000018   Code   RO         3789    i.USART_Cmd         stm32f10x_usart.o
    0x0800134e   0x0000001a   Code   RO         3792    i.USART_GetFlagStatus  stm32f10x_usart.o
    0x08001368   0x00000054   Code   RO         3793    i.USART_GetITStatus  stm32f10x_usart.o
    0x080013bc   0x0000004a   Code   RO         3795    i.USART_ITConfig    stm32f10x_usart.o
    0x08001406   0x00000002   PAD
    0x08001408   0x000000d8   Code   RO         3796    i.USART_Init        stm32f10x_usart.o
    0x080014e0   0x00000114   Code   RO          458    i.USART_OUT         usart.o
    0x080015f4   0x0000000a   Code   RO         3803    i.USART_ReceiveData  stm32f10x_usart.o
    0x080015fe   0x00000008   Code   RO         3806    i.USART_SendData    stm32f10x_usart.o
    0x08001606   0x00000004   Code   RO          155    i.UsageFault_Handler  stm32f10x_it.o
    0x0800160a   0x0000000e   Code   RO         4638    i._is_digit         c_w.l(__printf_wp.o)
    0x08001618   0x0000003a   Code   RO          210    i.bsp_init          bsp.o
    0x08001652   0x0000009e   Code   RO          211    i.bsp_nvic_init     bsp.o
    0x080016f0   0x0000004c   Code   RO          212    i.bsp_rcc_init      bsp.o
    0x0800173c   0x0000019c   Code   RO          213    i.gpio_init         bsp.o
    0x080018d8   0x00000016   Code   RO          581    i.gprs_check_cmd    gprs.o
    0x080018ee   0x00000002   PAD
    0x080018f0   0x000000c0   Code   RO          585    i.gprs_send_at      gprs.o
    0x080019b0   0x00000038   Code   RO          586    i.gprs_send_data    gprs.o
    0x080019e8   0x000000b4   Code   RO           81    i.main              main.o
    0x08001a9c   0x00000070   Code   RO         4480    i.mqtt_keep_alive   transport.o
    0x08001b0c   0x0000004e   Code   RO          418    i.timer2_init       timer.o
    0x08001b5a   0x00000002   PAD
    0x08001b5c   0x00000014   Code   RO          419    i.timer_delay_1ms   timer.o
    0x08001b70   0x00000024   Code   RO          420    i.timer_is_timeout_1ms  timer.o
    0x08001b94   0x00000040   Code   RO         4485    i.transport_getdata  transport.o
    0x08001bd4   0x00000094   Code   RO         4487    i.transport_sendPacketBuffer  transport.o
    0x08001c68   0x0000004c   Code   RO          459    i.usart1_init       usart.o
    0x08001cb4   0x00000030   Code   RO          460    i.usart1_recv_data  usart.o
    0x08001ce4   0x00000040   Code   RO          461    i.usart2_init       usart.o
    0x08001d24   0x00000048   Code   RO          462    i.usart2_recv_data  usart.o
    0x08001d6c   0x00000040   Code   RO          463    i.usart4_init       usart.o
    0x08001dac   0x00000118   Code   RO          466    i.usart_send        usart.o
    0x08001ec4   0x0000000c   Code   RO         4252    i.writeChar         mqttpacket.o
    0x08001ed0   0x00000020   Data   RO         4943    Region$$Table       anon$$obj.o


    Execution Region RW_IRAM1 (Base: 0x20000000, Size: 0x000012f0, Max: 0x0000c000, ABSOLUTE)

    Base Addr    Size         Type   Attr      Idx    E Section Name        Object

    0x20000000   0x00000026   Data   RW           84    .data               main.o
    0x20000026   0x00000002   PAD
    0x20000028   0x00000004   Data   RW          422    .data               timer.o
    0x2000002c   0x00000019   Data   RW          468    .data               usart.o
    0x20000045   0x00000014   Data   RW         2643    .data               stm32f10x_rcc.o
    0x20000059   0x00000003   PAD
    0x2000005c   0x0000000c   Data   RW         4489    .data               transport.o
    0x20000068   0x000009d4   Zero   RW           83    .bss                main.o
    0x20000a3c   0x0000004c   Zero   RW          421    .bss                timer.o
    0x20000a88   0x00000202   Zero   RW          467    .bss                usart.o
    0x20000c8a   0x00000002   PAD
    0x20000c8c   0x00000060   Zero   RW         4816    .bss                c_w.l(libspace.o)
    0x20000cec   0x00000004   PAD
    0x20000cf0   0x00000200   Zero   RW         4023    HEAP                startup_stm32f10x_hd.o
    0x20000ef0   0x00000400   Zero   RW         4022    STACK               startup_stm32f10x_hd.o


==============================================================================

Image component sizes


      Code (inc. data)   RO Data    RW Data    ZI Data      Debug   Object Name

       140          8          0          0          0        551   adc.o
         0          0          0          0          0     262648   batt.o
       704         14          0          0          0       2122   bsp.o
       270         30          0          0          0       2618   gprs.o
       180         80          0         38       2516       4992   main.o
       132         22          0          0          0       1571   misc.o
        94          0          0          0          0       2377   mqttconnectclient.o
       282          8          0          0          0       2618   mqttpacket.o
        64         26        304          0       1536        908   startup_stm32f10x_hd.o
       254         24          0          0          0       6071   stm32f10x_adc.o
       278          0          0          0          0       1992   stm32f10x_gpio.o
        26          0          0          0          0       3506   stm32f10x_it.o
       372         58          0         20          0       6151   stm32f10x_rcc.o
       744        106          0          0          0       5484   stm32f10x_tim.o
       472          6          0          0          0       6879   stm32f10x_usart.o
       328         28          0          0          0       2105   system_stm32f10x.o
       210         16          0          4         76       2577   timer.o
       324         76          0         12          0       2898   transport.o
      1300         80          0         25        514       7478   usart.o

    ----------------------------------------------------------------------
      6190        582        336        104       4644     325546   Object Totals
         0          0         32          0          0          0   (incl. Generated)
        16          0          0          5          2          0   (incl. Padding)

    ----------------------------------------------------------------------

      Code (inc. data)   RO Data    RW Data    ZI Data      Debug   Library Member Name

        44          6          0          0          0         84   __2sprintf.o
         8          0          0          0          0         68   __main.o
       284          0          0          0          0        156   __printf_wp.o
         0          0          0          0          0          0   __rtentry.o
        12          0          0          0          0          0   __rtentry2.o
         6          0          0          0          0          0   __rtentry4.o
        52          8          0          0          0          0   __scatter.o
        26          0          0          0          0          0   __scatter_copy.o
        28          0          0          0          0          0   __scatter_zi.o
        48          6          0          0          0         96   _printf_char_common.o
         6          0          0          0          0          0   _printf_d.o
       120         16          0          0          0         92   _printf_dec.o
       178          0          0          0          0         88   _printf_intcommon.o
         0          0          0          0          0          0   _printf_percent.o
         4          0          0          0          0          0   _printf_percent_end.o
        10          0          0          0          0         68   _sputc.o
        18          0          0          0          0         80   exit.o
         6          0          0          0          0        152   heapauxi.o
         0          0          0          0          0          0   indicate_semi.o
         2          0          0          0          0          0   libinit.o
         2          0          0          0          0          0   libinit2.o
         2          0          0          0          0          0   libshutdown.o
         2          0          0          0          0          0   libshutdown2.o
         8          4          0          0         96         68   libspace.o
        68          0          0          0          0         68   rt_memclr.o
        78          0          0          0          0         80   rt_memclr_w.o
       138          0          0          0          0         68   rt_memcpy_v6.o
       100          0          0          0          0         80   rt_memcpy_w.o
         2          0          0          0          0          0   rtexit.o
        10          0          0          0          0          0   rtexit2.o
        36          0          0          0          0         80   strstr.o
        12          4          0          0          0         68   sys_exit.o
        74          0          0          0          0         80   sys_stackheap_outer.o
         2          0          0          0          0         68   use_no_semi.o

    ----------------------------------------------------------------------
      1394         44          0          0        100       1544   Library Totals
         8          0          0          0          4          0   (incl. Padding)

    ----------------------------------------------------------------------

      Code (inc. data)   RO Data    RW Data    ZI Data      Debug   Library Name

      1386         44          0          0         96       1544   c_w.l

    ----------------------------------------------------------------------
      1394         44          0          0        100       1544   Library Totals

    ----------------------------------------------------------------------

==============================================================================


      Code (inc. data)   RO Data    RW Data    ZI Data      Debug   

      7584        626        336        104       4744     322562   Grand Totals
      7584        626        336        104       4744     322562   ELF Image Totals
      7584        626        336        104          0          0   ROM Totals

==============================================================================

    Total RO  Size (Code + RO Data)                 7920 (   7.73kB)
    Total RW  Size (RW Data + ZI Data)              4848 (   4.73kB)
    Total ROM Size (Code + RO Data + RW Data)       8024 (   7.84kB)

==============================================================================

