Component: ARM Compiler 5.06 update 1 (build 61) Tool: armlink [4d35a8]

==============================================================================

Section Cross References

    main.o(i.Gps_Msg_Show) refers to _printf_pad.o(.text) for _printf_pre_padding
    main.o(i.Gps_Msg_Show) refers to _printf_percent.o(.ARM.Collect$$_printf_percent$$00000000) for _printf_percent
    main.o(i.Gps_Msg_Show) refers to _printf_f.o(.ARM.Collect$$_printf_percent$$00000003) for _printf_f
    main.o(i.Gps_Msg_Show) refers to _printf_c.o(.ARM.Collect$$_printf_percent$$00000013) for _printf_c
    main.o(i.Gps_Msg_Show) refers to printf1.o(x$fpl$printf1) for _printf_fp_dec
    main.o(i.Gps_Msg_Show) refers to _printf_str.o(.text) for _printf_str
    main.o(i.Gps_Msg_Show) refers to fflt_clz.o(x$fpl$ffltu) for __aeabi_ui2f
    main.o(i.Gps_Msg_Show) refers to fdiv.o(x$fpl$fdiv) for __aeabi_fdiv
    main.o(i.Gps_Msg_Show) refers to f2d.o(x$fpl$f2d) for __aeabi_f2d
    main.o(i.Gps_Msg_Show) refers to __2sprintf.o(.text) for __2sprintf
    main.o(i.Gps_Msg_Show) refers to fflt_clz.o(x$fpl$fflt) for __aeabi_i2f
    main.o(i.Gps_Msg_Show) refers to main.o(.bss) for gpsx
    main.o(i.main) refers to _printf_percent.o(.ARM.Collect$$_printf_percent$$00000000) for _printf_percent
    main.o(i.main) refers to _printf_s.o(.ARM.Collect$$_printf_percent$$00000014) for _printf_s
    main.o(i.main) refers to _printf_str.o(.text) for _printf_str
    main.o(i.main) refers to _printf_c.o(.ARM.Collect$$_printf_percent$$00000013) for _printf_c
    main.o(i.main) refers to bsp.o(i.bsp_init) for bsp_init
    main.o(i.main) refers to usart_1.o(i.USART_OUT) for USART_OUT
    main.o(i.main) refers to stm32f10x_gpio.o(i.GPIO_SetBits) for GPIO_SetBits
    main.o(i.main) refers to gprs.o(i.gprs_config) for gprs_config
    main.o(i.main) refers to app_md5.o(i.MakeFile_MD5_Checksum) for MakeFile_MD5_Checksum
    main.o(i.main) refers to usart_1.o(i.usart3_recv_data) for usart3_recv_data
    main.o(i.main) refers to gps_1.o(i.GPS_Analysis) for GPS_Analysis
    main.o(i.main) refers to main.o(i.Gps_Msg_Show) for Gps_Msg_Show
    main.o(i.main) refers to rt_memclr.o(.text) for __aeabi_memclr
    main.o(i.main) refers to __2sprintf.o(.text) for __2sprintf
    main.o(i.main) refers to gprs.o(i.gprs_send_at) for gprs_send_at
    main.o(i.main) refers to aes.o(i.AES_Encrypt) for AES_Encrypt
    main.o(i.main) refers to stm32f10x_gpio.o(i.GPIO_ResetBits) for GPIO_ResetBits
    main.o(i.main) refers to timer_1.o(i.timer_is_timeout_1ms) for timer_is_timeout_1ms
    main.o(i.main) refers to usart_1.o(i.usart1_recv_data) for usart1_recv_data
    main.o(i.main) refers to usart_1.o(i.usart2_recv_data) for usart2_recv_data
    main.o(i.main) refers to adc_1.o(i.Get_Adc_Average) for Get_Adc_Average
    main.o(i.main) refers to strstr.o(.text) for strstr
    main.o(i.main) refers to strncmp.o(.text) for strncmp
    main.o(i.main) refers to strcpy.o(.text) for strcpy
    main.o(i.main) refers to aes.o(i.AES_Decrypt) for AES_Decrypt
    main.o(i.main) refers to stm32f10x_gpio.o(i.GPIO_ReadInputDataBit) for GPIO_ReadInputDataBit
    main.o(i.main) refers to bsp.o(i.lock_stop) for lock_stop
    main.o(i.main) refers to bsp.o(i.lock_close) for lock_close
    main.o(i.main) refers to gprs.o(.data) for gprs_status
    main.o(i.main) refers to gprs.o(.bss) for PARK_LOCK_Buffer
    main.o(i.main) refers to main.o(.data) for gps_send_flag
    main.o(i.main) refers to main.o(.bss) for gps_buff
    main.o(i.main) refers to bsp.o(i.lock_open) for lock_open
    main.o(i.main) refers to bsp.o(i.lock_off_status_get) for lock_off_status_get
    main.o(i.main) refers to bsp.o(i.lock_on_status_get) for lock_on_status_get
    main.o(i.main) refers to timer_1.o(i.timer_delay_1ms) for timer_delay_1ms
    main.o(i.main) refers to button.o(i.button_get_value) for button_get_value
    main.o(i.test_encrypt_ecb) refers to _printf_percent.o(.ARM.Collect$$_printf_percent$$00000000) for _printf_percent
    main.o(i.test_encrypt_ecb) refers to _printf_c.o(.ARM.Collect$$_printf_percent$$00000013) for _printf_c
    main.o(i.test_encrypt_ecb) refers to _printf_s.o(.ARM.Collect$$_printf_percent$$00000014) for _printf_s
    main.o(i.test_encrypt_ecb) refers to _printf_str.o(.text) for _printf_str
    main.o(i.test_encrypt_ecb) refers to __2sprintf.o(.text) for __2sprintf
    main.o(i.test_encrypt_ecb) refers to usart_1.o(i.USART_OUT) for USART_OUT
    main.o(i.test_encrypt_ecb) refers to aes128.o(i.AES_init_ctx) for AES_init_ctx
    main.o(i.test_encrypt_ecb) refers to aes128.o(i.AES_ECB_encrypt) for AES_ECB_encrypt
    main.o(i.test_encrypt_ecb) refers to memcmp.o(.text) for memcmp
    main.o(i.test_encrypt_ecb) refers to main.o(.bss) for expressText
    system_stm32f10x.o(i.SetSysClock) refers to system_stm32f10x.o(i.SetSysClockTo72) for SetSysClockTo72
    system_stm32f10x.o(i.SystemCoreClockUpdate) refers to system_stm32f10x.o(.data) for SystemCoreClock
[...]
    i.lock_off_status_get                    0x08005658   Section        0  bsp.o(i.lock_off_status_get)
    i.lock_on_status_get                     0x08005690   Section        0  bsp.o(i.lock_on_status_get)
    i.lock_open                              0x080056c8   Section        0  bsp.o(i.lock_open)
    i.lock_stop                              0x080056e0   Section        0  bsp.o(i.lock_stop)
    i.main                                   0x080056f8   Section        0  main.o(i.main)
    i.timer2_init                            0x08006310   Section        0  timer_1.o(i.timer2_init)
    i.timer_delay_1ms                        0x08006360   Section        0  timer_1.o(i.timer_delay_1ms)
    i.timer_is_timeout_1ms                   0x08006374   Section        0  timer_1.o(i.timer_is_timeout_1ms)
    i.usart1_init                            0x08006398   Section        0  usart_1.o(i.usart1_init)
    i.usart1_recv_data                       0x080063e4   Section        0  usart_1.o(i.usart1_recv_data)
    i.usart2_init                            0x08006424   Section        0  usart_1.o(i.usart2_init)
    i.usart2_recv_data                       0x08006464   Section        0  usart_1.o(i.usart2_recv_data)
    i.usart3_recv_data                       0x080064a8   Section        0  usart_1.o(i.usart3_recv_data)
    locale$$code                             0x080064ec   Section       44  lc_numeric_c.o(locale$$code)
    x$fpl$dadd                               0x08006518   Section      336  daddsub_clz.o(x$fpl$dadd)
    _dadd1                                   0x08006529   Thumb Code     0  daddsub_clz.o(x$fpl$dadd)
    x$fpl$dcmpinf                            0x08006668   Section       24  dcmpi.o(x$fpl$dcmpinf)
    x$fpl$dfix                               0x08006680   Section       94  dfix.o(x$fpl$dfix)
    x$fpl$dflt                               0x080066de   Section       46  dflt_clz.o(x$fpl$dflt)
    x$fpl$dleqf                              0x0800670c   Section      120  dleqf.o(x$fpl$dleqf)
    x$fpl$dnaninf                            0x08006784   Section      156  dnaninf.o(x$fpl$dnaninf)
    x$fpl$dretinf                            0x08006820   Section       12  dretinf.o(x$fpl$dretinf)
    x$fpl$drleqf                             0x0800682c   Section      108  drleqf.o(x$fpl$drleqf)
    x$fpl$drsb                               0x08006898   Section       22  daddsub_clz.o(x$fpl$drsb)
    x$fpl$dsub                               0x080068b0   Section      468  daddsub_clz.o(x$fpl$dsub)
    _dsub1                                   0x080068c1   Thumb Code     0  daddsub_clz.o(x$fpl$dsub)
    x$fpl$f2d                                0x08006a84   Section       86  f2d.o(x$fpl$f2d)
    x$fpl$fadd                               0x08006adc   Section      196  faddsub_clz.o(x$fpl$fadd)
    _fadd1                                   0x08006aeb   Thumb Code     0  faddsub_clz.o(x$fpl$fadd)
    x$fpl$fdiv                               0x08006ba0   Section      388  fdiv.o(x$fpl$fdiv)
    _fdiv1                                   0x08006ba1   Thumb Code     0  fdiv.o(x$fpl$fdiv)
    x$fpl$ffixu                              0x08006d24   Section       62  ffixu.o(x$fpl$ffixu)
    x$fpl$fflt                               0x08006d64   Section       48  fflt_clz.o(x$fpl$fflt)
    x$fpl$ffltu                              0x08006d94   Section       38  fflt_clz.o(x$fpl$ffltu)
    x$fpl$fmul                               0x08006dbc   Section      258  fmul.o(x$fpl$fmul)
    x$fpl$fnaninf                            0x08006ebe   Section      140  fnaninf.o(x$fpl$fnaninf)
    x$fpl$fretinf                            0x08006f4a   Section       10  fretinf.o(x$fpl$fretinf)
    x$fpl$fsub                               0x08006f54   Section      234  faddsub_clz.o(x$fpl$fsub)
    _fsub1                                   0x08006f63   Thumb Code     0  faddsub_clz.o(x$fpl$fsub)
    x$fpl$printf1                            0x0800703e   Section        4  printf1.o(x$fpl$printf1)
    .constdata                               0x08007042   Section      767  aes.o(.constdata)
    x$fpl$usenofp                            0x08007042   Section        0  usenofp.o(x$fpl$usenofp)
    .constdata                               0x08007341   Section       17  __printf_flags_ss_wp.o(.constdata)
    maptable                                 0x08007341   Data          17  __printf_flags_ss_wp.o(.constdata)
    .constdata                               0x08007354   Section      148  bigflt0.o(.constdata)
    tenpwrs_x                                0x08007354   Data          60  bigflt0.o(.constdata)
    tenpwrs_i                                0x08007390   Data          64  bigflt0.o(.constdata)
    locale$$data                             0x08007408   Section       28  lc_numeric_c.o(locale$$data)
    __lcnum_c_name                           0x0800740c   Data           2  lc_numeric_c.o(locale$$data)
    __lcnum_c_start                          0x08007414   Data           0  lc_numeric_c.o(locale$$data)
    __lcnum_c_point                          0x08007420   Data           0  lc_numeric_c.o(locale$$data)
    __lcnum_c_thousands                      0x08007422   Data           0  lc_numeric_c.o(locale$$data)
    __lcnum_c_grouping                       0x08007423   Data           0  lc_numeric_c.o(locale$$data)
    __lcnum_c_end                            0x08007424   Data           0  lc_numeric_c.o(locale$$data)
    .data                                    0x20000000   Section       40  main.o(.data)
    gps_send_flag                            0x20000027   Data           1  main.o(.data)
    .data                                    0x20000028   Section       20  stm32f10x_rcc.o(.data)
    APBAHBPrescTable                         0x20000028   Data          16  stm32f10x_rcc.o(.data)
    ADCPrescTable                            0x20000038   Data           4  stm32f10x_rcc.o(.data)
    .data                                    0x2000003c   Section        4  timer_1.o(.data)
    .data                                    0x20000040   Section        2  usart3_1.o(.data)
    .data                                    0x20000044   Section       23  usart_1.o(.data)
    .data                                    0x2000005c   Section        8  gprs.o(.data)
    gprs_init_flag                           0x20000063   Data           1  gprs.o(.data)
    .data                                    0x20000064   Section       77  aes.o(.data)
    Base64Encode                             0x20000070   Data          65  aes.o(.data)
    .data                                    0x200000b1   Section       80  app_md5.o(.data)
    PADDING                                  0x200000c1   Data          64  app_md5.o(.data)
    .bss                                     0x20000104   Section     2516  main.o(.bss)
    .bss                                     0x20000ad8   Section       60  timer_1.o(.bss)
    .bss                                     0x20000b18   Section     1024  usart3_1.o(.bss)
    .bss                                     0x20000f18   Section     2050  usart_1.o(.bss)
    sb                                       0x20000f18   Data         514  usart_1.o(.bss)
    .bss                                     0x2000171a   Section      529  gprs.o(.bss)
    .bss                                     0x2000192b   Section      396  aes.o(.bss)
    .bss                                     0x20001ab8   Section       96  libspace.o(.bss)
    HEAP                                     0x20001b18   Section      512  startup_stm32f10x_hd.o(HEAP)
    Heap_Mem                                 0x20001b18   Data         512  startup_stm32f10x_hd.o(HEAP)
    STACK                                    0x20001d18   Section     1024  startup_stm32f10x_hd.o(STACK)
    Stack_Mem                                0x20001d18   Data        1024  startup_stm32f10x_hd.o(STACK)
    __initial_sp                             0x20002118   Data           0  startup_stm32f10x_hd.o(STACK)

    Global Symbols

    Symbol Name                              Value     Ov Type        Size  Object(Section)

    BuildAttributes$$THM_ISAv4$P$D$K$B$S$PE$A:L22UL41UL21$X:L11$S22US41US21$IEEE1$IW$USESV6$~STKCKD$USESV7$~SHL$OTIME$ROPI$IEEEJ$EBA8$UX$STANDARDLIB$REQ8$PRES8$EABIv2 0x00000000   Number         0  anon$$obj.o ABSOLUTE
    __ARM_use_no_argv                        0x00000000   Number         0  main.o ABSOLUTE
    _printf_flags                            0x00000000   Number         0  printf_stubs.o ABSOLUTE
    _printf_return_value                     0x00000000   Number         0  printf_stubs.o ABSOLUTE
    _printf_sizespec                         0x00000000   Number         0  printf_stubs.o ABSOLUTE
    _printf_widthprec                        0x00000000   Number         0  printf_stubs.o ABSOLUTE
    __ARM_exceptions_init                     - Undefined Weak Reference
    __alloca_initialize                       - Undefined Weak Reference
    __arm_preinit_                            - Undefined Weak Reference
    __cpp_initialize__aeabi_                  - Undefined Weak Reference
    __cxa_finalize                            - Undefined Weak Reference
    __sigvec_lookup                           - Undefined Weak Reference
    __user_heap_extent                        - Undefined Weak Reference
    _atexit_init                              - Undefined Weak Reference
    _call_atexit_fns                          - Undefined Weak Reference
    _clock_init                               - Undefined Weak Reference
    _fp_trap_init                             - Undefined Weak Reference
    _fp_trap_shutdown                         - Undefined Weak Reference
    _get_lc_collate                           - Undefined Weak Reference
    _get_lc_monetary                          - Undefined Weak Reference
    _get_lc_time                              - Undefined Weak Reference
    _getenv_init                              - Undefined Weak Reference
    _handle_redirection                       - Undefined Weak Reference
    _initio                                   - Undefined Weak Reference
    _mutex_acquire                            - Undefined Weak Reference
    _mutex_free                               - Undefined Weak Reference
    _mutex_release                            - Undefined Weak Reference
    _printf_fp_hex                            - Undefined Weak Reference
    _printf_mbtowc                            - Undefined Weak Reference
    _printf_wc                                - Undefined Weak Reference
    _rand_init                                - Undefined Weak Reference
    _signal_finish                            - Undefined Weak Reference
    _signal_init                              - Undefined Weak Reference
    _terminateio                              - Undefined Weak Reference
    __Vectors_Size                           0x00000130   Number         0  startup_stm32f10x_hd.o ABSOLUTE
    __Vectors                                0x08000000   Data           4  startup_stm32f10x_hd.o(RESET)
    __Vectors_End                            0x08000130   Data           0  startup_stm32f10x_hd.o(RESET)
    __main                                   0x08000131   Thumb Code     8  __main.o(!!!main)
    __scatterload                            0x08000139   Thumb Code     0  __scatter.o(!!!scatter)
    __scatterload_rt2                        0x08000139   Thumb Code    44  __scatter.o(!!!scatter)
    __scatterload_rt2_thumb_only             0x08000139   Thumb Code     0  __scatter.o(!!!scatter)
    __scatterload_null                       0x08000147   Thumb Code     0  __scatter.o(!!!scatter)
    __scatterload_copy                       0x0800016d   Thumb Code    26  __scatter_copy.o(!!handler_copy)
    __scatterload_zeroinit                   0x08000189   Thumb Code    28  __scatter_zi.o(!!handler_zi)
    _printf_f                                0x080001a5   Thumb Code     0  _printf_f.o(.ARM.Collect$$_printf_percent$$00000003)
    _printf_percent                          0x080001a5   Thumb Code     0  _printf_percent.o(.ARM.Collect$$_printf_percent$$00000000)
    _printf_d                                0x080001ab   Thumb Code     0  _printf_d.o(.ARM.Collect$$_printf_percent$$00000009)
    _printf_c                                0x080001b1   Thumb Code     0  _printf_c.o(.ARM.Collect$$_printf_percent$$00000013)
    _printf_s                                0x080001b7   Thumb Code     0  _printf_s.o(.ARM.Collect$$_printf_percent$$00000014)
    _printf_percent_end                      0x080001bd   Thumb Code     0  _printf_percent_end.o(.ARM.Collect$$_printf_percent$$00000017)
    __rt_lib_init                            0x080001c1   Thumb Code     0  libinit.o(.ARM.Collect$$libinit$$00000000)
    __rt_lib_init_fp_1                       0x080001c3   Thumb Code     0  libinit2.o(.ARM.Collect$$libinit$$00000002)
    __rt_lib_init_heap_2                     0x080001c3   Thumb Code     0  libinit2.o(.ARM.Collect$$libinit$$00000005)
    __rt_lib_init_preinit_1                  0x080001c3   Thumb Code     0  libinit2.o(.ARM.Collect$$libinit$$00000004)
    __rt_lib_init_heap_1                     0x080001cb   Thumb Code     0  libinit2.o(.ARM.Collect$$libinit$$0000000A)
    __rt_lib_init_lc_common                  0x080001cb   Thumb Code     0  libinit2.o(.ARM.Collect$$libinit$$0000000F)
    __rt_lib_init_rand_1                     0x080001cb   Thumb Code     0  libinit2.o(.ARM.Collect$$libinit$$0000000E)
    __rt_lib_init_user_alloc_1               0x080001cb   Thumb Code     0  libinit2.o(.ARM.Collect$$libinit$$0000000C)
    __rt_lib_init_lc_collate_1               0x080001d1   Thumb Code     0  libinit2.o(.ARM.Collect$$libinit$$00000011)
    __rt_lib_init_lc_ctype_1                 0x080001d1   Thumb Code     0  libinit2.o(.ARM.Collect$$libinit$$00000013)
    __rt_lib_init_lc_monetary_1              0x080001d1   Thumb Code     0  libinit2.o(.ARM.Collect$$libinit$$00000015)
    __rt_lib_init_lc_numeric_2               0x080001d1   Thumb Code     0  libinit2.o(.ARM.Collect$$libinit$$00000016)
    __rt_lib_init_alloca_1                   0x080001db   Thumb Code     0  libinit2.o(.ARM.Collect$$libinit$$0000002E)
    __rt_lib_init_argv_1                     0x080001db   Thumb Code     0  libinit2.o(.ARM.Collect$$libinit$$0000002C)
    __rt_lib_init_atexit_1                   0x080001db   Thumb Code     0  libinit2.o(.ARM.Collect$$libinit$$0000001B)
    __rt_lib_init_clock_1                    0x080001db   Thumb Code     0  libinit2.o(.ARM.Collect$$libinit$$00000021)
    __rt_lib_init_cpp_1                      0x080001db   Thumb Code     0  libinit2.o(.ARM.Collect$$libinit$$00000032)
    __rt_lib_init_exceptions_1               0x080001db   Thumb Code     0  libinit2.o(.ARM.Collect$$libinit$$00000030)
    __rt_lib_init_fp_trap_1                  0x080001db   Thumb Code     0  libinit2.o(.ARM.Collect$$libinit$$0000001F)
    __rt_lib_init_getenv_1                   0x080001db   Thumb Code     0  libinit2.o(.ARM.Collect$$libinit$$00000023)
    __rt_lib_init_lc_numeric_1               0x080001db   Thumb Code     0  libinit2.o(.ARM.Collect$$libinit$$00000017)
    __rt_lib_init_lc_time_1                  0x080001db   Thumb Code     0  libinit2.o(.ARM.Collect$$libinit$$00000019)
    __rt_lib_init_return                     0x080001db   Thumb Code     0  libinit2.o(.ARM.Collect$$libinit$$00000033)
    __rt_lib_init_signal_1                   0x080001db   Thumb Code     0  libinit2.o(.ARM.Collect$$libinit$$0000001D)
    __rt_lib_init_stdio_1                    0x080001db   Thumb Code     0  libinit2.o(.ARM.Collect$$libinit$$00000025)
    __rt_lib_shutdown                        0x080001dd   Thumb Code     0  libshutdown.o(.ARM.Collect$$libshutdown$$00000000)
    __rt_lib_shutdown_cpp_1                  0x080001df   Thumb Code     0  libshutdown2.o(.ARM.Collect$$libshutdown$$00000002)
    __rt_lib_shutdown_fp_trap_1              0x080001df   Thumb Code     0  libshutdown2.o(.ARM.Collect$$libshutdown$$00000007)
    __rt_lib_shutdown_heap_1                 0x080001df   Thumb Code     0  libshutdown2.o(.ARM.Collect$$libshutdown$$0000000F)
    __rt_lib_shutdown_return                 0x080001df   Thumb Code     0  libshutdown2.o(.ARM.Collect$$libshutdown$$00000010)
    __rt_lib_shutdown_signal_1               0x080001df   Thumb Code     0  libshutdown2.o(.ARM.Collect$$libshutdown$$0000000A)
    __rt_lib_shutdown_stdio_1                0x080001df   Thumb Code     0  libshutdown2.o(.ARM.Collect$$libshutdown$$00000004)
    __rt_lib_shutdown_user_alloc_1           0x080001df   Thumb Code     0  libshutdown2.o(.ARM.Collect$$libshutdown$$0000000C)
    __rt_entry                               0x080001e1   Thumb Code     0  __rtentry.o(.ARM.Collect$$rtentry$$00000000)
    __rt_entry_presh_1                       0x080001e1   Thumb Code     0  __rtentry2.o(.ARM.Collect$$rtentry$$00000002)
    __rt_entry_sh                            0x080001e1   Thumb Code     0  __rtentry4.o(.ARM.Collect$$rtentry$$00000004)
    __rt_entry_li                            0x080001e7   Thumb Code     0  __rtentry2.o(.ARM.Collect$$rtentry$$0000000A)
    __rt_entry_postsh_1                      0x080001e7   Thumb Code     0  __rtentry2.o(.ARM.Collect$$rtentry$$00000009)
    __rt_entry_main                          0x080001eb   Thumb Code     0  __rtentry2.o(.ARM.Collect$$rtentry$$0000000D)
    __rt_entry_postli_1                      0x080001eb   Thumb Code     0  __rtentry2.o(.ARM.Collect$$rtentry$$0000000C)
    __rt_exit                                0x080001f3   Thumb Code     0  rtexit.o(.ARM.Collect$$rtexit$$00000000)
    __rt_exit_ls                             0x080001f5   Thumb Code     0  rtexit2.o(.ARM.Collect$$rtexit$$00000003)
    __rt_exit_prels_1                        0x080001f5   Thumb Code     0  rtexit2.o(.ARM.Collect$$rtexit$$00000002)
    __rt_exit_exit                           0x080001f9   Thumb Code     0  rtexit2.o(.ARM.Collect$$rtexit$$00000004)
    Reset_Handler                            0x08000201   Thumb Code     8  startup_stm32f10x_hd.o(.text)
    _maybe_terminate_alloc                   0x08000201   Thumb Code     0  maybetermalloc1.o(.emb_text)
    ADC1_2_IRQHandler                        0x0800021b   Thumb Code     0  startup_stm32f10x_hd.o(.text)
    ADC3_IRQHandler                          0x0800021b   Thumb Code     0  startup_stm32f10x_hd.o(.text)
    CAN1_RX1_IRQHandler                      0x0800021b   Thumb Code     0  startup_stm32f10x_hd.o(.text)
    CAN1_SCE_IRQHandler                      0x0800021b   Thumb Code     0  startup_stm32f10x_hd.o(.text)
    DMA1_Channel1_IRQHandler                 0x0800021b   Thumb Code     0  startup_stm32f10x_hd.o(.text)
    DMA1_Channel2_IRQHandler                 0x0800021b   Thumb Code     0  startup_stm32f10x_hd.o(.text)
    DMA1_Channel3_IRQHandler                 0x0800021b   Thumb Code     0  startup_stm32f10x_hd.o(.text)
    DMA1_Channel4_IRQHandler                 0x0800021b   Thumb Code     0  startup_stm32f10x_hd.o(.text)
    DMA1_Channel5_IRQHandler                 0x0800021b   Thumb Code     0  startup_stm32f10x_hd.o(.text)
    DMA1_Channel6_IRQHandler                 0x0800021b   Thumb Code     0  startup_stm32f10x_hd.o(.text)
    DMA1_Channel7_IRQHandler                 0x0800021b   Thumb Code     0  startup_stm32f10x_hd.o(.text)
    DMA2_Channel1_IRQHandler                 0x0800021b   Thumb Code     0  startup_stm32f10x_hd.o(.text)
    DMA2_Channel2_IRQHandler                 0x0800021b   Thumb Code     0  startup_stm32f10x_hd.o(.text)
    DMA2_Channel3_IRQHandler                 0x0800021b   Thumb Code     0  startup_stm32f10x_hd.o(.text)
    DMA2_Channel4_5_IRQHandler               0x0800021b   Thumb Code     0  startup_stm32f10x_hd.o(.text)
    EXTI0_IRQHandler                         0x0800021b   Thumb Code     0  startup_stm32f10x_hd.o(.text)
    EXTI15_10_IRQHandler                     0x0800021b   Thumb Code     0  startup_stm32f10x_hd.o(.text)
    EXTI1_IRQHandler                         0x0800021b   Thumb Code     0  startup_stm32f10x_hd.o(.text)
    EXTI2_IRQHandler                         0x0800021b   Thumb Code     0  startup_stm32f10x_hd.o(.text)
    EXTI3_IRQHandler                         0x0800021b   Thumb Code     0  startup_stm32f10x_hd.o(.text)
    EXTI4_IRQHandler                         0x0800021b   Thumb Code     0  startup_stm32f10x_hd.o(.text)
    EXTI9_5_IRQHandler                       0x0800021b   Thumb Code     0  startup_stm32f10x_hd.o(.text)
    FLASH_IRQHandler                         0x0800021b   Thumb Code     0  startup_stm32f10x_hd.o(.text)
    FSMC_IRQHandler                          0x0800021b   Thumb Code     0  startup_stm32f10x_hd.o(.text)
    I2C1_ER_IRQHandler                       0x0800021b   Thumb Code     0  startup_stm32f10x_hd.o(.text)
    I2C1_EV_IRQHandler                       0x0800021b   Thumb Code     0  startup_stm32f10x_hd.o(.text)
    I2C2_ER_IRQHandler                       0x0800021b   Thumb Code     0  startup_stm32f10x_hd.o(.text)
    I2C2_EV_IRQHandler                       0x0800021b   Thumb Code     0  startup_stm32f10x_hd.o(.text)
    PVD_IRQHandler                           0x0800021b   Thumb Code     0  startup_stm32f10x_hd.o(.text)
    RCC_IRQHandler                           0x0800021b   Thumb Code     0  startup_stm32f10x_hd.o(.text)
    RTCAlarm_IRQHandler                      0x0800021b   Thumb Code     0  startup_stm32f10x_hd.o(.text)
    RTC_IRQHandler                           0x0800021b   Thumb Code     0  startup_stm32f10x_hd.o(.text)
    SDIO_IRQHandler                          0x0800021b   Thumb Code     0  startup_stm32f10x_hd.o(.text)
    SPI1_IRQHandler                          0x0800021b   Thumb Code     0  startup_stm32f10x_hd.o(.text)
    SPI2_IRQHandler                          0x0800021b   Thumb Code     0  startup_stm32f10x_hd.o(.text)
    SPI3_IRQHandler                          0x0800021b   Thumb Code     0  startup_stm32f10x_hd.o(.text)
    TAMPER_IRQHandler                        0x0800021b   Thumb Code     0  startup_stm32f10x_hd.o(.text)
    TIM1_BRK_IRQHandler                      0x0800021b   Thumb Code     0  startup_stm32f10x_hd.o(.text)
    TIM1_CC_IRQHandler                       0x0800021b   Thumb Code     0  startup_stm32f10x_hd.o(.text)
    TIM1_TRG_COM_IRQHandler                  0x0800021b   Thumb Code     0  startup_stm32f10x_hd.o(.text)
    TIM1_UP_IRQHandler                       0x0800021b   Thumb Code     0  startup_stm32f10x_hd.o(.text)
    TIM3_IRQHandler                          0x0800021b   Thumb Code     0  startup_stm32f10x_hd.o(.text)
    TIM5_IRQHandler                          0x0800021b   Thumb Code     0  startup_stm32f10x_hd.o(.text)
    TIM6_IRQHandler                          0x0800021b   Thumb Code     0  startup_stm32f10x_hd.o(.text)
    TIM7_IRQHandler                          0x0800021b   Thumb Code     0  startup_stm32f10x_hd.o(.text)
    TIM8_BRK_IRQHandler                      0x0800021b   Thumb Code     0  startup_stm32f10x_hd.o(.text)
    TIM8_CC_IRQHandler                       0x0800021b   Thumb Code     0  startup_stm32f10x_hd.o(.text)
    TIM8_TRG_COM_IRQHandler                  0x0800021b   Thumb Code     0  startup_stm32f10x_hd.o(.text)
    TIM8_UP_IRQHandler                       0x0800021b   Thumb Code     0  startup_stm32f10x_hd.o(.text)
    UART4_IRQHandler                         0x0800021b   Thumb Code     0  startup_stm32f10x_hd.o(.text)
    UART5_IRQHandler                         0x0800021b   Thumb Code     0  startup_stm32f10x_hd.o(.text)
    USBWakeUp_IRQHandler                     0x0800021b   Thumb Code     0  startup_stm32f10x_hd.o(.text)
    USB_HP_CAN1_TX_IRQHandler                0x0800021b   Thumb Code     0  startup_stm32f10x_hd.o(.text)
    USB_LP_CAN1_RX0_IRQHandler               0x0800021b   Thumb Code     0  startup_stm32f10x_hd.o(.text)
    WWDG_IRQHandler                          0x0800021b   Thumb Code     0  startup_stm32f10x_hd.o(.text)
    __user_initial_stackheap                 0x0800021d   Thumb Code     0  startup_stm32f10x_hd.o(.text)
    malloc                                   0x08000241   Thumb Code    94  h1_alloc.o(.text)
    free                                     0x0800029f   Thumb Code    78  h1_free.o(.text)
    __2sprintf                               0x080002ed   Thumb Code    38  __2sprintf.o(.text)
    _printf_pre_padding                      0x08000319   Thumb Code    44  _printf_pad.o(.text)
    _printf_post_padding                     0x08000345   Thumb Code    34  _printf_pad.o(.text)
    _printf_str                              0x08000367   Thumb Code    82  _printf_str.o(.text)
    _printf_int_dec                          0x080003b9   Thumb Code   104  _printf_dec.o(.text)
    __printf                                 0x08000431   Thumb Code   388  __printf_flags_ss_wp.o(.text)
    strstr                                   0x080005b9   Thumb Code    36  strstr.o(.text)
    strcpy                                   0x080005dd   Thumb Code    72  strcpy.o(.text)
    strlen                                   0x08000625   Thumb Code    62  strlen.o(.text)
    strncmp                                  0x08000663   Thumb Code   150  strncmp.o(.text)
    __aeabi_memcpy                           0x080006f9   Thumb Code     0  rt_memcpy_v6.o(.text)
    __rt_memcpy                              0x080006f9   Thumb Code   138  rt_memcpy_v6.o(.text)
    _memcpy_lastbytes                        0x0800075f   Thumb Code     0  rt_memcpy_v6.o(.text)
    __aeabi_memset                           0x08000783   Thumb Code    16  aeabi_memset.o(.text)
    __aeabi_memclr                           0x08000793   Thumb Code     0  rt_memclr.o(.text)
    __rt_memclr                              0x08000793   Thumb Code    68  rt_memclr.o(.text)
    _memset                                  0x08000797   Thumb Code     0  rt_memclr.o(.text)
    __aeabi_memclr4                          0x080007d7   Thumb Code     0  rt_memclr_w.o(.text)
    __aeabi_memclr8                          0x080007d7   Thumb Code     0  rt_memclr_w.o(.text)
    __rt_memclr_w                            0x080007d7   Thumb Code    78  rt_memclr_w.o(.text)
    _memset_w                                0x080007db   Thumb Code     0  rt_memclr_w.o(.text)
    __use_two_region_memory                  0x08000825   Thumb Code     2  heapauxi.o(.text)
    __rt_heap_escrow                         0x08000827   Thumb Code     2  heapauxi.o(.text)
    __rt_heap_expand                         0x08000829   Thumb Code     2  heapauxi.o(.text)
    __rt_heap_descriptor                     0x0800082d   Thumb Code     8  rt_heap_descriptor_intlibspace.o(.text)
    __use_no_heap                            0x08000835   Thumb Code     2  hguard.o(.text)
    __heap$guard                             0x08000837   Thumb Code     2  hguard.o(.text)
    _terminate_user_alloc                    0x08000839   Thumb Code     2  init_alloc.o(.text)
    _init_user_alloc                         0x0800083b   Thumb Code     2  init_alloc.o(.text)
    __Heap_Full                              0x0800083d   Thumb Code    34  init_alloc.o(.text)
    __Heap_Broken                            0x0800085f   Thumb Code     6  init_alloc.o(.text)
    _init_alloc                              0x08000865   Thumb Code    94  init_alloc.o(.text)
    __Heap_Initialize                        0x080008c3   Thumb Code    10  h1_init.o(.text)
    __Heap_DescSize                          0x080008cd   Thumb Code     4  h1_init.o(.text)
    _printf_int_common                       0x080008d1   Thumb Code   178  _printf_intcommon.o(.text)
    __lib_sel_fp_printf                      0x08000983   Thumb Code     2  _printf_fp_dec.o(.text)
    _printf_fp_dec_real                      0x08000b31   Thumb Code   620  _printf_fp_dec.o(.text)
    _printf_char_common                      0x08000da7   Thumb Code    32  _printf_char_common.o(.text)
    _sputc                                   0x08000dcd   Thumb Code    10  _sputc.o(.text)
    _printf_cs_common                        0x08000dd7   Thumb Code    20  _printf_char.o(.text)
    _printf_char                             0x08000deb   Thumb Code    16  _printf_char.o(.text)
    _printf_string                           0x08000dfb   Thumb Code     8  _printf_char.o(.text)
    __aeabi_memcpy4                          0x08000e03   Thumb Code     0  rt_memcpy_w.o(.text)
    __aeabi_memcpy8                          0x08000e03   Thumb Code     0  rt_memcpy_w.o(.text)
    __rt_memcpy_w                            0x08000e03   Thumb Code   100  rt_memcpy_w.o(.text)
    _memcpy_lastbytes_aligned                0x08000e4b   Thumb Code     0  rt_memcpy_w.o(.text)
    __user_libspace                          0x08000e69   Thumb Code     8  libspace.o(.text)
    __user_perproc_libspace                  0x08000e69   Thumb Code     0  libspace.o(.text)
    __user_perthread_libspace                0x08000e69   Thumb Code     0  libspace.o(.text)
    __rt_locale                              0x08000e71   Thumb Code     8  rt_locale_intlibspace.o(.text)
    __Heap_ProvideMemory                     0x08000e79   Thumb Code    52  h1_extend.o(.text)
    _ll_udiv10                               0x08000ead   Thumb Code   138  lludiv10.o(.text)
    _printf_fp_infnan                        0x08000f39   Thumb Code   112  _printf_fp_infnan.o(.text)
    _btod_etento                             0x08000fb9   Thumb Code   216  bigflt0.o(.text)
    __rt_SIGRTMEM                            0x08001095   Thumb Code    14  defsig_rtmem_outer.o(.text)
    __I$use$semihosting                      0x080010a3   Thumb Code     0  use_no_semi.o(.text)
    __use_no_semihosting_swi                 0x080010a3   Thumb Code     2  use_no_semi.o(.text)
    __semihosting_library_function           0x080010a5   Thumb Code     0  indicate_semi.o(.text)
    __user_setup_stackheap                   0x080010a5   Thumb Code    74  sys_stackheap_outer.o(.text)
    exit                                     0x080010ef   Thumb Code    18  exit.o(.text)
    __sig_exit                               0x08001101   Thumb Code    10  defsig_exit.o(.text)
    __rt_SIGRTMEM_inner                      0x0800110d   Thumb Code    22  defsig_rtmem_inner.o(.text)
    strcmp                                   0x0800115d   Thumb Code   128  strcmpv7m.o(.text)
    _sys_exit                                0x080011dd   Thumb Code     8  sys_exit.o(.text)
    __default_signal_display                 0x080011e9   Thumb Code    50  defsig_general.o(.text)
    _ttywrch                                 0x0800121b   Thumb Code    14  sys_wrch.o(.text)
    _btod_d2e                                0x08001229   Thumb Code    62  btod.o(CL$$btod_d2e)
    _d2e_denorm_low                          0x08001267   Thumb Code    70  btod.o(CL$$btod_d2e_denorm_low)
    _d2e_norm_op1                            0x080012ad   Thumb Code    96  btod.o(CL$$btod_d2e_norm_op1)
    __btod_div_common                        0x0800130d   Thumb Code   696  btod.o(CL$$btod_div_common)
    _e2e                                     0x08001645   Thumb Code   198  btod.o(CL$$btod_e2e)
    _btod_ediv                               0x0800170b   Thumb Code    40  btod.o(CL$$btod_ediv)
    _btod_emul                               0x08001733   Thumb Code    40  btod.o(CL$$btod_emul)
    __btod_mult_common                       0x0800175b   Thumb Code   580  btod.o(CL$$btod_mult_common)
    ADC_Cmd                                  0x0800199f   Thumb Code    22  stm32f10x_adc.o(i.ADC_Cmd)
    ADC_DeInit                               0x080019b5   Thumb Code    78  stm32f10x_adc.o(i.ADC_DeInit)
    ADC_GetCalibrationStatus                 0x08001a11   Thumb Code    20  stm32f10x_adc.o(i.ADC_GetCalibrationStatus)
    ADC_GetConversionValue                   0x08001a25   Thumb Code     8  stm32f10x_adc.o(i.ADC_GetConversionValue)
    ADC_GetFlagStatus                        0x08001a2d   Thumb Code    18  stm32f10x_adc.o(i.ADC_GetFlagStatus)
    ADC_GetResetCalibrationStatus            0x08001a3f   Thumb Code    20  stm32f10x_adc.o(i.ADC_GetResetCalibrationStatus)
    ADC_Init                                 0x08001a55   Thumb Code    70  stm32f10x_adc.o(i.ADC_Init)
    ADC_RegularChannelConfig                 0x08001aa5   Thumb Code   184  stm32f10x_adc.o(i.ADC_RegularChannelConfig)
    ADC_ResetCalibration                     0x08001b5d   Thumb Code    10  stm32f10x_adc.o(i.ADC_ResetCalibration)
    ADC_SoftwareStartConvCmd                 0x08001b67   Thumb Code    22  stm32f10x_adc.o(i.ADC_SoftwareStartConvCmd)
    ADC_StartCalibration                     0x08001b7d   Thumb Code    10  stm32f10x_adc.o(i.ADC_StartCalibration)
    AES_Decrypt                              0x08001b87   Thumb Code   130  aes.o(i.AES_Decrypt)
    AES_Encrypt                              0x08001c09   Thumb Code    86  aes.o(i.AES_Encrypt)
    Adc_Init                                 0x08001c61   Thumb Code   132  adc_1.o(i.Adc_Init)
    AddRoundKey                              0x08001ced   Thumb Code    56  aes.o(i.AddRoundKey)
    Base64Decode                             0x08001d2d   Thumb Code   182  aes.o(i.Base64Decode)
    Base64Encode                             0x08001de5   Thumb Code   186  aes.o(i.Base64Encode)
    BusFault_Handler                         0x08001ea5   Thumb Code     4  stm32f10x_it.o(i.BusFault_Handler)
    Cipher                                   0x08001ea9   Thumb Code   132  aes.o(i.Cipher)
    DMA_DeInit                               0x08001f3d   Thumb Code   324  stm32f10x_dma.o(i.DMA_DeInit)
    DMA_Init                                 0x08002089   Thumb Code    60  stm32f10x_dma.o(i.DMA_Init)
    DebugMon_Handler                         0x080020c5   Thumb Code     2  stm32f10x_it.o(i.DebugMon_Handler)
    GPIO_Init                                0x08002137   Thumb Code   278  stm32f10x_gpio.o(i.GPIO_Init)
    GPIO_ReadInputDataBit                    0x0800224d   Thumb Code    18  stm32f10x_gpio.o(i.GPIO_ReadInputDataBit)
    GPIO_ResetBits                           0x0800225f   Thumb Code     4  stm32f10x_gpio.o(i.GPIO_ResetBits)
    GPIO_SetBits                             0x08002263   Thumb Code     4  stm32f10x_gpio.o(i.GPIO_SetBits)
    GPS_Analysis                             0x08002267   Thumb Code    16  gps_1.o(i.GPS_Analysis)
    GetBase64Value                           0x08002277   Thumb Code    78  aes.o(i.GetBase64Value)
    Get_Adc                                  0x080022c5   Thumb Code    46  adc_1.o(i.Get_Adc)
    Get_Adc_Average                          0x080022f9   Thumb Code    46  adc_1.o(i.Get_Adc_Average)
    Gps_Msg_Show                             0x08002329   Thumb Code   154  main.o(i.Gps_Msg_Show)
    HardFault_Handler                        0x08002421   Thumb Code     4  stm32f10x_it.o(i.HardFault_Handler)
    InvCipher                                0x08002425   Thumb Code   132  aes.o(i.InvCipher)
    InvMixColumns                            0x080024b9   Thumb Code  2512  aes.o(i.InvMixColumns)
    InvShiftRows                             0x08002e8d   Thumb Code    60  aes.o(i.InvShiftRows)
    InvSubBytes                              0x08002ecd   Thumb Code    44  aes.o(i.InvSubBytes)
    KeyExpansion                             0x08002efd   Thumb Code   442  aes.o(i.KeyExpansion)
    MD5Final                                 0x080030cd   Thumb Code    84  app_md5.o(i.MD5Final)
    MD5Init                                  0x08003125   Thumb Code    30  app_md5.o(i.MD5Init)
    MD5Update                                0x08003929   Thumb Code   132  app_md5.o(i.MD5Update)
    MakeFile_MD5_Checksum                    0x080039ad   Thumb Code    86  app_md5.o(i.MakeFile_MD5_Checksum)
    MemManage_Handler                        0x08003a0d   Thumb Code     4  stm32f10x_it.o(i.MemManage_Handler)
    MixColumns                               0x08003a11   Thumb Code   222  aes.o(i.MixColumns)
    NMEA_Comma_Pos                           0x08003af5   Thumb Code    50  gps_1.o(i.NMEA_Comma_Pos)
    NMEA_GNRMC_Analysis                      0x08003b29   Thumb Code   516  gps_1.o(i.NMEA_GNRMC_Analysis)
    NMEA_Pow                                 0x08003d39   Thumb Code    22  gps_1.o(i.NMEA_Pow)
    NMEA_Str2num                             0x08003d4f   Thumb Code   234  gps_1.o(i.NMEA_Str2num)
    NMI_Handler                              0x08003e39   Thumb Code     2  stm32f10x_it.o(i.NMI_Handler)
    NVIC_Init                                0x08003e3d   Thumb Code   100  misc.o(i.NVIC_Init)
    NVIC_PriorityGroupConfig                 0x08003ead   Thumb Code    10  misc.o(i.NVIC_PriorityGroupConfig)
    PendSV_Handler                           0x08003ec1   Thumb Code     2  stm32f10x_it.o(i.PendSV_Handler)
    RCC_ADCCLKConfig                         0x08003ec5   Thumb Code    18  stm32f10x_rcc.o(i.RCC_ADCCLKConfig)
    RCC_AHBPeriphClockCmd                    0x08003edd   Thumb Code    26  stm32f10x_rcc.o(i.RCC_AHBPeriphClockCmd)
    RCC_APB1PeriphClockCmd                   0x08003efd   Thumb Code    26  stm32f10x_rcc.o(i.RCC_APB1PeriphClockCmd)
    RCC_APB1PeriphResetCmd                   0x08003f1d   Thumb Code    26  stm32f10x_rcc.o(i.RCC_APB1PeriphResetCmd)
    RCC_APB2PeriphClockCmd                   0x08003f3d   Thumb Code    26  stm32f10x_rcc.o(i.RCC_APB2PeriphClockCmd)
    RCC_APB2PeriphResetCmd                   0x08003f5d   Thumb Code    26  stm32f10x_rcc.o(i.RCC_APB2PeriphResetCmd)
    RCC_GetClocksFreq                        0x08003f7d   Thumb Code   192  stm32f10x_rcc.o(i.RCC_GetClocksFreq)
    SVC_Handler                              0x08004059   Thumb Code     2  stm32f10x_it.o(i.SVC_Handler)
    ShiftRows                                0x08004145   Thumb Code    64  aes.o(i.ShiftRows)
    SubBytes                                 0x08004189   Thumb Code    44  aes.o(i.SubBytes)
    SysTick_Handler                          0x080041b9   Thumb Code     2  stm32f10x_it.o(i.SysTick_Handler)
    SystemInit                               0x080041bd   Thumb Code    78  system_stm32f10x.o(i.SystemInit)
    TIM2_IRQHandler                          0x0800421d   Thumb Code    68  timer_1.o(i.TIM2_IRQHandler)
    TIM4_IRQHandler                          0x08004269   Thumb Code    40  usart3_1.o(i.TIM4_IRQHandler)
    TIM4_Init                                0x08004299   Thumb Code    82  usart3_1.o(i.TIM4_Init)
    TIM4_Set                                 0x080042f1   Thumb Code    34  usart3_1.o(i.TIM4_Set)
    TIM_ClearFlag                            0x08004319   Thumb Code     6  stm32f10x_tim.o(i.TIM_ClearFlag)
    TIM_ClearITPendingBit                    0x0800431f   Thumb Code     6  stm32f10x_tim.o(i.TIM_ClearITPendingBit)
    TIM_Cmd                                  0x08004325   Thumb Code    24  stm32f10x_tim.o(i.TIM_Cmd)
    TIM_DeInit                               0x0800433d   Thumb Code   424  stm32f10x_tim.o(i.TIM_DeInit)
    TIM_GetITStatus                          0x08004525   Thumb Code    34  stm32f10x_tim.o(i.TIM_GetITStatus)
    TIM_ITConfig                             0x08004547   Thumb Code    18  stm32f10x_tim.o(i.TIM_ITConfig)
    TIM_SetCounter                           0x08004559   Thumb Code     4  stm32f10x_tim.o(i.TIM_SetCounter)
    TIM_TimeBaseInit                         0x0800455d   Thumb Code   122  stm32f10x_tim.o(i.TIM_TimeBaseInit)
    UART_DMA_Config                          0x08004601   Thumb Code    72  usart3_1.o(i.UART_DMA_Config)
    USART1_IRQHandler                        0x08004649   Thumb Code   130  usart_1.o(i.USART1_IRQHandler)
    USART2_IRQHandler                        0x080046e1   Thumb Code   118  usart_1.o(i.USART2_IRQHandler)
    USART3_IRQHandler                        0x08004769   Thumb Code   118  usart_1.o(i.USART3_IRQHandler)
    USART3_Init                              0x080047f1   Thumb Code   210  usart3_1.o(i.USART3_Init)
    USART_ClearITPendingBit                  0x080048d9   Thumb Code    30  stm32f10x_usart.o(i.USART_ClearITPendingBit)
    USART_Cmd                                0x080048f7   Thumb Code    24  stm32f10x_usart.o(i.USART_Cmd)
    USART_DMACmd                             0x0800490f   Thumb Code    18  stm32f10x_usart.o(i.USART_DMACmd)
    USART_DeInit                             0x08004921   Thumb Code   134  stm32f10x_usart.o(i.USART_DeInit)
    USART_GetFlagStatus                      0x080049bd   Thumb Code    26  stm32f10x_usart.o(i.USART_GetFlagStatus)
    USART_GetITStatus                        0x080049d7   Thumb Code    84  stm32f10x_usart.o(i.USART_GetITStatus)
    USART_ITConfig                           0x08004a2b   Thumb Code    74  stm32f10x_usart.o(i.USART_ITConfig)
    USART_Init                               0x08004a75   Thumb Code   210  stm32f10x_usart.o(i.USART_Init)
    USART_OUT                                0x08004b4d   Thumb Code   270  usart_1.o(i.USART_OUT)
    USART_ReceiveData                        0x08004c61   Thumb Code    10  stm32f10x_usart.o(i.USART_ReceiveData)
    USART_SendData                           0x08004c6b   Thumb Code     8  stm32f10x_usart.o(i.USART_SendData)
    UsageFault_Handler                       0x08004c73   Thumb Code     4  stm32f10x_it.o(i.UsageFault_Handler)
    __ARM_fpclassify                         0x08004c77   Thumb Code    40  fpclassify.o(i.__ARM_fpclassify)
    _is_digit                                0x08004c9f   Thumb Code    14  __printf_wp.o(i._is_digit)
    bsp_init                                 0x08004cad   Thumb Code    58  bsp.o(i.bsp_init)
    bsp_nvic_init                            0x08004ce7   Thumb Code   128  bsp.o(i.bsp_nvic_init)
    bsp_rcc_init                             0x08004d67   Thumb Code    68  bsp.o(i.bsp_rcc_init)
    button_get_value                         0x08004dad   Thumb Code    50  button.o(i.button_get_value)
    ceil                                     0x08004de5   Thumb Code   204  ceil.o(i.ceil)
    decrypt                                  0x08004ec1   Thumb Code   160  aes.o(i.decrypt)
    encrypt                                  0x08004f79   Thumb Code   166  aes.o(i.encrypt)
    getSBoxInvert                            0x08005039   Thumb Code     8  aes.o(i.getSBoxInvert)
    getSBoxValue                             0x08005045   Thumb Code     8  aes.o(i.getSBoxValue)
    gpio_init                                0x08005051   Thumb Code   348  bsp.o(i.gpio_init)
    gprs_check_cmd                           0x080051b9   Thumb Code    20  gprs.o(i.gprs_check_cmd)
    gprs_config                              0x080051d1   Thumb Code   746  gprs.o(i.gprs_config)
    gprs_power_on                            0x08005589   Thumb Code     2  gprs.o(i.gprs_power_on)
    gprs_send_at                             0x0800558d   Thumb Code   158  gprs.o(i.gprs_send_at)
    lock_close                               0x08005641   Thumb Code    20  bsp.o(i.lock_close)
    lock_off_status_get                      0x08005659   Thumb Code    52  bsp.o(i.lock_off_status_get)
    lock_on_status_get                       0x08005691   Thumb Code    52  bsp.o(i.lock_on_status_get)
    lock_open                                0x080056c9   Thumb Code    20  bsp.o(i.lock_open)
    lock_stop                                0x080056e1   Thumb Code    20  bsp.o(i.lock_stop)
    main                                     0x080056f9   Thumb Code  2986  main.o(i.main)
    timer2_init                              0x08006311   Thumb Code    78  timer_1.o(i.timer2_init)
    timer_delay_1ms                          0x08006361   Thumb Code    16  timer_1.o(i.timer_delay_1ms)
    timer_is_timeout_1ms                     0x08006375   Thumb Code    32  timer_1.o(i.timer_is_timeout_1ms)
    usart1_init                              0x08006399   Thumb Code    70  usart_1.o(i.usart1_init)
    usart1_recv_data                         0x080063e5   Thumb Code    46  usart_1.o(i.usart1_recv_data)
    usart2_init                              0x08006425   Thumb Code    60  usart_1.o(i.usart2_init)
    usart2_recv_data                         0x08006465   Thumb Code    50  usart_1.o(i.usart2_recv_data)
    usart3_recv_data                         0x080064a9   Thumb Code    50  usart_1.o(i.usart3_recv_data)
    _get_lc_numeric                          0x080064ed   Thumb Code    44  lc_numeric_c.o(locale$$code)
    __aeabi_dadd                             0x08006519   Thumb Code     0  daddsub_clz.o(x$fpl$dadd)
    _dadd                                    0x08006519   Thumb Code   332  daddsub_clz.o(x$fpl$dadd)
    __fpl_dcmp_Inf                           0x08006669   Thumb Code    24  dcmpi.o(x$fpl$dcmpinf)
    __aeabi_d2iz                             0x08006681   Thumb Code     0  dfix.o(x$fpl$dfix)
    _dfix                                    0x08006681   Thumb Code    94  dfix.o(x$fpl$dfix)
    __aeabi_i2d                              0x080066df   Thumb Code     0  dflt_clz.o(x$fpl$dflt)
    _dflt                                    0x080066df   Thumb Code    46  dflt_clz.o(x$fpl$dflt)
    __aeabi_cdcmple                          0x0800670d   Thumb Code     0  dleqf.o(x$fpl$dleqf)
    _dcmple                                  0x0800670d   Thumb Code   120  dleqf.o(x$fpl$dleqf)
    __fpl_dcmple_InfNaN                      0x0800676f   Thumb Code     0  dleqf.o(x$fpl$dleqf)
    __fpl_dnaninf                            0x08006785   Thumb Code   156  dnaninf.o(x$fpl$dnaninf)
    __fpl_dretinf                            0x08006821   Thumb Code    12  dretinf.o(x$fpl$dretinf)
    __aeabi_cdrcmple                         0x0800682d   Thumb Code     0  drleqf.o(x$fpl$drleqf)
    _drcmple                                 0x0800682d   Thumb Code   108  drleqf.o(x$fpl$drleqf)
    __aeabi_drsub                            0x08006899   Thumb Code     0  daddsub_clz.o(x$fpl$drsb)
    _drsb                                    0x08006899   Thumb Code    22  daddsub_clz.o(x$fpl$drsb)
    __aeabi_dsub                             0x080068b1   Thumb Code     0  daddsub_clz.o(x$fpl$dsub)
    _dsub                                    0x080068b1   Thumb Code   464  daddsub_clz.o(x$fpl$dsub)
    __aeabi_f2d                              0x08006a85   Thumb Code     0  f2d.o(x$fpl$f2d)
    _f2d                                     0x08006a85   Thumb Code    86  f2d.o(x$fpl$f2d)
    __aeabi_fadd                             0x08006add   Thumb Code     0  faddsub_clz.o(x$fpl$fadd)
    _fadd                                    0x08006add   Thumb Code   196  faddsub_clz.o(x$fpl$fadd)
    __aeabi_fdiv                             0x08006ba1   Thumb Code     0  fdiv.o(x$fpl$fdiv)
    _fdiv                                    0x08006ba1   Thumb Code   384  fdiv.o(x$fpl$fdiv)
    __aeabi_f2uiz                            0x08006d25   Thumb Code     0  ffixu.o(x$fpl$ffixu)
    _ffixu                                   0x08006d25   Thumb Code    62  ffixu.o(x$fpl$ffixu)
    __aeabi_i2f                              0x08006d65   Thumb Code     0  fflt_clz.o(x$fpl$fflt)
    _fflt                                    0x08006d65   Thumb Code    48  fflt_clz.o(x$fpl$fflt)
    __aeabi_ui2f                             0x08006d95   Thumb Code     0  fflt_clz.o(x$fpl$ffltu)
    _ffltu                                   0x08006d95   Thumb Code    38  fflt_clz.o(x$fpl$ffltu)
    __aeabi_fmul                             0x08006dbd   Thumb Code     0  fmul.o(x$fpl$fmul)
    _fmul                                    0x08006dbd   Thumb Code   258  fmul.o(x$fpl$fmul)
    __fpl_fnaninf                            0x08006ebf   Thumb Code   140  fnaninf.o(x$fpl$fnaninf)
    __fpl_fretinf                            0x08006f4b   Thumb Code    10  fretinf.o(x$fpl$fretinf)
    __aeabi_fsub                             0x08006f55   Thumb Code     0  faddsub_clz.o(x$fpl$fsub)
    _fsub                                    0x08006f55   Thumb Code   234  faddsub_clz.o(x$fpl$fsub)
    _printf_fp_dec                           0x0800703f   Thumb Code     4  printf1.o(x$fpl$printf1)
    __I$use$fp                               0x08007042   Number         0  usenofp.o(x$fpl$usenofp)
    rsbox                                    0x08007042   Data         256  aes.o(.constdata)
    sbox                                     0x08007142   Data         256  aes.o(.constdata)
    Rcon                                     0x08007242   Data         255  aes.o(.constdata)
    Region$$Table$$Base                      0x080073e8   Number         0  anon$$obj.o(Region$$Table)
    Region$$Table$$Limit                     0x08007408   Number         0  anon$$obj.o(Region$$Table)
    bell_flag                                0x20000000   Data           1  main.o(.data)
    Shaking                                  0x20000001   Data           1  main.o(.data)
    Shaking_Alarm_Flag                       0x20000002   Data           1  main.o(.data)
    Bat_V                                    0x20000004   Data           2  main.o(.data)
    Bat_Pre                                  0x20000006   Data           2  main.o(.data)
    Bat_Pre_Flag                             0x20000008   Data           1  main.o(.data)
    p1                                       0x2000000c   Data           4  main.o(.data)
    p2                                       0x20000010   Data           4  main.o(.data)
    lock_open_err_flag                       0x20000014   Data           1  main.o(.data)
    lock_close_err_flag                      0x20000015   Data           1  main.o(.data)
    Lock_Open                                0x20000016   Data           1  main.o(.data)
    Lock_Open_On                             0x20000017   Data           1  main.o(.data)
    Lock_Open_Off                            0x20000018   Data           1  main.o(.data)
    Lock_Open_Tim5s                          0x20000019   Data           1  main.o(.data)
    Lock_Close                               0x2000001a   Data           1  main.o(.data)
    Lock_Close_On                            0x2000001b   Data           1  main.o(.data)
    Lock_Close_Off                           0x2000001c   Data           1  main.o(.data)
    Lock_Close_Tim5s                         0x2000001d   Data           1  main.o(.data)
    lock_open_success_flag                   0x2000001e   Data           1  main.o(.data)
    flag                                     0x2000001f   Data           1  main.o(.data)
    second_flag                              0x20000020   Data           1  main.o(.data)
    LOCK_ON_flag                             0x20000021   Data           1  main.o(.data)
    LOCK_OFF_flag                            0x20000022   Data           1  main.o(.data)
    gps_flag                                 0x20000023   Data           1  main.o(.data)
    gps_err_cnt                              0x20000024   Data           1  main.o(.data)
    heartbeat_buff                           0x20000025   Data           2  main.o(.data)
    g_timeout_cnt                            0x2000003c   Data           4  timer_1.o(.data)
    USART3_RX_STA                            0x20000040   Data           2  usart3_1.o(.data)
    usart1_rx_buff                           0x20000044   Data           4  usart_1.o(.data)
    usart2_rx_buff                           0x20000048   Data           4  usart_1.o(.data)
    usart3_rx_buff                           0x2000004c   Data           4  usart_1.o(.data)
    usart1_cnt                               0x20000050   Data           2  usart_1.o(.data)
    usart2_cnt                               0x20000052   Data           2  usart_1.o(.data)
    usart3_cnt                               0x20000054   Data           2  usart_1.o(.data)
    usart1_rx_status                         0x20000056   Data           1  usart_1.o(.data)
    usart2_rx_status                         0x20000057   Data           1  usart_1.o(.data)
    usart3_rx_status                         0x20000058   Data           1  usart_1.o(.data)
    usart4_rx_status                         0x20000059   Data           1  usart_1.o(.data)
    usart5_rx_status                         0x2000005a   Data           1  usart_1.o(.data)
    gprs_err_cnt                             0x2000005c   Data           1  gprs.o(.data)
    gprs_status                              0x2000005d   Data           1  gprs.o(.data)
    gprs_rx_cnt                              0x2000005e   Data           2  gprs.o(.data)
    gprs_send_at_flag                        0x20000060   Data           1  gprs.o(.data)
    gprs_rx_flag                             0x20000061   Data           1  gprs.o(.data)
    topic_id                                 0x20000062   Data           1  gprs.o(.data)
    Nr                                       0x20000064   Data           4  aes.o(.data)
    Nk                                       0x20000068   Data           4  aes.o(.data)
    Nc                                       0x2000006c   Data           4  aes.o(.data)
    bcd2ascii                                0x200000b1   Data          16  app_md5.o(.data)
    receiveText                              0x20000104   Data          24  main.o(.bss)
    expressText                              0x2000011c   Data         512  main.o(.bss)
    cipherText                               0x2000031c   Data         512  main.o(.bss)
    aesKey                                   0x2000051c   Data          16  main.o(.bss)
    gpsx                                     0x2000052c   Data         166  main.o(.bss)
    longitudedtbuf                           0x200005d2   Data          30  main.o(.bss)
    latitudedtbuf                            0x200005f0   Data          30  main.o(.bss)
    dtbuf                                    0x2000060e   Data          50  main.o(.bss)
    lockbuf                                  0x20000640   Data          16  main.o(.bss)
    lockbuff                                 0x20000650   Data          16  main.o(.bss)
    send_buff                                0x20000660   Data         100  main.o(.bss)
    protocol_buff                            0x200006c4   Data         512  main.o(.bss)
    gps_buff                                 0x200008c4   Data         512  main.o(.bss)
    tmp                                      0x20000ac4   Data          20  main.o(.bss)
    g_timer_cnt                              0x20000ad8   Data          60  timer_1.o(.bss)
    USART3_TX_BUF                            0x20000b18   Data         512  usart3_1.o(.bss)
    USART3_RX_BUF                            0x20000d18   Data         512  usart3_1.o(.bss)
    usart1_buff                              0x2000111a   Data         512  usart_1.o(.bss)
    usart2_buff                              0x2000131a   Data         512  usart_1.o(.bss)
    usart3_buff                              0x2000151a   Data         512  usart_1.o(.bss)
    gprs_rx_buf                              0x2000171a   Data         512  gprs.o(.bss)
    PARK_LOCK_Buffer                         0x2000191a   Data          17  gprs.o(.bss)
    in                                       0x2000192b   Data          16  aes.o(.bss)
    out                                      0x2000193b   Data          32  aes.o(.bss)
    state                                    0x2000195b   Data          16  aes.o(.bss)
    RoundKey                                 0x2000196b   Data         300  aes.o(.bss)
    Key                                      0x20001a97   Data          32  aes.o(.bss)
    __libspace_start                         0x20001ab8   Data          96  libspace.o(.bss)
    __temporary_stack_top$libspace           0x20001b18   Data           0  libspace.o(.bss)



==============================================================================

Memory Map of the image

  Image Entry point : 0x08000131

  Load Region LR_IROM1 (Base: 0x08000000, Size: 0x00007528, Max: 0x00040000, ABSOLUTE)

    Execution Region ER_IROM1 (Base: 0x08000000, Size: 0x00007424, Max: 0x00040000, ABSOLUTE)

    Base Addr    Size         Type   Attr      Idx    E Section Name        Object

    0x08000000   0x00000130   Data   RO         3448    RESET               startup_stm32f10x_hd.o
    0x08000130   0x00000008   Code   RO         4462  * !!!main             c_w.l(__main.o)
    0x08000138   0x00000034   Code   RO         4845    !!!scatter          c_w.l(__scatter.o)
    0x0800016c   0x0000001a   Code   RO         4847    !!handler_copy      c_w.l(__scatter_copy.o)
    0x08000186   0x00000002   PAD
    0x08000188   0x0000001c   Code   RO         4849    !!handler_zi        c_w.l(__scatter_zi.o)
    0x080001a4   0x00000000   Code   RO         4441    .ARM.Collect$$_printf_percent$$00000000  c_w.l(_printf_percent.o)
    0x080001a4   0x00000006   Code   RO         4440    .ARM.Collect$$_printf_percent$$00000003  c_w.l(_printf_f.o)
    0x080001aa   0x00000006   Code   RO         4439    .ARM.Collect$$_printf_percent$$00000009  c_w.l(_printf_d.o)
    0x080001b0   0x00000006   Code   RO         4437    .ARM.Collect$$_printf_percent$$00000013  c_w.l(_printf_c.o)
    0x080001b6   0x00000006   Code   RO         4438    .ARM.Collect$$_printf_percent$$00000014  c_w.l(_printf_s.o)
    0x080001bc   0x00000004   Code   RO         4587    .ARM.Collect$$_printf_percent$$00000017  c_w.l(_printf_percent_end.o)
    0x080001c0   0x00000002   Code   RO         4779    .ARM.Collect$$libinit$$00000000  c_w.l(libinit.o)
    0x080001c2   0x00000000   Code   RO         4602    .ARM.Collect$$libinit$$00000002  c_w.l(libinit2.o)
    0x080001c2   0x00000000   Code   RO         4604    .ARM.Collect$$libinit$$00000004  c_w.l(libinit2.o)
    0x080001c2   0x00000008   Code   RO         4605    .ARM.Collect$$libinit$$00000005  c_w.l(libinit2.o)
    0x080001ca   0x00000000   Code   RO         4607    .ARM.Collect$$libinit$$0000000A  c_w.l(libinit2.o)
    0x080001ca   0x00000000   Code   RO         4609    .ARM.Collect$$libinit$$0000000C  c_w.l(libinit2.o)
    0x080001ca   0x00000000   Code   RO         4611    .ARM.Collect$$libinit$$0000000E  c_w.l(libinit2.o)
    0x080001ca   0x00000006   Code   RO         4612    .ARM.Collect$$libinit$$0000000F  c_w.l(libinit2.o)
    0x080001d0   0x00000000   Code   RO         4614    .ARM.Collect$$libinit$$00000011  c_w.l(libinit2.o)
    0x080001d0   0x00000000   Code   RO         4616    .ARM.Collect$$libinit$$00000013  c_w.l(libinit2.o)
    0x080001d0   0x00000000   Code   RO         4618    .ARM.Collect$$libinit$$00000015  c_w.l(libinit2.o)
    0x080001d0   0x0000000a   Code   RO         4619    .ARM.Collect$$libinit$$00000016  c_w.l(libinit2.o)
    0x080001da   0x00000000   Code   RO         4620    .ARM.Collect$$libinit$$00000017  c_w.l(libinit2.o)
    0x080001da   0x00000000   Code   RO         4622    .ARM.Collect$$libinit$$00000019  c_w.l(libinit2.o)
    0x080001da   0x00000000   Code   RO         4624    .ARM.Collect$$libinit$$0000001B  c_w.l(libinit2.o)
    0x080001da   0x00000000   Code   RO         4626    .ARM.Collect$$libinit$$0000001D  c_w.l(libinit2.o)
    0x080001da   0x00000000   Code   RO         4628    .ARM.Collect$$libinit$$0000001F  c_w.l(libinit2.o)
    0x080001da   0x00000000   Code   RO         4630    .ARM.Collect$$libinit$$00000021  c_w.l(libinit2.o)
    0x080001da   0x00000000   Code   RO         4632    .ARM.Collect$$libinit$$00000023  c_w.l(libinit2.o)
    0x080001da   0x00000000   Code   RO         4634    .ARM.Collect$$libinit$$00000025  c_w.l(libinit2.o)
    0x080001da   0x00000000   Code   RO         4638    .ARM.Collect$$libinit$$0000002C  c_w.l(libinit2.o)
    0x080001da   0x00000000   Code   RO         4640    .ARM.Collect$$libinit$$0000002E  c_w.l(libinit2.o)
    0x080001da   0x00000000   Code   RO         4642    .ARM.Collect$$libinit$$00000030  c_w.l(libinit2.o)
    0x080001da   0x00000000   Code   RO         4644    .ARM.Collect$$libinit$$00000032  c_w.l(libinit2.o)
    0x080001da   0x00000002   Code   RO         4645    .ARM.Collect$$libinit$$00000033  c_w.l(libinit2.o)
    0x080001dc   0x00000002   Code   RO         4842    .ARM.Collect$$libshutdown$$00000000  c_w.l(libshutdown.o)
    0x080001de   0x00000000   Code   RO         4798    .ARM.Collect$$libshutdown$$00000002  c_w.l(libshutdown2.o)
    0x080001de   0x00000000   Code   RO         4800    .ARM.Collect$$libshutdown$$00000004  c_w.l(libshutdown2.o)
    0x080001de   0x00000000   Code   RO         4803    .ARM.Collect$$libshutdown$$00000007  c_w.l(libshutdown2.o)
    0x080001de   0x00000000   Code   RO         4806    .ARM.Collect$$libshutdown$$0000000A  c_w.l(libshutdown2.o)
    0x080001de   0x00000000   Code   RO         4808    .ARM.Collect$$libshutdown$$0000000C  c_w.l(libshutdown2.o)
    0x080001de   0x00000000   Code   RO         4811    .ARM.Collect$$libshutdown$$0000000F  c_w.l(libshutdown2.o)
    0x080001de   0x00000002   Code   RO         4812    .ARM.Collect$$libshutdown$$00000010  c_w.l(libshutdown2.o)
    0x080001e0   0x00000000   Code   RO         4506    .ARM.Collect$$rtentry$$00000000  c_w.l(__rtentry.o)
    0x080001e0   0x00000000   Code   RO         4669    .ARM.Collect$$rtentry$$00000002  c_w.l(__rtentry2.o)
    0x080001e0   0x00000006   Code   RO         4681    .ARM.Collect$$rtentry$$00000004  c_w.l(__rtentry4.o)
    0x080001e6   0x00000000   Code   RO         4671    .ARM.Collect$$rtentry$$00000009  c_w.l(__rtentry2.o)
    0x080001e6   0x00000004   Code   RO         4672    .ARM.Collect$$rtentry$$0000000A  c_w.l(__rtentry2.o)
    0x080001ea   0x00000000   Code   RO         4674    .ARM.Collect$$rtentry$$0000000C  c_w.l(__rtentry2.o)
    0x080001ea   0x00000008   Code   RO         4675    .ARM.Collect$$rtentry$$0000000D  c_w.l(__rtentry2.o)
    0x080001f2   0x00000002   Code   RO         4784    .ARM.Collect$$rtexit$$00000000  c_w.l(rtexit.o)
    0x080001f4   0x00000000   Code   RO         4816    .ARM.Collect$$rtexit$$00000002  c_w.l(rtexit2.o)
    0x080001f4   0x00000004   Code   RO         4817    .ARM.Collect$$rtexit$$00000003  c_w.l(rtexit2.o)
    0x080001f8   0x00000006   Code   RO         4818    .ARM.Collect$$rtexit$$00000004  c_w.l(rtexit2.o)
    0x080001fe   0x00000002   PAD
    0x08000200   0x00000000   Code   RO         4690    .emb_text           c_w.l(maybetermalloc1.o)
    0x08000200   0x00000040   Code   RO         3449    .text               startup_stm32f10x_hd.o
    0x08000240   0x0000005e   Code   RO         4345    .text               c_w.l(h1_alloc.o)
    0x0800029e   0x0000004e   Code   RO         4347    .text               c_w.l(h1_free.o)
    0x080002ec   0x0000002c   Code   RO         4405    .text               c_w.l(__2sprintf.o)
    0x08000318   0x0000004e   Code   RO         4411    .text               c_w.l(_printf_pad.o)
    0x08000366   0x00000052   Code   RO         4413    .text               c_w.l(_printf_str.o)
    0x080003b8   0x00000078   Code   RO         4415    .text               c_w.l(_printf_dec.o)
    0x08000430   0x00000188   Code   RO         4434    .text               c_w.l(__printf_flags_ss_wp.o)
    0x080005b8   0x00000024   Code   RO         4442    .text               c_w.l(strstr.o)
    0x080005dc   0x00000048   Code   RO         4446    .text               c_w.l(strcpy.o)
    0x08000624   0x0000003e   Code   RO         4448    .text               c_w.l(strlen.o)
    0x08000662   0x00000096   Code   RO         4450    .text               c_w.l(strncmp.o)
    0x080006f8   0x0000008a   Code   RO         4452    .text               c_w.l(rt_memcpy_v6.o)
    0x08000782   0x00000010   Code   RO         4454    .text               c_w.l(aeabi_memset.o)
    0x08000792   0x00000044   Code   RO         4456    .text               c_w.l(rt_memclr.o)
    0x080007d6   0x0000004e   Code   RO         4458    .text               c_w.l(rt_memclr_w.o)
    0x08000824   0x00000006   Code   RO         4460    .text               c_w.l(heapauxi.o)
    0x0800082a   0x00000002   PAD
    0x0800082c   0x00000008   Code   RO         4510    .text               c_w.l(rt_heap_descriptor_intlibspace.o)
    0x08000834   0x00000004   Code   RO         4512    .text               c_w.l(hguard.o)
    0x08000838   0x0000008a   Code   RO         4514    .text               c_w.l(init_alloc.o)
    0x080008c2   0x0000000e   Code   RO         4518    .text               c_w.l(h1_init.o)
    0x080008d0   0x000000b2   Code   RO         4534    .text               c_w.l(_printf_intcommon.o)
    0x08000982   0x0000041a   Code   RO         4538    .text               c_w.l(_printf_fp_dec.o)
    0x08000d9c   0x00000030   Code   RO         4540    .text               c_w.l(_printf_char_common.o)
    0x08000dcc   0x0000000a   Code   RO         4542    .text               c_w.l(_sputc.o)
    0x08000dd6   0x0000002c   Code   RO         4544    .text               c_w.l(_printf_char.o)
    0x08000e02   0x00000064   Code   RO         4597    .text               c_w.l(rt_memcpy_w.o)
    0x08000e66   0x00000002   PAD
    0x08000e68   0x00000008   Code   RO         4665    .text               c_w.l(libspace.o)
    0x08000e70   0x00000008   Code   RO         4686    .text               c_w.l(rt_locale_intlibspace.o)
    0x08000e78   0x00000034   Code   RO         4692    .text               c_w.l(h1_extend.o)
    0x08000eac   0x0000008a   Code   RO         4696    .text               c_w.l(lludiv10.o)
    0x08000f36   0x00000002   PAD
    0x08000f38   0x00000080   Code   RO         4698    .text               c_w.l(_printf_fp_infnan.o)
    0x08000fb8   0x000000dc   Code   RO         4704    .text               c_w.l(bigflt0.o)
    0x08001094   0x0000000e   Code   RO         4734    .text               c_w.l(defsig_rtmem_outer.o)
    0x080010a2   0x00000002   Code   RO         4751    .text               c_w.l(use_no_semi.o)
    0x080010a4   0x00000000   Code   RO         4753    .text               c_w.l(indicate_semi.o)
    0x080010a4   0x0000004a   Code   RO         4754    .text               c_w.l(sys_stackheap_outer.o)
    0x080010ee   0x00000012   Code   RO         4762    .text               c_w.l(exit.o)
    0x08001100   0x0000000a   Code   RO         4764    .text               c_w.l(defsig_exit.o)
    0x0800110a   0x00000002   PAD
    0x0800110c   0x00000050   Code   RO         4766    .text               c_w.l(defsig_rtmem_inner.o)
    0x0800115c   0x00000080   Code   RO         4768    .text               c_w.l(strcmpv7m.o)
    0x080011dc   0x0000000c   Code   RO         4782    .text               c_w.l(sys_exit.o)
    0x080011e8   0x00000032   Code   RO         4795    .text               c_w.l(defsig_general.o)
    0x0800121a   0x0000000e   Code   RO         4813    .text               c_w.l(sys_wrch.o)
    0x08001228   0x0000003e   Code   RO         4707    CL$$btod_d2e        c_w.l(btod.o)
    0x08001266   0x00000046   Code   RO         4709    CL$$btod_d2e_denorm_low  c_w.l(btod.o)
    0x080012ac   0x00000060   Code   RO         4708    CL$$btod_d2e_norm_op1  c_w.l(btod.o)
    0x0800130c   0x00000338   Code   RO         4717    CL$$btod_div_common  c_w.l(btod.o)
    0x08001644   0x000000c6   Code   RO         4714    CL$$btod_e2e        c_w.l(btod.o)
    0x0800170a   0x00000028   Code   RO         4711    CL$$btod_ediv       c_w.l(btod.o)
    0x08001732   0x00000028   Code   RO         4710    CL$$btod_emul       c_w.l(btod.o)
    0x0800175a   0x00000244   Code   RO         4716    CL$$btod_mult_common  c_w.l(btod.o)
    0x0800199e   0x00000016   Code   RO          468    i.ADC_Cmd           stm32f10x_adc.o
    0x080019b4   0x0000005c   Code   RO          470    i.ADC_DeInit        stm32f10x_adc.o
    0x08001a10   0x00000014   Code   RO          476    i.ADC_GetCalibrationStatus  stm32f10x_adc.o
    0x08001a24   0x00000008   Code   RO          477    i.ADC_GetConversionValue  stm32f10x_adc.o
    0x08001a2c   0x00000012   Code   RO          479    i.ADC_GetFlagStatus  stm32f10x_adc.o
    0x08001a3e   0x00000014   Code   RO          482    i.ADC_GetResetCalibrationStatus  stm32f10x_adc.o
    0x08001a52   0x00000002   PAD
    0x08001a54   0x00000050   Code   RO          486    i.ADC_Init          stm32f10x_adc.o
    0x08001aa4   0x000000b8   Code   RO          490    i.ADC_RegularChannelConfig  stm32f10x_adc.o
    0x08001b5c   0x0000000a   Code   RO          491    i.ADC_ResetCalibration  stm32f10x_adc.o
    0x08001b66   0x00000016   Code   RO          493    i.ADC_SoftwareStartConvCmd  stm32f10x_adc.o
    0x08001b7c   0x0000000a   Code   RO          495    i.ADC_StartCalibration  stm32f10x_adc.o
    0x08001b86   0x00000082   Code   RO         4023    i.AES_Decrypt       aes.o
    0x08001c08   0x00000056   Code   RO         4024    i.AES_Encrypt       aes.o
    0x08001c5e   0x00000002   PAD
    0x08001c60   0x0000008c   Code   RO         3507    i.Adc_Init          adc_1.o
    0x08001cec   0x00000040   Code   RO         4025    i.AddRoundKey       aes.o
    0x08001d2c   0x000000b6   Code   RO         4026    i.Base64Decode      aes.o
    0x08001de2   0x00000002   PAD
    0x08001de4   0x000000c0   Code   RO         4027    i.Base64Encode      aes.o
    0x08001ea4   0x00000004   Code   RO          131    i.BusFault_Handler  stm32f10x_it.o
    0x08001ea8   0x00000094   Code   RO         4028    i.Cipher            aes.o
    0x08001f3c   0x0000014c   Code   RO         1172    i.DMA_DeInit        stm32f10x_dma.o
    0x08002088   0x0000003c   Code   RO         1177    i.DMA_Init          stm32f10x_dma.o
    0x080020c4   0x00000002   Code   RO          132    i.DebugMon_Handler  stm32f10x_it.o
    0x080020c6   0x00000032   Code   RO         4166    i.Decode            app_md5.o
    0x080020f8   0x0000003e   Code   RO         4167    i.Encode            app_md5.o
    0x08002136   0x00000116   Code   RO         1604    i.GPIO_Init         stm32f10x_gpio.o
    0x0800224c   0x00000012   Code   RO         1608    i.GPIO_ReadInputDataBit  stm32f10x_gpio.o
    0x0800225e   0x00000004   Code   RO         1611    i.GPIO_ResetBits    stm32f10x_gpio.o
    0x08002262   0x00000004   Code   RO         1612    i.GPIO_SetBits      stm32f10x_gpio.o
    0x08002266   0x00000010   Code   RO         3531    i.GPS_Analysis      gps_1.o
    0x08002276   0x0000004e   Code   RO         4029    i.GetBase64Value    aes.o
    0x080022c4   0x00000034   Code   RO         3508    i.Get_Adc           adc_1.o
    0x080022f8   0x0000002e   Code   RO         3509    i.Get_Adc_Average   adc_1.o
    0x08002326   0x00000002   PAD
    0x08002328   0x000000f8   Code   RO            1    i.Gps_Msg_Show      main.o
    0x08002420   0x00000004   Code   RO          133    i.HardFault_Handler  stm32f10x_it.o
    0x08002424   0x00000094   Code   RO         4030    i.InvCipher         aes.o
    0x080024b8   0x000009d4   Code   RO         4031    i.InvMixColumns     aes.o
    0x08002e8c   0x00000040   Code   RO         4032    i.InvShiftRows      aes.o
    0x08002ecc   0x00000030   Code   RO         4033    i.InvSubBytes       aes.o
    0x08002efc   0x000001d0   Code   RO         4034    i.KeyExpansion      aes.o
    0x080030cc   0x00000058   Code   RO         4168    i.MD5Final          app_md5.o
    0x08003124   0x00000028   Code   RO         4169    i.MD5Init           app_md5.o
    0x0800314c   0x000007dc   Code   RO         4170    i.MD5Transform      app_md5.o
    0x08003928   0x00000084   Code   RO         4171    i.MD5Update         app_md5.o
    0x080039ac   0x00000060   Code   RO         4172    i.MakeFile_MD5_Checksum  app_md5.o
    0x08003a0c   0x00000004   Code   RO          134    i.MemManage_Handler  stm32f10x_it.o
    0x08003a10   0x000000e4   Code   RO         4035    i.MixColumns        aes.o
    0x08003af4   0x00000032   Code   RO         3533    i.NMEA_Comma_Pos    gps_1.o
    0x08003b26   0x00000002   PAD
    0x08003b28   0x00000210   Code   RO         3536    i.NMEA_GNRMC_Analysis  gps_1.o
    0x08003d38   0x00000016   Code   RO         3539    i.NMEA_Pow          gps_1.o
    0x08003d4e   0x000000ea   Code   RO         3540    i.NMEA_Str2num      gps_1.o
    0x08003e38   0x00000002   Code   RO          135    i.NMI_Handler       stm32f10x_it.o
    0x08003e3a   0x00000002   PAD
    0x08003e3c   0x00000070   Code   RO          426    i.NVIC_Init         misc.o
    0x08003eac   0x00000014   Code   RO          427    i.NVIC_PriorityGroupConfig  misc.o
    0x08003ec0   0x00000002   Code   RO          136    i.PendSV_Handler    stm32f10x_it.o
    0x08003ec2   0x00000002   PAD
    0x08003ec4   0x00000018   Code   RO         2024    i.RCC_ADCCLKConfig  stm32f10x_rcc.o
    0x08003edc   0x00000020   Code   RO         2025    i.RCC_AHBPeriphClockCmd  stm32f10x_rcc.o
    0x08003efc   0x00000020   Code   RO         2026    i.RCC_APB1PeriphClockCmd  stm32f10x_rcc.o
    0x08003f1c   0x00000020   Code   RO         2027    i.RCC_APB1PeriphResetCmd  stm32f10x_rcc.o
    0x08003f3c   0x00000020   Code   RO         2028    i.RCC_APB2PeriphClockCmd  stm32f10x_rcc.o
    0x08003f5c   0x00000020   Code   RO         2029    i.RCC_APB2PeriphResetCmd  stm32f10x_rcc.o
    0x08003f7c   0x000000dc   Code   RO         2036    i.RCC_GetClocksFreq  stm32f10x_rcc.o
    0x08004058   0x00000002   Code   RO          137    i.SVC_Handler       stm32f10x_it.o
    0x0800405a   0x00000008   Code   RO          194    i.SetSysClock       system_stm32f10x.o
    0x08004062   0x00000002   PAD
    0x08004064   0x000000e0   Code   RO          195    i.SetSysClockTo72   system_stm32f10x.o
    0x08004144   0x00000044   Code   RO         4036    i.ShiftRows         aes.o
    0x08004188   0x00000030   Code   RO         4037    i.SubBytes          aes.o
    0x080041b8   0x00000002   Code   RO          138    i.SysTick_Handler   stm32f10x_it.o
    0x080041ba   0x00000002   PAD
    0x080041bc   0x00000060   Code   RO          197    i.SystemInit        system_stm32f10x.o
    0x0800421c   0x0000004c   Code   RO         3671    i.TIM2_IRQHandler   timer_1.o
    0x08004268   0x00000030   Code   RO         3709    i.TIM4_IRQHandler   usart3_1.o
    0x08004298   0x00000058   Code   RO         3710    i.TIM4_Init         usart3_1.o
    0x080042f0   0x00000028   Code   RO         3711    i.TIM4_Set          usart3_1.o
    0x08004318   0x00000006   Code   RO         2660    i.TIM_ClearFlag     stm32f10x_tim.o
    0x0800431e   0x00000006   Code   RO         2661    i.TIM_ClearITPendingBit  stm32f10x_tim.o
    0x08004324   0x00000018   Code   RO         2666    i.TIM_Cmd           stm32f10x_tim.o
    0x0800433c   0x000001e8   Code   RO         2671    i.TIM_DeInit        stm32f10x_tim.o
    0x08004524   0x00000022   Code   RO         2687    i.TIM_GetITStatus   stm32f10x_tim.o
    0x08004546   0x00000012   Code   RO         2691    i.TIM_ITConfig      stm32f10x_tim.o
    0x08004558   0x00000004   Code   RO         2731    i.TIM_SetCounter    stm32f10x_tim.o
    0x0800455c   0x000000a4   Code   RO         2737    i.TIM_TimeBaseInit  stm32f10x_tim.o
    0x08004600   0x00000048   Code   RO         3712    i.UART_DMA_Config   usart3_1.o
    0x08004648   0x00000098   Code   RO         3778    i.USART1_IRQHandler  usart_1.o
    0x080046e0   0x00000088   Code   RO         3780    i.USART2_IRQHandler  usart_1.o
    0x08004768   0x00000088   Code   RO         3782    i.USART3_IRQHandler  usart_1.o
    0x080047f0   0x000000e8   Code   RO         3715    i.USART3_Init       usart3_1.o
    0x080048d8   0x0000001e   Code   RO         3199    i.USART_ClearITPendingBit  stm32f10x_usart.o
    0x080048f6   0x00000018   Code   RO         3202    i.USART_Cmd         stm32f10x_usart.o
    0x0800490e   0x00000012   Code   RO         3203    i.USART_DMACmd      stm32f10x_usart.o
    0x08004920   0x0000009c   Code   RO         3204    i.USART_DeInit      stm32f10x_usart.o
    0x080049bc   0x0000001a   Code   RO         3205    i.USART_GetFlagStatus  stm32f10x_usart.o
    0x080049d6   0x00000054   Code   RO         3206    i.USART_GetITStatus  stm32f10x_usart.o
    0x08004a2a   0x0000004a   Code   RO         3208    i.USART_ITConfig    stm32f10x_usart.o
    0x08004a74   0x000000d8   Code   RO         3209    i.USART_Init        stm32f10x_usart.o
    0x08004b4c   0x00000114   Code   RO         3783    i.USART_OUT         usart_1.o
    0x08004c60   0x0000000a   Code   RO         3216    i.USART_ReceiveData  stm32f10x_usart.o
    0x08004c6a   0x00000008   Code   RO         3219    i.USART_SendData    stm32f10x_usart.o
    0x08004c72   0x00000004   Code   RO          139    i.UsageFault_Handler  stm32f10x_it.o
    0x08004c76   0x00000028   Code   RO         4749    i.__ARM_fpclassify  m_ws.l(fpclassify.o)
    0x08004c9e   0x0000000e   Code   RO         4427    i._is_digit         c_w.l(__printf_wp.o)
    0x08004cac   0x0000003a   Code   RO          275    i.bsp_init          bsp.o
    0x08004ce6   0x00000080   Code   RO          276    i.bsp_nvic_init     bsp.o
    0x08004d66   0x00000044   Code   RO          277    i.bsp_rcc_init      bsp.o
    0x08004daa   0x00000002   PAD
    0x08004dac   0x00000038   Code   RO         3883    i.button_get_value  button.o
    0x08004de4   0x000000dc   Code   RO         4501    i.ceil              m_ws.l(ceil.o)
    0x08004ec0   0x000000b8   Code   RO         4038    i.decrypt           aes.o
    0x08004f78   0x000000c0   Code   RO         4039    i.encrypt           aes.o
    0x08005038   0x0000000c   Code   RO         4040    i.getSBoxInvert     aes.o
    0x08005044   0x0000000c   Code   RO         4041    i.getSBoxValue      aes.o
    0x08005050   0x00000168   Code   RO          278    i.gpio_init         bsp.o
    0x080051b8   0x00000018   Code   RO         3918    i.gprs_check_cmd    gprs.o
    0x080051d0   0x000003b8   Code   RO         3919    i.gprs_config       gprs.o
    0x08005588   0x00000002   Code   RO         3921    i.gprs_power_on     gprs.o
    0x0800558a   0x00000002   PAD
    0x0800558c   0x000000b4   Code   RO         3923    i.gprs_send_at      gprs.o
    0x08005640   0x00000018   Code   RO          281    i.lock_close        bsp.o
    0x08005658   0x00000038   Code   RO          282    i.lock_off_status_get  bsp.o
    0x08005690   0x00000038   Code   RO          283    i.lock_on_status_get  bsp.o
    0x080056c8   0x00000018   Code   RO          284    i.lock_open         bsp.o
    0x080056e0   0x00000018   Code   RO          285    i.lock_stop         bsp.o
    0x080056f8   0x00000c18   Code   RO            2    i.main              main.o
    0x08006310   0x0000004e   Code   RO         3672    i.timer2_init       timer_1.o
    0x0800635e   0x00000002   PAD
    0x08006360   0x00000014   Code   RO         3673    i.timer_delay_1ms   timer_1.o
    0x08006374   0x00000024   Code   RO         3674    i.timer_is_timeout_1ms  timer_1.o
    0x08006398   0x0000004c   Code   RO         3784    i.usart1_init       usart_1.o
    0x080063e4   0x00000040   Code   RO         3785    i.usart1_recv_data  usart_1.o
    0x08006424   0x00000040   Code   RO         3786    i.usart2_init       usart_1.o
    0x08006464   0x00000044   Code   RO         3787    i.usart2_recv_data  usart_1.o
    0x080064a8   0x00000044   Code   RO         3789    i.usart3_recv_data  usart_1.o
    0x080064ec   0x0000002c   Code   RO         4732    locale$$code        c_w.l(lc_numeric_c.o)
    0x08006518   0x00000150   Code   RO         4646    x$fpl$dadd          fz_ws.l(daddsub_clz.o)
    0x08006668   0x00000018   Code   RO         4780    x$fpl$dcmpinf       fz_ws.l(dcmpi.o)
    0x08006680   0x0000005e   Code   RO         4464    x$fpl$dfix          fz_ws.l(dfix.o)
    0x080066de   0x0000002e   Code   RO         4469    x$fpl$dflt          fz_ws.l(dflt_clz.o)
    0x0800670c   0x00000078   Code   RO         4743    x$fpl$dleqf         fz_ws.l(dleqf.o)
    0x08006784   0x0000009c   Code   RO         4652    x$fpl$dnaninf       fz_ws.l(dnaninf.o)
    0x08006820   0x0000000c   Code   RO         4654    x$fpl$dretinf       fz_ws.l(dretinf.o)
    0x0800682c   0x0000006c   Code   RO         4656    x$fpl$drleqf        fz_ws.l(drleqf.o)
    0x08006898   0x00000016   Code   RO         4647    x$fpl$drsb          fz_ws.l(daddsub_clz.o)
    0x080068ae   0x00000002   PAD
    0x080068b0   0x000001d4   Code   RO         4648    x$fpl$dsub          fz_ws.l(daddsub_clz.o)
    0x08006a84   0x00000056   Code   RO         4474    x$fpl$f2d           fz_ws.l(f2d.o)
    0x08006ada   0x00000002   PAD
    0x08006adc   0x000000c4   Code   RO         4476    x$fpl$fadd          fz_ws.l(faddsub_clz.o)
    0x08006ba0   0x00000184   Code   RO         4483    x$fpl$fdiv          fz_ws.l(fdiv.o)
    0x08006d24   0x0000003e   Code   RO         4486    x$fpl$ffixu         fz_ws.l(ffixu.o)
    0x08006d62   0x00000002   PAD
    0x08006d64   0x00000030   Code   RO         4491    x$fpl$fflt          fz_ws.l(fflt_clz.o)
    0x08006d94   0x00000026   Code   RO         4490    x$fpl$ffltu         fz_ws.l(fflt_clz.o)
    0x08006dba   0x00000002   PAD
    0x08006dbc   0x00000102   Code   RO         4496    x$fpl$fmul          fz_ws.l(fmul.o)
    0x08006ebe   0x0000008c   Code   RO         4658    x$fpl$fnaninf       fz_ws.l(fnaninf.o)
    0x08006f4a   0x0000000a   Code   RO         4660    x$fpl$fretinf       fz_ws.l(fretinf.o)
    0x08006f54   0x000000ea   Code   RO         4478    x$fpl$fsub          fz_ws.l(faddsub_clz.o)
    0x0800703e   0x00000004   Code   RO         4498    x$fpl$printf1       fz_ws.l(printf1.o)
    0x08007042   0x00000000   Code   RO         4662    x$fpl$usenofp       fz_ws.l(usenofp.o)
    0x08007042   0x000002ff   Data   RO         4043    .constdata          aes.o
    0x08007341   0x00000011   Data   RO         4435    .constdata          c_w.l(__printf_flags_ss_wp.o)
    0x08007352   0x00000002   PAD
    0x08007354   0x00000094   Data   RO         4705    .constdata          c_w.l(bigflt0.o)
    0x080073e8   0x00000020   Data   RO         4843    Region$$Table       anon$$obj.o
    0x08007408   0x0000001c   Data   RO         4731    locale$$data        c_w.l(lc_numeric_c.o)


    Execution Region RW_IRAM1 (Base: 0x20000000, Size: 0x00002118, Max: 0x0000c000, ABSOLUTE)

    Base Addr    Size         Type   Attr      Idx    E Section Name        Object

    0x20000000   0x00000028   Data   RW            5    .data               main.o
    0x20000028   0x00000014   Data   RW         2056    .data               stm32f10x_rcc.o
    0x2000003c   0x00000004   Data   RW         3676    .data               timer_1.o
    0x20000040   0x00000002   Data   RW         3718    .data               usart3_1.o
    0x20000042   0x00000002   PAD
    0x20000044   0x00000017   Data   RW         3793    .data               usart_1.o
    0x2000005b   0x00000001   PAD
    0x2000005c   0x00000008   Data   RW         3925    .data               gprs.o
    0x20000064   0x0000004d   Data   RW         4044    .data               aes.o
    0x200000b1   0x00000050   Data   RW         4173    .data               app_md5.o
    0x20000101   0x00000003   PAD
    0x20000104   0x000009d4   Zero   RW            4    .bss                main.o
    0x20000ad8   0x0000003c   Zero   RW         3675    .bss                timer_1.o
    0x20000b14   0x00000004   PAD
    0x20000b18   0x00000400   Zero   RW         3717    .bss                usart3_1.o
    0x20000f18   0x00000802   Zero   RW         3792    .bss                usart_1.o
    0x2000171a   0x00000211   Zero   RW         3924    .bss                gprs.o
    0x2000192b   0x0000018c   Zero   RW         4042    .bss                aes.o
    0x20001ab7   0x00000001   PAD
    0x20001ab8   0x00000060   Zero   RW         4666    .bss                c_w.l(libspace.o)
    0x20001b18   0x00000200   Zero   RW         3447    HEAP                startup_stm32f10x_hd.o
    0x20001d18   0x00000400   Zero   RW         3446    STACK               startup_stm32f10x_hd.o


==============================================================================

Image component sizes


      Code (inc. data)   RO Data    RW Data    ZI Data      Debug   Object Name

       238         14          0          0          0       1611   adc_1.o
      4864        162        767         77        396      12418   aes.o
      2480        278          0         80          0       6934   app_md5.o
       798         32          0          0          0       4270   bsp.o
        56          6          0          0          0        619   button.o
         0          0          0          0          0         32   core_cm3.o
      1158        242          0          8        529       4583   gprs.o
       850         12          0          0          0       3660   gps_1.o
      3344        924          0         40       2516     278174   main.o
       132         22          0          0          0       1335   misc.o
        64         26        304          0       1536        764   startup_stm32f10x_hd.o
       486         24          0          0          0       7850   stm32f10x_adc.o
       392          8          0          0          0       2680   stm32f10x_dma.o
       304          0          0          0          0       3336   stm32f10x_gpio.o
        26          0          0          0          0       3502   stm32f10x_it.o
       404         64          0         20          0       6135   stm32f10x_rcc.o
       744        106          0          0          0       4844   stm32f10x_tim.o
       646         28          0          0          0       7321   stm32f10x_usart.o
       328         28          0          0          0       1713   system_stm32f10x.o
       210         16          0          4         60       2561   timer_1.o
       480         42          0          2       1024       4049   usart3_1.o
      1040        128          0         23       2050       6143   usart_1.o

    ----------------------------------------------------------------------
     19068       2162       1103        260       8116     364534   Object Totals
         0          0         32          0          0          0   (incl. Generated)
        24          0          0          6          5          0   (incl. Padding)

    ----------------------------------------------------------------------

      Code (inc. data)   RO Data    RW Data    ZI Data      Debug   Library Member Name

        44          6          0          0          0         84   __2sprintf.o
         8          0          0          0          0         68   __main.o
       392          4         17          0          0         92   __printf_flags_ss_wp.o
        14          0          0          0          0         68   __printf_wp.o
         0          0          0          0          0          0   __rtentry.o
        12          0          0          0          0          0   __rtentry2.o
         6          0          0          0          0          0   __rtentry4.o
        52          8          0          0          0          0   __scatter.o
        26          0          0          0          0          0   __scatter_copy.o
        28          0          0          0          0          0   __scatter_zi.o
         6          0          0          0          0          0   _printf_c.o
        44          0          0          0          0        108   _printf_char.o
        48          6          0          0          0         96   _printf_char_common.o
         6          0          0          0          0          0   _printf_d.o
       120         16          0          0          0         92   _printf_dec.o
         6          0          0          0          0          0   _printf_f.o
      1050          0          0          0          0        216   _printf_fp_dec.o
       128         16          0          0          0         84   _printf_fp_infnan.o
       178          0          0          0          0         88   _printf_intcommon.o
        78          0          0          0          0        108   _printf_pad.o
         0          0          0          0          0          0   _printf_percent.o
         4          0          0          0          0          0   _printf_percent_end.o
         6          0          0          0          0          0   _printf_s.o
        82          0          0          0          0         80   _printf_str.o
        10          0          0          0          0         68   _sputc.o
        16          0          0          0          0         68   aeabi_memset.o
       220          4        148          0          0         96   bigflt0.o
      1910        128          0          0          0        672   btod.o
        10          0          0          0          0         68   defsig_exit.o
        50          0          0          0          0         88   defsig_general.o
        80         58          0          0          0         76   defsig_rtmem_inner.o
        14          0          0          0          0         80   defsig_rtmem_outer.o
        18          0          0          0          0         80   exit.o
        94          0          0          0          0         80   h1_alloc.o
        52          0          0          0          0         68   h1_extend.o
        78          0          0          0          0         80   h1_free.o
        14          0          0          0          0         84   h1_init.o
         6          0          0          0          0        152   heapauxi.o
         4          0          0          0          0        136   hguard.o
         0          0          0          0          0          0   indicate_semi.o
       138          0          0          0          0        168   init_alloc.o
        44         10         28          0          0         76   lc_numeric_c.o
         2          0          0          0          0          0   libinit.o
        26          0          0          0          0          0   libinit2.o
         2          0          0          0          0          0   libshutdown.o
         2          0          0          0          0          0   libshutdown2.o
         8          4          0          0         96         68   libspace.o
       138          0          0          0          0         80   lludiv10.o
         0          0          0          0          0          0   maybetermalloc1.o
         8          4          0          0          0         68   rt_heap_descriptor_intlibspace.o
         8          4          0          0          0         68   rt_locale_intlibspace.o
        68          0          0          0          0         68   rt_memclr.o
        78          0          0          0          0         80   rt_memclr_w.o
       138          0          0          0          0         68   rt_memcpy_v6.o
       100          0          0          0          0         80   rt_memcpy_w.o
         2          0          0          0          0          0   rtexit.o
        10          0          0          0          0          0   rtexit2.o
       128          0          0          0          0         68   strcmpv7m.o
        72          0          0          0          0         80   strcpy.o
        62          0          0          0          0         76   strlen.o
       150          0          0          0          0         80   strncmp.o
        36          0          0          0          0         80   strstr.o
        12          4          0          0          0         68   sys_exit.o
        74          0          0          0          0         80   sys_stackheap_outer.o
        14          0          0          0          0         76   sys_wrch.o
         2          0          0          0          0         68   use_no_semi.o
       826         16          0          0          0        348   daddsub_clz.o
        24          0          0          0          0         68   dcmpi.o
        94          4          0          0          0         92   dfix.o
        46          0          0          0          0         68   dflt_clz.o
       120          4          0          0          0         92   dleqf.o
       156          4          0          0          0         92   dnaninf.o
        12          0          0          0          0         68   dretinf.o
       108          0          0          0          0         80   drleqf.o
        86          4          0          0          0         84   f2d.o
       430          8          0          0          0        168   faddsub_clz.o
       388         76          0          0          0         96   fdiv.o
        62          4          0          0          0         84   ffixu.o
        86          0          0          0          0        136   fflt_clz.o
       258          4          0          0          0         84   fmul.o
       140          4          0          0          0         84   fnaninf.o
        10          0          0          0          0         68   fretinf.o
         4          0          0          0          0         68   printf1.o
         0          0          0          0          0          0   usenofp.o
       220         16          0          0          0         84   ceil.o
        40          0          0          0          0         68   fpclassify.o

    ----------------------------------------------------------------------
      9366        416        195          0         96       6512   Library Totals
        20          0          2          0          0          0   (incl. Padding)

    ----------------------------------------------------------------------

      Code (inc. data)   RO Data    RW Data    ZI Data      Debug   Library Name

      6236        272        193          0         96       4580   c_w.l
      2850        128          0          0          0       1780   fz_ws.l
       260         16          0          0          0        152   m_ws.l

    ----------------------------------------------------------------------
      9366        416        195          0         96       6512   Library Totals

    ----------------------------------------------------------------------

==============================================================================


      Code (inc. data)   RO Data    RW Data    ZI Data      Debug   

     28434       2578       1298        260       8212     360954   Grand Totals
     28434       2578       1298        260       8212     360954   ELF Image Totals
     28434       2578       1298        260          0          0   ROM Totals

==============================================================================

    Total RO  Size (Code + RO Data)                29732 (  29.04kB)
    Total RW  Size (RW Data + ZI Data)              8472 (   8.27kB)
    Total ROM Size (Code + RO Data + RW Data)      29992 (  29.29kB)

==============================================================================

