Component: ARM Compiler 5.06 update 1 (build 61) Tool: armlink [4d35a8]

==============================================================================

Section Cross References

    main.o(i.Gps_Msg_Show) refers to _printf_pad.o(.text) for _printf_pre_padding
    main.o(i.Gps_Msg_Show) refers to _printf_percent.o(.ARM.Collect$$_printf_percent$$00000000) for _printf_percent
    main.o(i.Gps_Msg_Show) refers to _printf_f.o(.ARM.Collect$$_printf_percent$$00000003) for _printf_f
    main.o(i.Gps_Msg_Show) refers to _printf_c.o(.ARM.Collect$$_printf_percent$$00000013) for _printf_c
    main.o(i.Gps_Msg_Show) refers to printf1.o(x$fpl$printf1) for _printf_fp_dec
    main.o(i.Gps_Msg_Show) refers to _printf_str.o(.text) for _printf_str
    main.o(i.Gps_Msg_Show) refers to fflt_clz.o(x$fpl$ffltu) for __aeabi_ui2f
    main.o(i.Gps_Msg_Show) refers to fdiv.o(x$fpl$fdiv) for __aeabi_fdiv
    main.o(i.Gps_Msg_Show) refers to f2d.o(x$fpl$f2d) for __aeabi_f2d
    main.o(i.Gps_Msg_Show) refers to __2sprintf.o(.text) for __2sprintf
    main.o(i.Gps_Msg_Show) refers to usart_1.o(i.USART_OUT) for USART_OUT
    main.o(i.Gps_Msg_Show) refers to fflt_clz.o(x$fpl$fflt) for __aeabi_i2f
    main.o(i.Gps_Msg_Show) refers to main.o(.bss) for gpsx
    main.o(i.main) refers to _printf_percent.o(.ARM.Collect$$_printf_percent$$00000000) for _printf_percent
    main.o(i.main) refers to _printf_s.o(.ARM.Collect$$_printf_percent$$00000014) for _printf_s
    main.o(i.main) refers to _printf_str.o(.text) for _printf_str
    main.o(i.main) refers to _printf_c.o(.ARM.Collect$$_printf_percent$$00000013) for _printf_c
    main.o(i.main) refers to bsp.o(i.bsp_init) for bsp_init
    main.o(i.main) refers to usart_1.o(i.USART_OUT) for USART_OUT
    main.o(i.main) refers to stm32f10x_gpio.o(i.GPIO_SetBits) for GPIO_SetBits
    main.o(i.main) refers to gprs.o(i.gprs_config) for gprs_config
    main.o(i.main) refers to usart_1.o(i.usart1_recv_data) for usart1_recv_data
    main.o(i.main) refers to usart_1.o(i.usart2_recv_data) for usart2_recv_data
    main.o(i.main) refers to stm32f10x_gpio.o(i.GPIO_ResetBits) for GPIO_ResetBits
    main.o(i.main) refers to timer_1.o(i.timer_delay_1ms) for timer_delay_1ms
    main.o(i.main) refers to app_md5.o(i.MakeFile_MD5_Checksum) for MakeFile_MD5_Checksum
    main.o(i.main) refers to adc_1.o(i.Get_Adc_Average) for Get_Adc_Average
    main.o(i.main) refers to timer_1.o(i.timer_is_timeout_1ms) for timer_is_timeout_1ms
    main.o(i.main) refers to __2sprintf.o(.text) for __2sprintf
    main.o(i.main) refers to gprs.o(i.gprs_send_at) for gprs_send_at
    main.o(i.main) refers to rt_memclr.o(.text) for __aeabi_memclr
    main.o(i.main) refers to strstr.o(.text) for strstr
    main.o(i.main) refers to strncmp.o(.text) for strncmp
    main.o(i.main) refers to stm32f10x_gpio.o(i.GPIO_ReadInputDataBit) for GPIO_ReadInputDataBit
    main.o(i.main) refers to strcpy.o(.text) for strcpy
    main.o(i.main) refers to led.o(i.Park_Lock_stop) for Park_Lock_stop
    main.o(i.main) refers to led.o(i.Park_Lock_Open) for Park_Lock_Open
    main.o(i.main) refers to led.o(i.Park_Lock_Close) for Park_Lock_Close
    main.o(i.main) refers to gprs.o(.data) for gprs_status
    main.o(i.main) refers to gprs.o(.bss) for PARK_LOCK_Buffer
    main.o(i.main) refers to main.o(.data) for Bat_V
    main.o(i.main) refers to main.o(.bss) for PublishDataBatbuf
    system_stm32f10x.o(i.SetSysClock) refers to system_stm32f10x.o(i.SetSysClockTo72) for SetSysClockTo72
    system_stm32f10x.o(i.SystemCoreClockUpdate) refers to system_stm32f10x.o(.data) for SystemCoreClock
    system_stm32f10x.o(i.SystemInit) refers to system_stm32f10x.o(i.SetSysClock) for SetSysClock
    batt.o(i.batt_dev_to_svr) refers to _printf_percent.o(.ARM.Collect$$_printf_percent$$00000000) for _printf_percent
    batt.o(i.batt_dev_to_svr) refers to _printf_s.o(.ARM.Collect$$_printf_percent$$00000014) for _printf_s
    batt.o(i.batt_dev_to_svr) refers to _printf_str.o(.text) for _printf_str
    batt.o(i.batt_dev_to_svr) refers to _printf_c.o(.ARM.Collect$$_printf_percent$$00000013) for _printf_c
    batt.o(i.batt_dev_to_svr) refers to rt_memclr_w.o(.text) for __aeabi_memclr4
    batt.o(i.batt_dev_to_svr) refers to batt.o(i.batt_get_volume) for batt_get_volume
    batt.o(i.batt_dev_to_svr) refers to __2sprintf.o(.text) for __2sprintf
    batt.o(i.batt_dev_to_svr) refers to gprs.o(i.gprs_send_at) for gprs_send_at
    batt.o(i.batt_dev_to_svr) refers to aes.o(i.AES_Encrypt) for AES_Encrypt
    batt.o(i.batt_dev_to_svr) refers to batt.o(.data) for batt_state
    batt.o(i.batt_dev_to_svr) refers to gprs.o(.bss) for PARK_LOCK_Buffer
    batt.o(i.batt_dev_to_svr) refers to main.o(.bss) for aesKey
    batt.o(i.batt_get_volume) refers to adc_1.o(i.Get_Adc_Average) for Get_Adc_Average
    protocol.o(i.protocol_analyze) refers to _printf_percent.o(.ARM.Collect$$_printf_percent$$00000000) for _printf_percent
[...]
    ../clib/string.c                         0x00000000   Number         0  strcpy.o ABSOLUTE
    ../clib/string.c                         0x00000000   Number         0  strncmp.o ABSOLUTE
    ../clib/wchar.c                          0x00000000   Number         0  flsbuf_fwide.o ABSOLUTE
    ../fplib/daddsub.s                       0x00000000   Number         0  daddsub_clz.o ABSOLUTE
    ../fplib/dcmpi.s                         0x00000000   Number         0  dcmpi.o ABSOLUTE
    ../fplib/dfix.s                          0x00000000   Number         0  dfix.o ABSOLUTE
    ../fplib/dflt.s                          0x00000000   Number         0  dflt_clz.o ABSOLUTE
    ../fplib/dleqf.s                         0x00000000   Number         0  dleqf.o ABSOLUTE
    ../fplib/dnaninf.s                       0x00000000   Number         0  dnaninf.o ABSOLUTE
    ../fplib/dretinf.s                       0x00000000   Number         0  dretinf.o ABSOLUTE
    ../fplib/drleqf.s                        0x00000000   Number         0  drleqf.o ABSOLUTE
    ../fplib/f2d.s                           0x00000000   Number         0  f2d.o ABSOLUTE
    ../fplib/faddsub.s                       0x00000000   Number         0  faddsub_clz.o ABSOLUTE
    ../fplib/fdiv.s                          0x00000000   Number         0  fdiv.o ABSOLUTE
    ../fplib/ffixu.s                         0x00000000   Number         0  ffixu.o ABSOLUTE
    ../fplib/fflt.s                          0x00000000   Number         0  fflt_clz.o ABSOLUTE
    ../fplib/fmul.s                          0x00000000   Number         0  fmul.o ABSOLUTE
    ../fplib/fnaninf.s                       0x00000000   Number         0  fnaninf.o ABSOLUTE
    ../fplib/fpinit.s                        0x00000000   Number         0  fpinit.o ABSOLUTE
    ../fplib/fretinf.s                       0x00000000   Number         0  fretinf.o ABSOLUTE
    ../fplib/istatus.s                       0x00000000   Number         0  istatus.o ABSOLUTE
    ../fplib/printf1.s                       0x00000000   Number         0  printf1.o ABSOLUTE
    ../fplib/usenofp.s                       0x00000000   Number         0  usenofp.o ABSOLUTE
    ../mathlib/ceil.c                        0x00000000   Number         0  ceil.o ABSOLUTE
    ../mathlib/fpclassify.c                  0x00000000   Number         0  fpclassify.o ABSOLUTE
    ..\BSP\bsp.c                             0x00000000   Number         0  bsp.o ABSOLUTE
    ..\CORE\core_cm3.c                       0x00000000   Number         0  core_cm3.o ABSOLUTE
    ..\CORE\startup_stm32f10x_hd.s           0x00000000   Number         0  startup_stm32f10x_hd.o ABSOLUTE
    ..\FLib\src\misc.c                       0x00000000   Number         0  misc.o ABSOLUTE
    ..\FLib\src\stm32f10x_adc.c              0x00000000   Number         0  stm32f10x_adc.o ABSOLUTE
    ..\FLib\src\stm32f10x_bkp.c              0x00000000   Number         0  stm32f10x_bkp.o ABSOLUTE
    ..\FLib\src\stm32f10x_can.c              0x00000000   Number         0  stm32f10x_can.o ABSOLUTE
    ..\FLib\src\stm32f10x_cec.c              0x00000000   Number         0  stm32f10x_cec.o ABSOLUTE
    ..\FLib\src\stm32f10x_crc.c              0x00000000   Number         0  stm32f10x_crc.o ABSOLUTE
    ..\FLib\src\stm32f10x_dac.c              0x00000000   Number         0  stm32f10x_dac.o ABSOLUTE
    ..\FLib\src\stm32f10x_dbgmcu.c           0x00000000   Number         0  stm32f10x_dbgmcu.o ABSOLUTE
    ..\FLib\src\stm32f10x_dma.c              0x00000000   Number         0  stm32f10x_dma.o ABSOLUTE
    ..\FLib\src\stm32f10x_exti.c             0x00000000   Number         0  stm32f10x_exti.o ABSOLUTE
    ..\FLib\src\stm32f10x_flash.c            0x00000000   Number         0  stm32f10x_flash.o ABSOLUTE
    ..\FLib\src\stm32f10x_fsmc.c             0x00000000   Number         0  stm32f10x_fsmc.o ABSOLUTE
    ..\FLib\src\stm32f10x_gpio.c             0x00000000   Number         0  stm32f10x_gpio.o ABSOLUTE
    ..\FLib\src\stm32f10x_i2c.c              0x00000000   Number         0  stm32f10x_i2c.o ABSOLUTE
    ..\FLib\src\stm32f10x_iwdg.c             0x00000000   Number         0  stm32f10x_iwdg.o ABSOLUTE
    ..\FLib\src\stm32f10x_pwr.c              0x00000000   Number         0  stm32f10x_pwr.o ABSOLUTE
    ..\FLib\src\stm32f10x_rcc.c              0x00000000   Number         0  stm32f10x_rcc.o ABSOLUTE
    ..\FLib\src\stm32f10x_rtc.c              0x00000000   Number         0  stm32f10x_rtc.o ABSOLUTE
    ..\FLib\src\stm32f10x_sdio.c             0x00000000   Number         0  stm32f10x_sdio.o ABSOLUTE
    ..\FLib\src\stm32f10x_spi.c              0x00000000   Number         0  stm32f10x_spi.o ABSOLUTE
    ..\FLib\src\stm32f10x_tim.c              0x00000000   Number         0  stm32f10x_tim.o ABSOLUTE
    ..\FLib\src\stm32f10x_usart.c            0x00000000   Number         0  stm32f10x_usart.o ABSOLUTE
    ..\FLib\src\stm32f10x_wwdg.c             0x00000000   Number         0  stm32f10x_wwdg.o ABSOLUTE
    ..\SYS\common.c                          0x00000000   Number         0  common.o ABSOLUTE
    ..\SYS\delay.c                           0x00000000   Number         0  delay.o ABSOLUTE
    ..\USER\batt.c                           0x00000000   Number         0  batt.o ABSOLUTE
    ..\USER\lock.c                           0x00000000   Number         0  lock.o ABSOLUTE
    ..\USER\main.c                           0x00000000   Number         0  main.o ABSOLUTE
    ..\USER\protocol.c                       0x00000000   Number         0  protocol.o ABSOLUTE
    ..\USER\stm32f10x_it.c                   0x00000000   Number         0  stm32f10x_it.o ABSOLUTE
    ..\USER\system_stm32f10x.c               0x00000000   Number         0  system_stm32f10x.o ABSOLUTE
    ..\\CORE\\core_cm3.c                     0x00000000   Number         0  core_cm3.o ABSOLUTE
    ..\driver\24cxx.c                        0x00000000   Number         0  24cxx_1.o ABSOLUTE
    ..\driver\adc.c                          0x00000000   Number         0  adc_1.o ABSOLUTE
    ..\driver\button.c                       0x00000000   Number         0  button.o ABSOLUTE
    ..\driver\gprs.c                         0x00000000   Number         0  gprs.o ABSOLUTE
    ..\driver\gps.c                          0x00000000   Number         0  gps_1.o ABSOLUTE
    ..\driver\key.c                          0x00000000   Number         0  key.o ABSOLUTE
    ..\driver\led.c                          0x00000000   Number         0  led.o ABSOLUTE
    ..\driver\myiic.c                        0x00000000   Number         0  myiic_1.o ABSOLUTE
    ..\driver\rtc.c                          0x00000000   Number         0  rtc_1.o ABSOLUTE
    ..\driver\timer.c                        0x00000000   Number         0  timer_1.o ABSOLUTE
    ..\driver\usart.c                        0x00000000   Number         0  usart_1.o ABSOLUTE
    ..\driver\usart2.c                       0x00000000   Number         0  usart2_1.o ABSOLUTE
    ..\driver\usart3.c                       0x00000000   Number         0  usart3_1.o ABSOLUTE
    ..\tplib\App_md5.c                       0x00000000   Number         0  app_md5.o ABSOLUTE
    ..\tplib\aes.c                           0x00000000   Number         0  aes.o ABSOLUTE
    dc.s                                     0x00000000   Number         0  dc.o ABSOLUTE
    RESET                                    0x08000000   Section      304  startup_stm32f10x_hd.o(RESET)
    !!!main                                  0x08000130   Section        8  __main.o(!!!main)
    !!!scatter                               0x08000138   Section       52  __scatter.o(!!!scatter)
    !!handler_copy                           0x0800016c   Section       26  __scatter_copy.o(!!handler_copy)
    !!handler_zi                             0x08000188   Section       28  __scatter_zi.o(!!handler_zi)
    .ARM.Collect$$_printf_percent$$00000000  0x080001a4   Section        0  _printf_percent.o(.ARM.Collect$$_printf_percent$$00000000)
    .ARM.Collect$$_printf_percent$$00000009  0x080001a4   Section        6  _printf_d.o(.ARM.Collect$$_printf_percent$$00000009)
    .ARM.Collect$$_printf_percent$$00000013  0x080001aa   Section        6  _printf_c.o(.ARM.Collect$$_printf_percent$$00000013)
    .ARM.Collect$$_printf_percent$$00000014  0x080001b0   Section        6  _printf_s.o(.ARM.Collect$$_printf_percent$$00000014)
    .ARM.Collect$$_printf_percent$$00000017  0x080001b6   Section        4  _printf_percent_end.o(.ARM.Collect$$_printf_percent$$00000017)
    .ARM.Collect$$libinit$$00000000          0x080001ba   Section        2  libinit.o(.ARM.Collect$$libinit$$00000000)
    .ARM.Collect$$libinit$$00000002          0x080001bc   Section        0  libinit2.o(.ARM.Collect$$libinit$$00000002)
    .ARM.Collect$$libinit$$00000004          0x080001bc   Section        0  libinit2.o(.ARM.Collect$$libinit$$00000004)
    .ARM.Collect$$libinit$$0000000A          0x080001bc   Section        0  libinit2.o(.ARM.Collect$$libinit$$0000000A)
    .ARM.Collect$$libinit$$0000000C          0x080001bc   Section        0  libinit2.o(.ARM.Collect$$libinit$$0000000C)
    .ARM.Collect$$libinit$$0000000E          0x080001bc   Section        0  libinit2.o(.ARM.Collect$$libinit$$0000000E)
    .ARM.Collect$$libinit$$00000011          0x080001bc   Section        0  libinit2.o(.ARM.Collect$$libinit$$00000011)
    .ARM.Collect$$libinit$$00000013          0x080001bc   Section        0  libinit2.o(.ARM.Collect$$libinit$$00000013)
    .ARM.Collect$$libinit$$00000015          0x080001bc   Section        0  libinit2.o(.ARM.Collect$$libinit$$00000015)
    .ARM.Collect$$libinit$$00000017          0x080001bc   Section        0  libinit2.o(.ARM.Collect$$libinit$$00000017)
    .ARM.Collect$$libinit$$00000019          0x080001bc   Section        0  libinit2.o(.ARM.Collect$$libinit$$00000019)
    .ARM.Collect$$libinit$$0000001B          0x080001bc   Section        0  libinit2.o(.ARM.Collect$$libinit$$0000001B)
    .ARM.Collect$$libinit$$0000001D          0x080001bc   Section        0  libinit2.o(.ARM.Collect$$libinit$$0000001D)
    .ARM.Collect$$libinit$$0000001F          0x080001bc   Section        0  libinit2.o(.ARM.Collect$$libinit$$0000001F)
    .ARM.Collect$$libinit$$00000021          0x080001bc   Section        0  libinit2.o(.ARM.Collect$$libinit$$00000021)
    .ARM.Collect$$libinit$$00000023          0x080001bc   Section        0  libinit2.o(.ARM.Collect$$libinit$$00000023)
    .ARM.Collect$$libinit$$00000025          0x080001bc   Section        0  libinit2.o(.ARM.Collect$$libinit$$00000025)
    .ARM.Collect$$libinit$$0000002C          0x080001bc   Section        0  libinit2.o(.ARM.Collect$$libinit$$0000002C)
    .ARM.Collect$$libinit$$0000002E          0x080001bc   Section        0  libinit2.o(.ARM.Collect$$libinit$$0000002E)
    .ARM.Collect$$libinit$$00000030          0x080001bc   Section        0  libinit2.o(.ARM.Collect$$libinit$$00000030)
    .ARM.Collect$$libinit$$00000032          0x080001bc   Section        0  libinit2.o(.ARM.Collect$$libinit$$00000032)
    .ARM.Collect$$libinit$$00000033          0x080001bc   Section        2  libinit2.o(.ARM.Collect$$libinit$$00000033)
    .ARM.Collect$$libshutdown$$00000000      0x080001be   Section        2  libshutdown.o(.ARM.Collect$$libshutdown$$00000000)
    .ARM.Collect$$libshutdown$$00000002      0x080001c0   Section        0  libshutdown2.o(.ARM.Collect$$libshutdown$$00000002)
    .ARM.Collect$$libshutdown$$00000004      0x080001c0   Section        0  libshutdown2.o(.ARM.Collect$$libshutdown$$00000004)
    .ARM.Collect$$libshutdown$$00000007      0x080001c0   Section        0  libshutdown2.o(.ARM.Collect$$libshutdown$$00000007)
    .ARM.Collect$$libshutdown$$0000000A      0x080001c0   Section        0  libshutdown2.o(.ARM.Collect$$libshutdown$$0000000A)
    .ARM.Collect$$libshutdown$$0000000C      0x080001c0   Section        0  libshutdown2.o(.ARM.Collect$$libshutdown$$0000000C)
    .ARM.Collect$$libshutdown$$0000000F      0x080001c0   Section        0  libshutdown2.o(.ARM.Collect$$libshutdown$$0000000F)
    .ARM.Collect$$libshutdown$$00000010      0x080001c0   Section        2  libshutdown2.o(.ARM.Collect$$libshutdown$$00000010)
    .ARM.Collect$$rtentry$$00000000          0x080001c2   Section        0  __rtentry.o(.ARM.Collect$$rtentry$$00000000)
    .ARM.Collect$$rtentry$$00000002          0x080001c2   Section        0  __rtentry2.o(.ARM.Collect$$rtentry$$00000002)
    .ARM.Collect$$rtentry$$00000004          0x080001c2   Section        6  __rtentry4.o(.ARM.Collect$$rtentry$$00000004)
    .ARM.Collect$$rtentry$$00000009          0x080001c8   Section        0  __rtentry2.o(.ARM.Collect$$rtentry$$00000009)
    .ARM.Collect$$rtentry$$0000000A          0x080001c8   Section        4  __rtentry2.o(.ARM.Collect$$rtentry$$0000000A)
    .ARM.Collect$$rtentry$$0000000C          0x080001cc   Section        0  __rtentry2.o(.ARM.Collect$$rtentry$$0000000C)
    .ARM.Collect$$rtentry$$0000000D          0x080001cc   Section        8  __rtentry2.o(.ARM.Collect$$rtentry$$0000000D)
    .ARM.Collect$$rtexit$$00000000           0x080001d4   Section        2  rtexit.o(.ARM.Collect$$rtexit$$00000000)
    .ARM.Collect$$rtexit$$00000002           0x080001d6   Section        0  rtexit2.o(.ARM.Collect$$rtexit$$00000002)
    .ARM.Collect$$rtexit$$00000003           0x080001d6   Section        4  rtexit2.o(.ARM.Collect$$rtexit$$00000003)
    .ARM.Collect$$rtexit$$00000004           0x080001da   Section        6  rtexit2.o(.ARM.Collect$$rtexit$$00000004)
    .text                                    0x080001e0   Section       64  startup_stm32f10x_hd.o(.text)
    .text                                    0x08000220   Section        0  __2sprintf.o(.text)
    .text                                    0x0800024c   Section        0  _printf_str.o(.text)
    .text                                    0x080002a0   Section        0  _printf_dec.o(.text)
    .text                                    0x08000318   Section        0  __printf_flags_ss_wp.o(.text)
    .text                                    0x080004a0   Section        0  strstr.o(.text)
    .text                                    0x080004c4   Section        0  strcpy.o(.text)
    .text                                    0x0800050c   Section        0  strncmp.o(.text)
    .text                                    0x080005a2   Section      138  rt_memcpy_v6.o(.text)
    .text                                    0x0800062c   Section       68  rt_memclr.o(.text)
    .text                                    0x08000670   Section       78  rt_memclr_w.o(.text)
    .text                                    0x080006be   Section        0  heapauxi.o(.text)
    .text                                    0x080006c4   Section        0  _printf_intcommon.o(.text)
    .text                                    0x08000778   Section        0  _printf_char_common.o(.text)
    _printf_input_char                       0x08000779   Thumb Code    10  _printf_char_common.o(.text)
    .text                                    0x080007a8   Section        0  _sputc.o(.text)
    .text                                    0x080007b2   Section        0  _printf_char.o(.text)
    .text                                    0x080007de   Section      100  rt_memcpy_w.o(.text)
    .text                                    0x08000844   Section        8  libspace.o(.text)
    .text                                    0x0800084c   Section        2  use_no_semi.o(.text)
    .text                                    0x0800084e   Section       74  sys_stackheap_outer.o(.text)
    .text                                    0x0800084e   Section        0  indicate_semi.o(.text)
    .text                                    0x08000898   Section        0  exit.o(.text)
    .text                                    0x080008ac   Section        0  sys_exit.o(.text)
    i.ADC_Cmd                                0x080008b8   Section        0  stm32f10x_adc.o(i.ADC_Cmd)
    i.ADC_DeInit                             0x080008d0   Section        0  stm32f10x_adc.o(i.ADC_DeInit)
    i.ADC_GetCalibrationStatus               0x0800092c   Section        0  stm32f10x_adc.o(i.ADC_GetCalibrationStatus)
    i.ADC_GetConversionValue                 0x08000940   Section        0  stm32f10x_adc.o(i.ADC_GetConversionValue)
    i.ADC_GetFlagStatus                      0x08000948   Section        0  stm32f10x_adc.o(i.ADC_GetFlagStatus)
    i.ADC_GetResetCalibrationStatus          0x0800095a   Section        0  stm32f10x_adc.o(i.ADC_GetResetCalibrationStatus)
    i.ADC_Init                               0x08000970   Section        0  stm32f10x_adc.o(i.ADC_Init)
    i.ADC_RegularChannelConfig               0x080009c0   Section        0  stm32f10x_adc.o(i.ADC_RegularChannelConfig)
    i.ADC_ResetCalibration                   0x08000a78   Section        0  stm32f10x_adc.o(i.ADC_ResetCalibration)
    i.ADC_SoftwareStartConvCmd               0x08000a82   Section        0  stm32f10x_adc.o(i.ADC_SoftwareStartConvCmd)
    i.ADC_StartCalibration                   0x08000a98   Section        0  stm32f10x_adc.o(i.ADC_StartCalibration)
    i.Adc_Init                               0x08000aa4   Section        0  adc_1.o(i.Adc_Init)
    i.BusFault_Handler                       0x08000b30   Section        0  stm32f10x_it.o(i.BusFault_Handler)
    i.DMA_DeInit                             0x08000b34   Section        0  stm32f10x_dma.o(i.DMA_DeInit)
    i.DMA_Init                               0x08000c80   Section        0  stm32f10x_dma.o(i.DMA_Init)
    i.DebugMon_Handler                       0x08000cbc   Section        0  stm32f10x_it.o(i.DebugMon_Handler)
    i.Decode                                 0x08000cbe   Section        0  app_md5.o(i.Decode)
    Decode                                   0x08000cbf   Thumb Code    50  app_md5.o(i.Decode)
    i.Encode                                 0x08000cf0   Section        0  app_md5.o(i.Encode)
    Encode                                   0x08000cf1   Thumb Code    62  app_md5.o(i.Encode)
    i.GPIO_Init                              0x08000d2e   Section        0  stm32f10x_gpio.o(i.GPIO_Init)
    i.GPIO_ReadInputDataBit                  0x08000e44   Section        0  stm32f10x_gpio.o(i.GPIO_ReadInputDataBit)
    i.GPIO_ResetBits                         0x08000e56   Section        0  stm32f10x_gpio.o(i.GPIO_ResetBits)
    i.GPIO_SetBits                           0x08000e5a   Section        0  stm32f10x_gpio.o(i.GPIO_SetBits)
    i.Get_Adc                                0x08000e60   Section        0  adc_1.o(i.Get_Adc)
    i.Get_Adc_Average                        0x08000e94   Section        0  adc_1.o(i.Get_Adc_Average)
    i.HardFault_Handler                      0x08000ec2   Section        0  stm32f10x_it.o(i.HardFault_Handler)
    i.Is_Leap_Year                           0x08000ec6   Section        0  rtc_1.o(i.Is_Leap_Year)
    i.MD5Final                               0x08000f00   Section        0  app_md5.o(i.MD5Final)
    i.MD5Init                                0x08000f58   Section        0  app_md5.o(i.MD5Init)
    i.MD5Transform                           0x08000f80   Section        0  app_md5.o(i.MD5Transform)
    MD5Transform                             0x08000f81   Thumb Code  1906  app_md5.o(i.MD5Transform)
    i.MD5Update                              0x0800175c   Section        0  app_md5.o(i.MD5Update)
    i.MakeFile_MD5_Checksum                  0x080017e0   Section        0  app_md5.o(i.MakeFile_MD5_Checksum)
    i.MemManage_Handler                      0x08001840   Section        0  stm32f10x_it.o(i.MemManage_Handler)
    i.NMI_Handler                            0x08001844   Section        0  stm32f10x_it.o(i.NMI_Handler)
    i.NVIC_Init                              0x08001848   Section        0  misc.o(i.NVIC_Init)
    i.NVIC_PriorityGroupConfig               0x080018b8   Section        0  misc.o(i.NVIC_PriorityGroupConfig)
    i.Park_Lock_Close                        0x080018cc   Section        0  led.o(i.Park_Lock_Close)
    i.Park_Lock_Open                         0x080018e4   Section        0  led.o(i.Park_Lock_Open)
    i.Park_Lock_stop                         0x080018fc   Section        0  led.o(i.Park_Lock_stop)
    i.PendSV_Handler                         0x08001914   Section        0  stm32f10x_it.o(i.PendSV_Handler)
    i.RCC_ADCCLKConfig                       0x08001918   Section        0  stm32f10x_rcc.o(i.RCC_ADCCLKConfig)
    i.RCC_AHBPeriphClockCmd                  0x08001930   Section        0  stm32f10x_rcc.o(i.RCC_AHBPeriphClockCmd)
    i.RCC_APB1PeriphClockCmd                 0x08001950   Section        0  stm32f10x_rcc.o(i.RCC_APB1PeriphClockCmd)
    i.RCC_APB1PeriphResetCmd                 0x08001970   Section        0  stm32f10x_rcc.o(i.RCC_APB1PeriphResetCmd)
    i.RCC_APB2PeriphClockCmd                 0x08001990   Section        0  stm32f10x_rcc.o(i.RCC_APB2PeriphClockCmd)
    i.RCC_APB2PeriphResetCmd                 0x080019b0   Section        0  stm32f10x_rcc.o(i.RCC_APB2PeriphResetCmd)
    i.RCC_GetClocksFreq                      0x080019d0   Section        0  stm32f10x_rcc.o(i.RCC_GetClocksFreq)
    i.RTC_ClearITPendingBit                  0x08001aac   Section        0  stm32f10x_rtc.o(i.RTC_ClearITPendingBit)
    i.RTC_Get                                0x08001abc   Section        0  rtc_1.o(i.RTC_Get)
    i.RTC_GetCounter                         0x08001bbc   Section        0  stm32f10x_rtc.o(i.RTC_GetCounter)
    i.RTC_GetITStatus                        0x08001bd0   Section        0  stm32f10x_rtc.o(i.RTC_GetITStatus)
    i.RTC_Get_Week                           0x08001bf4   Section        0  rtc_1.o(i.RTC_Get_Week)
    i.RTC_IRQHandler                         0x08001c6c   Section        0  rtc_1.o(i.RTC_IRQHandler)
    i.RTC_WaitForLastTask                    0x08001c94   Section        0  stm32f10x_rtc.o(i.RTC_WaitForLastTask)
    i.SVC_Handler                            0x08001ca8   Section        0  stm32f10x_it.o(i.SVC_Handler)
    i.SetSysClock                            0x08001caa   Section        0  system_stm32f10x.o(i.SetSysClock)
    SetSysClock                              0x08001cab   Thumb Code     8  system_stm32f10x.o(i.SetSysClock)
    i.SetSysClockTo72                        0x08001cb4   Section        0  system_stm32f10x.o(i.SetSysClockTo72)
    SetSysClockTo72                          0x08001cb5   Thumb Code   214  system_stm32f10x.o(i.SetSysClockTo72)
    i.SysTick_Handler                        0x08001d94   Section        0  stm32f10x_it.o(i.SysTick_Handler)
    i.SystemInit                             0x08001d98   Section        0  system_stm32f10x.o(i.SystemInit)
    i.TIM2_IRQHandler                        0x08001df8   Section        0  timer_1.o(i.TIM2_IRQHandler)
    i.TIM4_IRQHandler                        0x08001e44   Section        0  usart3_1.o(i.TIM4_IRQHandler)
    i.TIM4_Init                              0x08001e74   Section        0  usart3_1.o(i.TIM4_Init)
    i.TIM4_Set                               0x08001ecc   Section        0  usart3_1.o(i.TIM4_Set)
    i.TIM_ClearFlag                          0x08001ef4   Section        0  stm32f10x_tim.o(i.TIM_ClearFlag)
    i.TIM_ClearITPendingBit                  0x08001efa   Section        0  stm32f10x_tim.o(i.TIM_ClearITPendingBit)
    i.TIM_Cmd                                0x08001f00   Section        0  stm32f10x_tim.o(i.TIM_Cmd)
    i.TIM_DeInit                             0x08001f18   Section        0  stm32f10x_tim.o(i.TIM_DeInit)
    i.TIM_GetITStatus                        0x08002100   Section        0  stm32f10x_tim.o(i.TIM_GetITStatus)
    i.TIM_ITConfig                           0x08002122   Section        0  stm32f10x_tim.o(i.TIM_ITConfig)
    i.TIM_SetCounter                         0x08002134   Section        0  stm32f10x_tim.o(i.TIM_SetCounter)
    i.TIM_TimeBaseInit                       0x08002138   Section        0  stm32f10x_tim.o(i.TIM_TimeBaseInit)
    i.UART_DMA_Config                        0x080021dc   Section        0  usart3_1.o(i.UART_DMA_Config)
    i.USART1_IRQHandler                      0x08002224   Section        0  usart_1.o(i.USART1_IRQHandler)
    i.USART2_IRQHandler                      0x080022bc   Section        0  usart_1.o(i.USART2_IRQHandler)
    i.USART3_IRQHandler                      0x08002388   Section        0  usart_1.o(i.USART3_IRQHandler)
    i.USART3_Init                            0x08002414   Section        0  usart3_1.o(i.USART3_Init)
    i.USART_ClearITPendingBit                0x080024fc   Section        0  stm32f10x_usart.o(i.USART_ClearITPendingBit)
    i.USART_Cmd                              0x0800251a   Section        0  stm32f10x_usart.o(i.USART_Cmd)
    i.USART_DMACmd                           0x08002532   Section        0  stm32f10x_usart.o(i.USART_DMACmd)
    i.USART_DeInit                           0x08002544   Section        0  stm32f10x_usart.o(i.USART_DeInit)
    i.USART_GetFlagStatus                    0x080025e0   Section        0  stm32f10x_usart.o(i.USART_GetFlagStatus)
    i.USART_GetITStatus                      0x080025fa   Section        0  stm32f10x_usart.o(i.USART_GetITStatus)
    i.USART_ITConfig                         0x0800264e   Section        0  stm32f10x_usart.o(i.USART_ITConfig)
    i.USART_Init                             0x08002698   Section        0  stm32f10x_usart.o(i.USART_Init)
    i.USART_OUT                              0x08002770   Section        0  usart_1.o(i.USART_OUT)
    i.USART_ReceiveData                      0x08002884   Section        0  stm32f10x_usart.o(i.USART_ReceiveData)
    i.USART_SendData                         0x0800288e   Section        0  stm32f10x_usart.o(i.USART_SendData)
    i.UsageFault_Handler                     0x08002896   Section        0  stm32f10x_it.o(i.UsageFault_Handler)
    i._is_digit                              0x0800289a   Section        0  __printf_wp.o(i._is_digit)
    i.bsp_init                               0x080028a8   Section        0  bsp.o(i.bsp_init)
    i.bsp_nvic_init                          0x080028e2   Section        0  bsp.o(i.bsp_nvic_init)
    i.bsp_rcc_init                           0x08002962   Section        0  bsp.o(i.bsp_rcc_init)
    i.gpio_init                              0x080029a8   Section        0  bsp.o(i.gpio_init)
    i.gprs_check_cmd                         0x08002af8   Section        0  gprs.o(i.gprs_check_cmd)
    i.gprs_config                            0x08002b10   Section        0  gprs.o(i.gprs_config)
    i.gprs_power_on                          0x08002f48   Section        0  gprs.o(i.gprs_power_on)
    i.gprs_send_at                           0x08002f4c   Section        0  gprs.o(i.gprs_send_at)
    i.main                                   0x08003000   Section        0  main.o(i.main)
    i.timer2_init                            0x080036b8   Section        0  timer_1.o(i.timer2_init)
    i.timer_delay_1ms                        0x08003708   Section        0  timer_1.o(i.timer_delay_1ms)
    i.timer_is_timeout_1ms                   0x0800371c   Section        0  timer_1.o(i.timer_is_timeout_1ms)
    i.usart1_init                            0x08003740   Section        0  usart_1.o(i.usart1_init)
    i.usart1_recv_data                       0x0800378c   Section        0  usart_1.o(i.usart1_recv_data)
    i.usart2_init                            0x080037cc   Section        0  usart_1.o(i.usart2_init)
    i.usart2_recv_data                       0x0800380c   Section        0  usart_1.o(i.usart2_recv_data)
    .constdata                               0x08003850   Section       24  rtc_1.o(.constdata)
    .constdata                               0x08003868   Section       17  __printf_flags_ss_wp.o(.constdata)
    maptable                                 0x08003868   Data          17  __printf_flags_ss_wp.o(.constdata)
    .data                                    0x20000000   Section       84  main.o(.data)
    .data                                    0x20000054   Section       20  stm32f10x_rcc.o(.data)
    APBAHBPrescTable                         0x20000054   Data          16  stm32f10x_rcc.o(.data)
    ADCPrescTable                            0x20000064   Data           4  stm32f10x_rcc.o(.data)
    .data                                    0x20000068   Section        2  rtc_1.o(.data)
    daycnt                                   0x20000068   Data           2  rtc_1.o(.data)
    .data                                    0x2000006c   Section        4  timer_1.o(.data)
    .data                                    0x20000070   Section        2  usart3_1.o(.data)
    .data                                    0x20000074   Section       21  usart_1.o(.data)
    .data                                    0x2000008a   Section        8  gprs.o(.data)
    gprs_init_flag                           0x20000091   Data           1  gprs.o(.data)
    .data                                    0x20000092   Section       80  app_md5.o(.data)
    PADDING                                  0x200000a2   Data          64  app_md5.o(.data)
    .bss                                     0x200000e4   Section     2576  main.o(.bss)
    .bss                                     0x20000af4   Section       10  rtc_1.o(.bss)
    .bss                                     0x20000b00   Section       44  timer_1.o(.bss)
    .bss                                     0x20000b30   Section     1024  usart3_1.o(.bss)
    .bss                                     0x20000f30   Section     1538  usart_1.o(.bss)
    sb                                       0x20000f30   Data         514  usart_1.o(.bss)
    .bss                                     0x20001532   Section      528  gprs.o(.bss)
    .bss                                     0x20001744   Section       96  libspace.o(.bss)
    HEAP                                     0x200017a8   Section      512  startup_stm32f10x_hd.o(HEAP)
    Heap_Mem                                 0x200017a8   Data         512  startup_stm32f10x_hd.o(HEAP)
    STACK                                    0x200019a8   Section     1024  startup_stm32f10x_hd.o(STACK)
    Stack_Mem                                0x200019a8   Data        1024  startup_stm32f10x_hd.o(STACK)
    __initial_sp                             0x20001da8   Data           0  startup_stm32f10x_hd.o(STACK)

    Global Symbols

    Symbol Name                              Value     Ov Type        Size  Object(Section)

    BuildAttributes$$THM_ISAv4$P$D$K$B$S$PE$A:L22UL41UL21$X:L11$S22US41US21$IEEE1$IW$USESV6$~STKCKD$USESV7$~SHL$OTIME$ROPI$IEEEJ$EBA8$UX$STANDARDLIB$REQ8$PRES8$EABIv2 0x00000000   Number         0  anon$$obj.o ABSOLUTE
    __ARM_use_no_argv                        0x00000000   Number         0  main.o ABSOLUTE
    _printf_flags                            0x00000000   Number         0  printf_stubs.o ABSOLUTE
    _printf_return_value                     0x00000000   Number         0  printf_stubs.o ABSOLUTE
    _printf_sizespec                         0x00000000   Number         0  printf_stubs.o ABSOLUTE
    _printf_widthprec                        0x00000000   Number         0  printf_stubs.o ABSOLUTE
    __ARM_exceptions_init                     - Undefined Weak Reference
    __alloca_initialize                       - Undefined Weak Reference
    __arm_preinit_                            - Undefined Weak Reference
    __cpp_initialize__aeabi_                  - Undefined Weak Reference
    __cxa_finalize                            - Undefined Weak Reference
    __sigvec_lookup                           - Undefined Weak Reference
    __user_heap_extent                        - Undefined Weak Reference
    _atexit_init                              - Undefined Weak Reference
    _call_atexit_fns                          - Undefined Weak Reference
    _clock_init                               - Undefined Weak Reference
    _fp_trap_init                             - Undefined Weak Reference
    _fp_trap_shutdown                         - Undefined Weak Reference
    _get_lc_collate                           - Undefined Weak Reference
    _get_lc_monetary                          - Undefined Weak Reference
    _get_lc_time                              - Undefined Weak Reference
    _getenv_init                              - Undefined Weak Reference
    _handle_redirection                       - Undefined Weak Reference
    _mutex_acquire                            - Undefined Weak Reference
    _mutex_free                               - Undefined Weak Reference
    _mutex_release                            - Undefined Weak Reference
    _printf_fp_hex                            - Undefined Weak Reference
    _printf_mbtowc                            - Undefined Weak Reference
    _printf_wc                                - Undefined Weak Reference
    _rand_init                                - Undefined Weak Reference
    _signal_finish                            - Undefined Weak Reference
    _signal_init                              - Undefined Weak Reference
    __Vectors_Size                           0x00000130   Number         0  startup_stm32f10x_hd.o ABSOLUTE
    __Vectors                                0x08000000   Data           4  startup_stm32f10x_hd.o(RESET)
    __Vectors_End                            0x08000130   Data           0  startup_stm32f10x_hd.o(RESET)
    __main                                   0x08000131   Thumb Code     8  __main.o(!!!main)
    __scatterload                            0x08000139   Thumb Code     0  __scatter.o(!!!scatter)
    __scatterload_rt2                        0x08000139   Thumb Code    44  __scatter.o(!!!scatter)
    __scatterload_rt2_thumb_only             0x08000139   Thumb Code     0  __scatter.o(!!!scatter)
    __scatterload_null                       0x08000147   Thumb Code     0  __scatter.o(!!!scatter)
    __scatterload_copy                       0x0800016d   Thumb Code    26  __scatter_copy.o(!!handler_copy)
    __scatterload_zeroinit                   0x08000189   Thumb Code    28  __scatter_zi.o(!!handler_zi)
    _printf_d                                0x080001a5   Thumb Code     0  _printf_d.o(.ARM.Collect$$_printf_percent$$00000009)
    _printf_percent                          0x080001a5   Thumb Code     0  _printf_percent.o(.ARM.Collect$$_printf_percent$$00000000)
    _printf_c                                0x080001ab   Thumb Code     0  _printf_c.o(.ARM.Collect$$_printf_percent$$00000013)
    _printf_s                                0x080001b1   Thumb Code     0  _printf_s.o(.ARM.Collect$$_printf_percent$$00000014)
    _printf_percent_end                      0x080001b7   Thumb Code     0  _printf_percent_end.o(.ARM.Collect$$_printf_percent$$00000017)
    __rt_lib_init                            0x080001bb   Thumb Code     0  libinit.o(.ARM.Collect$$libinit$$00000000)
    __rt_lib_init_alloca_1                   0x080001bd   Thumb Code     0  libinit2.o(.ARM.Collect$$libinit$$0000002E)
    __rt_lib_init_argv_1                     0x080001bd   Thumb Code     0  libinit2.o(.ARM.Collect$$libinit$$0000002C)
    __rt_lib_init_atexit_1                   0x080001bd   Thumb Code     0  libinit2.o(.ARM.Collect$$libinit$$0000001B)
    __rt_lib_init_clock_1                    0x080001bd   Thumb Code     0  libinit2.o(.ARM.Collect$$libinit$$00000021)
    __rt_lib_init_cpp_1                      0x080001bd   Thumb Code     0  libinit2.o(.ARM.Collect$$libinit$$00000032)
    __rt_lib_init_exceptions_1               0x080001bd   Thumb Code     0  libinit2.o(.ARM.Collect$$libinit$$00000030)
    __rt_lib_init_fp_1                       0x080001bd   Thumb Code     0  libinit2.o(.ARM.Collect$$libinit$$00000002)
    __rt_lib_init_fp_trap_1                  0x080001bd   Thumb Code     0  libinit2.o(.ARM.Collect$$libinit$$0000001F)
    __rt_lib_init_getenv_1                   0x080001bd   Thumb Code     0  libinit2.o(.ARM.Collect$$libinit$$00000023)
    __rt_lib_init_heap_1                     0x080001bd   Thumb Code     0  libinit2.o(.ARM.Collect$$libinit$$0000000A)
    __rt_lib_init_lc_collate_1               0x080001bd   Thumb Code     0  libinit2.o(.ARM.Collect$$libinit$$00000011)
    __rt_lib_init_lc_ctype_1                 0x080001bd   Thumb Code     0  libinit2.o(.ARM.Collect$$libinit$$00000013)
    __rt_lib_init_lc_monetary_1              0x080001bd   Thumb Code     0  libinit2.o(.ARM.Collect$$libinit$$00000015)
    __rt_lib_init_lc_numeric_1               0x080001bd   Thumb Code     0  libinit2.o(.ARM.Collect$$libinit$$00000017)
    __rt_lib_init_lc_time_1                  0x080001bd   Thumb Code     0  libinit2.o(.ARM.Collect$$libinit$$00000019)
    __rt_lib_init_preinit_1                  0x080001bd   Thumb Code     0  libinit2.o(.ARM.Collect$$libinit$$00000004)
    __rt_lib_init_rand_1                     0x080001bd   Thumb Code     0  libinit2.o(.ARM.Collect$$libinit$$0000000E)
    __rt_lib_init_return                     0x080001bd   Thumb Code     0  libinit2.o(.ARM.Collect$$libinit$$00000033)
    __rt_lib_init_signal_1                   0x080001bd   Thumb Code     0  libinit2.o(.ARM.Collect$$libinit$$0000001D)
    __rt_lib_init_stdio_1                    0x080001bd   Thumb Code     0  libinit2.o(.ARM.Collect$$libinit$$00000025)
    __rt_lib_init_user_alloc_1               0x080001bd   Thumb Code     0  libinit2.o(.ARM.Collect$$libinit$$0000000C)
    __rt_lib_shutdown                        0x080001bf   Thumb Code     0  libshutdown.o(.ARM.Collect$$libshutdown$$00000000)
    __rt_lib_shutdown_cpp_1                  0x080001c1   Thumb Code     0  libshutdown2.o(.ARM.Collect$$libshutdown$$00000002)
    __rt_lib_shutdown_fp_trap_1              0x080001c1   Thumb Code     0  libshutdown2.o(.ARM.Collect$$libshutdown$$00000007)
    __rt_lib_shutdown_heap_1                 0x080001c1   Thumb Code     0  libshutdown2.o(.ARM.Collect$$libshutdown$$0000000F)
    __rt_lib_shutdown_return                 0x080001c1   Thumb Code     0  libshutdown2.o(.ARM.Collect$$libshutdown$$00000010)
    __rt_lib_shutdown_signal_1               0x080001c1   Thumb Code     0  libshutdown2.o(.ARM.Collect$$libshutdown$$0000000A)
    __rt_lib_shutdown_stdio_1                0x080001c1   Thumb Code     0  libshutdown2.o(.ARM.Collect$$libshutdown$$00000004)
    __rt_lib_shutdown_user_alloc_1           0x080001c1   Thumb Code     0  libshutdown2.o(.ARM.Collect$$libshutdown$$0000000C)
    __rt_entry                               0x080001c3   Thumb Code     0  __rtentry.o(.ARM.Collect$$rtentry$$00000000)
    __rt_entry_presh_1                       0x080001c3   Thumb Code     0  __rtentry2.o(.ARM.Collect$$rtentry$$00000002)
    __rt_entry_sh                            0x080001c3   Thumb Code     0  __rtentry4.o(.ARM.Collect$$rtentry$$00000004)
    __rt_entry_li                            0x080001c9   Thumb Code     0  __rtentry2.o(.ARM.Collect$$rtentry$$0000000A)
    __rt_entry_postsh_1                      0x080001c9   Thumb Code     0  __rtentry2.o(.ARM.Collect$$rtentry$$00000009)
    __rt_entry_main                          0x080001cd   Thumb Code     0  __rtentry2.o(.ARM.Collect$$rtentry$$0000000D)
    __rt_entry_postli_1                      0x080001cd   Thumb Code     0  __rtentry2.o(.ARM.Collect$$rtentry$$0000000C)
    __rt_exit                                0x080001d5   Thumb Code     0  rtexit.o(.ARM.Collect$$rtexit$$00000000)
    __rt_exit_ls                             0x080001d7   Thumb Code     0  rtexit2.o(.ARM.Collect$$rtexit$$00000003)
    __rt_exit_prels_1                        0x080001d7   Thumb Code     0  rtexit2.o(.ARM.Collect$$rtexit$$00000002)
    __rt_exit_exit                           0x080001db   Thumb Code     0  rtexit2.o(.ARM.Collect$$rtexit$$00000004)
    Reset_Handler                            0x080001e1   Thumb Code     8  startup_stm32f10x_hd.o(.text)
    ADC1_2_IRQHandler                        0x080001fb   Thumb Code     0  startup_stm32f10x_hd.o(.text)
    ADC3_IRQHandler                          0x080001fb   Thumb Code     0  startup_stm32f10x_hd.o(.text)
    CAN1_RX1_IRQHandler                      0x080001fb   Thumb Code     0  startup_stm32f10x_hd.o(.text)
    CAN1_SCE_IRQHandler                      0x080001fb   Thumb Code     0  startup_stm32f10x_hd.o(.text)
    DMA1_Channel1_IRQHandler                 0x080001fb   Thumb Code     0  startup_stm32f10x_hd.o(.text)
    DMA1_Channel2_IRQHandler                 0x080001fb   Thumb Code     0  startup_stm32f10x_hd.o(.text)
    DMA1_Channel3_IRQHandler                 0x080001fb   Thumb Code     0  startup_stm32f10x_hd.o(.text)
    DMA1_Channel4_IRQHandler                 0x080001fb   Thumb Code     0  startup_stm32f10x_hd.o(.text)
    DMA1_Channel5_IRQHandler                 0x080001fb   Thumb Code     0  startup_stm32f10x_hd.o(.text)
    DMA1_Channel6_IRQHandler                 0x080001fb   Thumb Code     0  startup_stm32f10x_hd.o(.text)
    DMA1_Channel7_IRQHandler                 0x080001fb   Thumb Code     0  startup_stm32f10x_hd.o(.text)
    DMA2_Channel1_IRQHandler                 0x080001fb   Thumb Code     0  startup_stm32f10x_hd.o(.text)
    DMA2_Channel2_IRQHandler                 0x080001fb   Thumb Code     0  startup_stm32f10x_hd.o(.text)
    DMA2_Channel3_IRQHandler                 0x080001fb   Thumb Code     0  startup_stm32f10x_hd.o(.text)
    DMA2_Channel4_5_IRQHandler               0x080001fb   Thumb Code     0  startup_stm32f10x_hd.o(.text)
    EXTI0_IRQHandler                         0x080001fb   Thumb Code     0  startup_stm32f10x_hd.o(.text)
    EXTI15_10_IRQHandler                     0x080001fb   Thumb Code     0  startup_stm32f10x_hd.o(.text)
    EXTI1_IRQHandler                         0x080001fb   Thumb Code     0  startup_stm32f10x_hd.o(.text)
    EXTI2_IRQHandler                         0x080001fb   Thumb Code     0  startup_stm32f10x_hd.o(.text)
    EXTI3_IRQHandler                         0x080001fb   Thumb Code     0  startup_stm32f10x_hd.o(.text)
    EXTI4_IRQHandler                         0x080001fb   Thumb Code     0  startup_stm32f10x_hd.o(.text)
    EXTI9_5_IRQHandler                       0x080001fb   Thumb Code     0  startup_stm32f10x_hd.o(.text)
    FLASH_IRQHandler                         0x080001fb   Thumb Code     0  startup_stm32f10x_hd.o(.text)
    FSMC_IRQHandler                          0x080001fb   Thumb Code     0  startup_stm32f10x_hd.o(.text)
    I2C1_ER_IRQHandler                       0x080001fb   Thumb Code     0  startup_stm32f10x_hd.o(.text)
    I2C1_EV_IRQHandler                       0x080001fb   Thumb Code     0  startup_stm32f10x_hd.o(.text)
    I2C2_ER_IRQHandler                       0x080001fb   Thumb Code     0  startup_stm32f10x_hd.o(.text)
    I2C2_EV_IRQHandler                       0x080001fb   Thumb Code     0  startup_stm32f10x_hd.o(.text)
    PVD_IRQHandler                           0x080001fb   Thumb Code     0  startup_stm32f10x_hd.o(.text)
    RCC_IRQHandler                           0x080001fb   Thumb Code     0  startup_stm32f10x_hd.o(.text)
    RTCAlarm_IRQHandler                      0x080001fb   Thumb Code     0  startup_stm32f10x_hd.o(.text)
    SDIO_IRQHandler                          0x080001fb   Thumb Code     0  startup_stm32f10x_hd.o(.text)
    SPI1_IRQHandler                          0x080001fb   Thumb Code     0  startup_stm32f10x_hd.o(.text)
    SPI2_IRQHandler                          0x080001fb   Thumb Code     0  startup_stm32f10x_hd.o(.text)
    SPI3_IRQHandler                          0x080001fb   Thumb Code     0  startup_stm32f10x_hd.o(.text)
    TAMPER_IRQHandler                        0x080001fb   Thumb Code     0  startup_stm32f10x_hd.o(.text)
    TIM1_BRK_IRQHandler                      0x080001fb   Thumb Code     0  startup_stm32f10x_hd.o(.text)
    TIM1_CC_IRQHandler                       0x080001fb   Thumb Code     0  startup_stm32f10x_hd.o(.text)
    TIM1_TRG_COM_IRQHandler                  0x080001fb   Thumb Code     0  startup_stm32f10x_hd.o(.text)
    TIM1_UP_IRQHandler                       0x080001fb   Thumb Code     0  startup_stm32f10x_hd.o(.text)
    TIM3_IRQHandler                          0x080001fb   Thumb Code     0  startup_stm32f10x_hd.o(.text)
    TIM5_IRQHandler                          0x080001fb   Thumb Code     0  startup_stm32f10x_hd.o(.text)
    TIM6_IRQHandler                          0x080001fb   Thumb Code     0  startup_stm32f10x_hd.o(.text)
    TIM7_IRQHandler                          0x080001fb   Thumb Code     0  startup_stm32f10x_hd.o(.text)
    TIM8_BRK_IRQHandler                      0x080001fb   Thumb Code     0  startup_stm32f10x_hd.o(.text)
    TIM8_CC_IRQHandler                       0x080001fb   Thumb Code     0  startup_stm32f10x_hd.o(.text)
    TIM8_TRG_COM_IRQHandler                  0x080001fb   Thumb Code     0  startup_stm32f10x_hd.o(.text)
    TIM8_UP_IRQHandler                       0x080001fb   Thumb Code     0  startup_stm32f10x_hd.o(.text)
    UART4_IRQHandler                         0x080001fb   Thumb Code     0  startup_stm32f10x_hd.o(.text)
    UART5_IRQHandler                         0x080001fb   Thumb Code     0  startup_stm32f10x_hd.o(.text)
    USBWakeUp_IRQHandler                     0x080001fb   Thumb Code     0  startup_stm32f10x_hd.o(.text)
    USB_HP_CAN1_TX_IRQHandler                0x080001fb   Thumb Code     0  startup_stm32f10x_hd.o(.text)
    USB_LP_CAN1_RX0_IRQHandler               0x080001fb   Thumb Code     0  startup_stm32f10x_hd.o(.text)
    WWDG_IRQHandler                          0x080001fb   Thumb Code     0  startup_stm32f10x_hd.o(.text)
    __user_initial_stackheap                 0x080001fd   Thumb Code     0  startup_stm32f10x_hd.o(.text)
    __2sprintf                               0x08000221   Thumb Code    38  __2sprintf.o(.text)
    _printf_str                              0x0800024d   Thumb Code    82  _printf_str.o(.text)
    _printf_int_dec                          0x080002a1   Thumb Code   104  _printf_dec.o(.text)
    __printf                                 0x08000319   Thumb Code   388  __printf_flags_ss_wp.o(.text)
    strstr                                   0x080004a1   Thumb Code    36  strstr.o(.text)
    strcpy                                   0x080004c5   Thumb Code    72  strcpy.o(.text)
    strncmp                                  0x0800050d   Thumb Code   150  strncmp.o(.text)
    __aeabi_memcpy                           0x080005a3   Thumb Code     0  rt_memcpy_v6.o(.text)
    __rt_memcpy                              0x080005a3   Thumb Code   138  rt_memcpy_v6.o(.text)
    _memcpy_lastbytes                        0x08000609   Thumb Code     0  rt_memcpy_v6.o(.text)
    __aeabi_memclr                           0x0800062d   Thumb Code     0  rt_memclr.o(.text)
    __rt_memclr                              0x0800062d   Thumb Code    68  rt_memclr.o(.text)
    _memset                                  0x08000631   Thumb Code     0  rt_memclr.o(.text)
    __aeabi_memclr4                          0x08000671   Thumb Code     0  rt_memclr_w.o(.text)
    __aeabi_memclr8                          0x08000671   Thumb Code     0  rt_memclr_w.o(.text)
    __rt_memclr_w                            0x08000671   Thumb Code    78  rt_memclr_w.o(.text)
    _memset_w                                0x08000675   Thumb Code     0  rt_memclr_w.o(.text)
    __use_two_region_memory                  0x080006bf   Thumb Code     2  heapauxi.o(.text)
    __rt_heap_escrow                         0x080006c1   Thumb Code     2  heapauxi.o(.text)
    __rt_heap_expand                         0x080006c3   Thumb Code     2  heapauxi.o(.text)
    _printf_int_common                       0x080006c5   Thumb Code   178  _printf_intcommon.o(.text)
    _printf_char_common                      0x08000783   Thumb Code    32  _printf_char_common.o(.text)
    _sputc                                   0x080007a9   Thumb Code    10  _sputc.o(.text)
    _printf_cs_common                        0x080007b3   Thumb Code    20  _printf_char.o(.text)
    _printf_char                             0x080007c7   Thumb Code    16  _printf_char.o(.text)
    _printf_string                           0x080007d7   Thumb Code     8  _printf_char.o(.text)
    __aeabi_memcpy4                          0x080007df   Thumb Code     0  rt_memcpy_w.o(.text)
    __aeabi_memcpy8                          0x080007df   Thumb Code     0  rt_memcpy_w.o(.text)
    __rt_memcpy_w                            0x080007df   Thumb Code   100  rt_memcpy_w.o(.text)
    _memcpy_lastbytes_aligned                0x08000827   Thumb Code     0  rt_memcpy_w.o(.text)
    __user_libspace                          0x08000845   Thumb Code     8  libspace.o(.text)
    __user_perproc_libspace                  0x08000845   Thumb Code     0  libspace.o(.text)
    __user_perthread_libspace                0x08000845   Thumb Code     0  libspace.o(.text)
    __I$use$semihosting                      0x0800084d   Thumb Code     0  use_no_semi.o(.text)
    __use_no_semihosting_swi                 0x0800084d   Thumb Code     2  use_no_semi.o(.text)
    __semihosting_library_function           0x0800084f   Thumb Code     0  indicate_semi.o(.text)
    __user_setup_stackheap                   0x0800084f   Thumb Code    74  sys_stackheap_outer.o(.text)
    exit                                     0x08000899   Thumb Code    18  exit.o(.text)
    _sys_exit                                0x080008ad   Thumb Code     8  sys_exit.o(.text)
    ADC_Cmd                                  0x080008b9   Thumb Code    22  stm32f10x_adc.o(i.ADC_Cmd)
    ADC_DeInit                               0x080008d1   Thumb Code    78  stm32f10x_adc.o(i.ADC_DeInit)
    ADC_GetCalibrationStatus                 0x0800092d   Thumb Code    20  stm32f10x_adc.o(i.ADC_GetCalibrationStatus)
    ADC_GetConversionValue                   0x08000941   Thumb Code     8  stm32f10x_adc.o(i.ADC_GetConversionValue)
    ADC_GetFlagStatus                        0x08000949   Thumb Code    18  stm32f10x_adc.o(i.ADC_GetFlagStatus)
    ADC_GetResetCalibrationStatus            0x0800095b   Thumb Code    20  stm32f10x_adc.o(i.ADC_GetResetCalibrationStatus)
    ADC_Init                                 0x08000971   Thumb Code    70  stm32f10x_adc.o(i.ADC_Init)
    ADC_RegularChannelConfig                 0x080009c1   Thumb Code   184  stm32f10x_adc.o(i.ADC_RegularChannelConfig)
    ADC_ResetCalibration                     0x08000a79   Thumb Code    10  stm32f10x_adc.o(i.ADC_ResetCalibration)
    ADC_SoftwareStartConvCmd                 0x08000a83   Thumb Code    22  stm32f10x_adc.o(i.ADC_SoftwareStartConvCmd)
    ADC_StartCalibration                     0x08000a99   Thumb Code    10  stm32f10x_adc.o(i.ADC_StartCalibration)
    Adc_Init                                 0x08000aa5   Thumb Code   132  adc_1.o(i.Adc_Init)
    BusFault_Handler                         0x08000b31   Thumb Code     4  stm32f10x_it.o(i.BusFault_Handler)
    DMA_DeInit                               0x08000b35   Thumb Code   324  stm32f10x_dma.o(i.DMA_DeInit)
    DMA_Init                                 0x08000c81   Thumb Code    60  stm32f10x_dma.o(i.DMA_Init)
    DebugMon_Handler                         0x08000cbd   Thumb Code     2  stm32f10x_it.o(i.DebugMon_Handler)
    GPIO_Init                                0x08000d2f   Thumb Code   278  stm32f10x_gpio.o(i.GPIO_Init)
    GPIO_ReadInputDataBit                    0x08000e45   Thumb Code    18  stm32f10x_gpio.o(i.GPIO_ReadInputDataBit)
    GPIO_ResetBits                           0x08000e57   Thumb Code     4  stm32f10x_gpio.o(i.GPIO_ResetBits)
    GPIO_SetBits                             0x08000e5b   Thumb Code     4  stm32f10x_gpio.o(i.GPIO_SetBits)
    Get_Adc                                  0x08000e61   Thumb Code    46  adc_1.o(i.Get_Adc)
    Get_Adc_Average                          0x08000e95   Thumb Code    46  adc_1.o(i.Get_Adc_Average)
    HardFault_Handler                        0x08000ec3   Thumb Code     4  stm32f10x_it.o(i.HardFault_Handler)
    Is_Leap_Year                             0x08000ec7   Thumb Code    58  rtc_1.o(i.Is_Leap_Year)
    MD5Final                                 0x08000f01   Thumb Code    84  app_md5.o(i.MD5Final)
    MD5Init                                  0x08000f59   Thumb Code    30  app_md5.o(i.MD5Init)
    MD5Update                                0x0800175d   Thumb Code   132  app_md5.o(i.MD5Update)
    MakeFile_MD5_Checksum                    0x080017e1   Thumb Code    86  app_md5.o(i.MakeFile_MD5_Checksum)
    MemManage_Handler                        0x08001841   Thumb Code     4  stm32f10x_it.o(i.MemManage_Handler)
    NMI_Handler                              0x08001845   Thumb Code     2  stm32f10x_it.o(i.NMI_Handler)
    NVIC_Init                                0x08001849   Thumb Code   100  misc.o(i.NVIC_Init)
    NVIC_PriorityGroupConfig                 0x080018b9   Thumb Code    10  misc.o(i.NVIC_PriorityGroupConfig)
    Park_Lock_Close                          0x080018cd   Thumb Code    16  led.o(i.Park_Lock_Close)
    Park_Lock_Open                           0x080018e5   Thumb Code    16  led.o(i.Park_Lock_Open)
    Park_Lock_stop                           0x080018fd   Thumb Code    14  led.o(i.Park_Lock_stop)
    PendSV_Handler                           0x08001915   Thumb Code     2  stm32f10x_it.o(i.PendSV_Handler)
    RCC_ADCCLKConfig                         0x08001919   Thumb Code    18  stm32f10x_rcc.o(i.RCC_ADCCLKConfig)
    RCC_AHBPeriphClockCmd                    0x08001931   Thumb Code    26  stm32f10x_rcc.o(i.RCC_AHBPeriphClockCmd)
    RCC_APB1PeriphClockCmd                   0x08001951   Thumb Code    26  stm32f10x_rcc.o(i.RCC_APB1PeriphClockCmd)
    RCC_APB1PeriphResetCmd                   0x08001971   Thumb Code    26  stm32f10x_rcc.o(i.RCC_APB1PeriphResetCmd)
    RCC_APB2PeriphClockCmd                   0x08001991   Thumb Code    26  stm32f10x_rcc.o(i.RCC_APB2PeriphClockCmd)
    RCC_APB2PeriphResetCmd                   0x080019b1   Thumb Code    26  stm32f10x_rcc.o(i.RCC_APB2PeriphResetCmd)
    RCC_GetClocksFreq                        0x080019d1   Thumb Code   192  stm32f10x_rcc.o(i.RCC_GetClocksFreq)
    RTC_ClearITPendingBit                    0x08001aad   Thumb Code    12  stm32f10x_rtc.o(i.RTC_ClearITPendingBit)
    RTC_Get                                  0x08001abd   Thumb Code   240  rtc_1.o(i.RTC_Get)
    RTC_GetCounter                           0x08001bbd   Thumb Code    16  stm32f10x_rtc.o(i.RTC_GetCounter)
    RTC_GetITStatus                          0x08001bd1   Thumb Code    32  stm32f10x_rtc.o(i.RTC_GetITStatus)
    RTC_Get_Week                             0x08001bf5   Thumb Code   116  rtc_1.o(i.RTC_Get_Week)
    RTC_IRQHandler                           0x08001c6d   Thumb Code    40  rtc_1.o(i.RTC_IRQHandler)
    RTC_WaitForLastTask                      0x08001c95   Thumb Code    16  stm32f10x_rtc.o(i.RTC_WaitForLastTask)
    SVC_Handler                              0x08001ca9   Thumb Code     2  stm32f10x_it.o(i.SVC_Handler)
    SysTick_Handler                          0x08001d95   Thumb Code     2  stm32f10x_it.o(i.SysTick_Handler)
    SystemInit                               0x08001d99   Thumb Code    78  system_stm32f10x.o(i.SystemInit)
    TIM2_IRQHandler                          0x08001df9   Thumb Code    68  timer_1.o(i.TIM2_IRQHandler)
    TIM4_IRQHandler                          0x08001e45   Thumb Code    40  usart3_1.o(i.TIM4_IRQHandler)
    TIM4_Init                                0x08001e75   Thumb Code    82  usart3_1.o(i.TIM4_Init)
    TIM4_Set                                 0x08001ecd   Thumb Code    34  usart3_1.o(i.TIM4_Set)
    TIM_ClearFlag                            0x08001ef5   Thumb Code     6  stm32f10x_tim.o(i.TIM_ClearFlag)
    TIM_ClearITPendingBit                    0x08001efb   Thumb Code     6  stm32f10x_tim.o(i.TIM_ClearITPendingBit)
    TIM_Cmd                                  0x08001f01   Thumb Code    24  stm32f10x_tim.o(i.TIM_Cmd)
    TIM_DeInit                               0x08001f19   Thumb Code   424  stm32f10x_tim.o(i.TIM_DeInit)
    TIM_GetITStatus                          0x08002101   Thumb Code    34  stm32f10x_tim.o(i.TIM_GetITStatus)
    TIM_ITConfig                             0x08002123   Thumb Code    18  stm32f10x_tim.o(i.TIM_ITConfig)
    TIM_SetCounter                           0x08002135   Thumb Code     4  stm32f10x_tim.o(i.TIM_SetCounter)
    TIM_TimeBaseInit                         0x08002139   Thumb Code   122  stm32f10x_tim.o(i.TIM_TimeBaseInit)
    UART_DMA_Config                          0x080021dd   Thumb Code    72  usart3_1.o(i.UART_DMA_Config)
    USART1_IRQHandler                        0x08002225   Thumb Code   130  usart_1.o(i.USART1_IRQHandler)
    USART2_IRQHandler                        0x080022bd   Thumb Code   188  usart_1.o(i.USART2_IRQHandler)
    USART3_IRQHandler                        0x08002389   Thumb Code   126  usart_1.o(i.USART3_IRQHandler)
    USART3_Init                              0x08002415   Thumb Code   210  usart3_1.o(i.USART3_Init)
    USART_ClearITPendingBit                  0x080024fd   Thumb Code    30  stm32f10x_usart.o(i.USART_ClearITPendingBit)
    USART_Cmd                                0x0800251b   Thumb Code    24  stm32f10x_usart.o(i.USART_Cmd)
    USART_DMACmd                             0x08002533   Thumb Code    18  stm32f10x_usart.o(i.USART_DMACmd)
    USART_DeInit                             0x08002545   Thumb Code   134  stm32f10x_usart.o(i.USART_DeInit)
    USART_GetFlagStatus                      0x080025e1   Thumb Code    26  stm32f10x_usart.o(i.USART_GetFlagStatus)
    USART_GetITStatus                        0x080025fb   Thumb Code    84  stm32f10x_usart.o(i.USART_GetITStatus)
    USART_ITConfig                           0x0800264f   Thumb Code    74  stm32f10x_usart.o(i.USART_ITConfig)
    USART_Init                               0x08002699   Thumb Code   210  stm32f10x_usart.o(i.USART_Init)
    USART_OUT                                0x08002771   Thumb Code   270  usart_1.o(i.USART_OUT)
    USART_ReceiveData                        0x08002885   Thumb Code    10  stm32f10x_usart.o(i.USART_ReceiveData)
    USART_SendData                           0x0800288f   Thumb Code     8  stm32f10x_usart.o(i.USART_SendData)
    UsageFault_Handler                       0x08002897   Thumb Code     4  stm32f10x_it.o(i.UsageFault_Handler)
    _is_digit                                0x0800289b   Thumb Code    14  __printf_wp.o(i._is_digit)
    bsp_init                                 0x080028a9   Thumb Code    58  bsp.o(i.bsp_init)
    bsp_nvic_init                            0x080028e3   Thumb Code   128  bsp.o(i.bsp_nvic_init)
    bsp_rcc_init                             0x08002963   Thumb Code    68  bsp.o(i.bsp_rcc_init)
    gpio_init                                0x080029a9   Thumb Code   322  bsp.o(i.gpio_init)
    gprs_check_cmd                           0x08002af9   Thumb Code    20  gprs.o(i.gprs_check_cmd)
    gprs_config                              0x08002b11   Thumb Code   840  gprs.o(i.gprs_config)
    gprs_power_on                            0x08002f49   Thumb Code     2  gprs.o(i.gprs_power_on)
    gprs_send_at                             0x08002f4d   Thumb Code   158  gprs.o(i.gprs_send_at)
    main                                     0x08003001   Thumb Code  1684  main.o(i.main)
    timer2_init                              0x080036b9   Thumb Code    78  timer_1.o(i.timer2_init)
    timer_delay_1ms                          0x08003709   Thumb Code    16  timer_1.o(i.timer_delay_1ms)
    timer_is_timeout_1ms                     0x0800371d   Thumb Code    32  timer_1.o(i.timer_is_timeout_1ms)
    usart1_init                              0x08003741   Thumb Code    70  usart_1.o(i.usart1_init)
    usart1_recv_data                         0x0800378d   Thumb Code    46  usart_1.o(i.usart1_recv_data)
    usart2_init                              0x080037cd   Thumb Code    60  usart_1.o(i.usart2_init)
    usart2_recv_data                         0x0800380d   Thumb Code    50  usart_1.o(i.usart2_recv_data)
    table_week                               0x08003850   Data          12  rtc_1.o(.constdata)
    mon_table                                0x0800385c   Data          12  rtc_1.o(.constdata)
    Region$$Table$$Base                      0x0800387c   Number         0  anon$$obj.o(Region$$Table)
    Region$$Table$$Limit                     0x0800389c   Number         0  anon$$obj.o(Region$$Table)
    Gps_Longi_At24C                          0x20000000   Data           8  main.o(.data)
    Gps_Lati_At24C                           0x20000008   Data           7  main.o(.data)
    Gps_Longi_At24C_Read                     0x2000000f   Data           8  main.o(.data)
    Gps_Lati_At24C_Read                      0x20000017   Data           7  main.o(.data)
    Gps_longi                                0x20000020   Data           4  main.o(.data)
    Gps_Lati                                 0x20000024   Data           4  main.o(.data)
    bell_flag                                0x20000028   Data           1  main.o(.data)
    Shaking                                  0x20000029   Data           1  main.o(.data)
    Shaking_Alarm_Flag                       0x2000002a   Data           1  main.o(.data)
    Bat_V                                    0x2000002c   Data           2  main.o(.data)
    Bat_Pre                                  0x2000002e   Data           2  main.o(.data)
    Bat_Pre_Flag                             0x20000030   Data           1  main.o(.data)
    p1                                       0x20000034   Data           4  main.o(.data)
    p2                                       0x20000038   Data           4  main.o(.data)
    p3                                       0x2000003c   Data           4  main.o(.data)
    p4                                       0x20000040   Data           4  main.o(.data)
    p5                                       0x20000044   Data           4  main.o(.data)
    Lock_Open                                0x20000048   Data           1  main.o(.data)
    Lock_Open_On                             0x20000049   Data           1  main.o(.data)
    Lock_Open_Off                            0x2000004a   Data           1  main.o(.data)
    Lock_Open_Tim5s                          0x2000004b   Data           1  main.o(.data)
    Lock_Close                               0x2000004c   Data           1  main.o(.data)
    Lock_Close_On                            0x2000004d   Data           1  main.o(.data)
    Lock_Close_Off                           0x2000004e   Data           1  main.o(.data)
    Lock_Close_Tim5s                         0x2000004f   Data           1  main.o(.data)
    flag                                     0x20000050   Data           1  main.o(.data)
    second_flag                              0x20000051   Data           1  main.o(.data)
    LOCK_ON_flag                             0x20000052   Data           1  main.o(.data)
    LOCK_OFF_flag                            0x20000053   Data           1  main.o(.data)
    g_timeout_cnt                            0x2000006c   Data           4  timer_1.o(.data)
    USART3_RX_STA                            0x20000070   Data           2  usart3_1.o(.data)
    usart1_rx_buff                           0x20000074   Data           4  usart_1.o(.data)
    usart2_rx_buff                           0x20000078   Data           4  usart_1.o(.data)
    usart3_rx_buff                           0x2000007c   Data           4  usart_1.o(.data)
    usart1_cnt                               0x20000080   Data           2  usart_1.o(.data)
    usart2_cnt                               0x20000082   Data           2  usart_1.o(.data)
    usart1_rx_status                         0x20000084   Data           1  usart_1.o(.data)
    usart2_rx_status                         0x20000085   Data           1  usart_1.o(.data)
    usart3_rx_status                         0x20000086   Data           1  usart_1.o(.data)
    usart4_rx_status                         0x20000087   Data           1  usart_1.o(.data)
    usart5_rx_status                         0x20000088   Data           1  usart_1.o(.data)
    gprs_err_cnt                             0x2000008a   Data           1  gprs.o(.data)
    gprs_status                              0x2000008b   Data           1  gprs.o(.data)
    gprs_rx_cnt                              0x2000008c   Data           2  gprs.o(.data)
    gprs_send_at_flag                        0x2000008e   Data           1  gprs.o(.data)
    gprs_rx_flag                             0x2000008f   Data           1  gprs.o(.data)
    topic_id                                 0x20000090   Data           1  gprs.o(.data)
    bcd2ascii                                0x20000092   Data          16  app_md5.o(.data)
    USART1_TX_BUF                            0x200000e4   Data         512  main.o(.bss)
    cipherText                               0x200002e4   Data         512  main.o(.bss)
    receiveText                              0x200004e4   Data          24  main.o(.bss)
    expressText                              0x200004fc   Data         512  main.o(.bss)
    aesKey                                   0x200006fc   Data          16  main.o(.bss)
    PublishLockBackbuf                       0x2000070c   Data          35  main.o(.bss)
    PublishDataBatbuf                        0x2000072f   Data          35  main.o(.bss)
    PublishDataGpsbuf                        0x20000752   Data          45  main.o(.bss)
    PublishDataSelfCheckbuf                  0x2000077f   Data          35  main.o(.bss)
    gpsx                                     0x200007a2   Data         166  main.o(.bss)
    longitudedtbuf                           0x20000848   Data          30  main.o(.bss)
    latitudedtbuf                            0x20000866   Data          30  main.o(.bss)
    dtbuf                                    0x20000884   Data          50  main.o(.bss)
    self_calendar                            0x200008b6   Data          10  main.o(.bss)
    lockbuf                                  0x200008c0   Data          16  main.o(.bss)
    lockbuff                                 0x200008d0   Data          16  main.o(.bss)
    protocol_buff                            0x200008e0   Data         512  main.o(.bss)
    tmp                                      0x20000ae0   Data          20  main.o(.bss)
    calendar                                 0x20000af4   Data          10  rtc_1.o(.bss)
    g_timer_cnt                              0x20000b00   Data          44  timer_1.o(.bss)
    USART3_TX_BUF                            0x20000b30   Data         512  usart3_1.o(.bss)
    USART3_RX_BUF                            0x20000d30   Data         512  usart3_1.o(.bss)
    usart1_buff                              0x20001132   Data         512  usart_1.o(.bss)
    usart2_buff                              0x20001332   Data         512  usart_1.o(.bss)
    gprs_rx_buf                              0x20001532   Data         512  gprs.o(.bss)
    PARK_LOCK_Buffer                         0x20001732   Data          16  gprs.o(.bss)
    __libspace_start                         0x20001744   Data          96  libspace.o(.bss)
    __temporary_stack_top$libspace           0x200017a4   Data           0  libspace.o(.bss)



==============================================================================

Memory Map of the image

  Image Entry point : 0x08000131

  Load Region LR_IROM1 (Base: 0x08000000, Size: 0x00003980, Max: 0x00040000, ABSOLUTE)

    Execution Region ER_IROM1 (Base: 0x08000000, Size: 0x0000389c, Max: 0x00040000, ABSOLUTE)

    Base Addr    Size         Type   Attr      Idx    E Section Name        Object

    0x08000000   0x00000130   Data   RO         3446    RESET               startup_stm32f10x_hd.o
    0x08000130   0x00000008   Code   RO         4450  * !!!main             c_w.l(__main.o)
    0x08000138   0x00000034   Code   RO         4906    !!!scatter          c_w.l(__scatter.o)
    0x0800016c   0x0000001a   Code   RO         4908    !!handler_copy      c_w.l(__scatter_copy.o)
    0x08000186   0x00000002   PAD
    0x08000188   0x0000001c   Code   RO         4910    !!handler_zi        c_w.l(__scatter_zi.o)
    0x080001a4   0x00000000   Code   RO         4429    .ARM.Collect$$_printf_percent$$00000000  c_w.l(_printf_percent.o)
    0x080001a4   0x00000006   Code   RO         4427    .ARM.Collect$$_printf_percent$$00000009  c_w.l(_printf_d.o)
    0x080001aa   0x00000006   Code   RO         4425    .ARM.Collect$$_printf_percent$$00000013  c_w.l(_printf_c.o)
    0x080001b0   0x00000006   Code   RO         4426    .ARM.Collect$$_printf_percent$$00000014  c_w.l(_printf_s.o)
    0x080001b6   0x00000004   Code   RO         4577    .ARM.Collect$$_printf_percent$$00000017  c_w.l(_printf_percent_end.o)
    0x080001ba   0x00000002   Code   RO         4811    .ARM.Collect$$libinit$$00000000  c_w.l(libinit.o)
    0x080001bc   0x00000000   Code   RO         4598    .ARM.Collect$$libinit$$00000002  c_w.l(libinit2.o)
    0x080001bc   0x00000000   Code   RO         4600    .ARM.Collect$$libinit$$00000004  c_w.l(libinit2.o)
    0x080001bc   0x00000000   Code   RO         4603    .ARM.Collect$$libinit$$0000000A  c_w.l(libinit2.o)
    0x080001bc   0x00000000   Code   RO         4605    .ARM.Collect$$libinit$$0000000C  c_w.l(libinit2.o)
    0x080001bc   0x00000000   Code   RO         4607    .ARM.Collect$$libinit$$0000000E  c_w.l(libinit2.o)
    0x080001bc   0x00000000   Code   RO         4610    .ARM.Collect$$libinit$$00000011  c_w.l(libinit2.o)
    0x080001bc   0x00000000   Code   RO         4612    .ARM.Collect$$libinit$$00000013  c_w.l(libinit2.o)
    0x080001bc   0x00000000   Code   RO         4614    .ARM.Collect$$libinit$$00000015  c_w.l(libinit2.o)
    0x080001bc   0x00000000   Code   RO         4616    .ARM.Collect$$libinit$$00000017  c_w.l(libinit2.o)
    0x080001bc   0x00000000   Code   RO         4618    .ARM.Collect$$libinit$$00000019  c_w.l(libinit2.o)
    0x080001bc   0x00000000   Code   RO         4620    .ARM.Collect$$libinit$$0000001B  c_w.l(libinit2.o)
    0x080001bc   0x00000000   Code   RO         4622    .ARM.Collect$$libinit$$0000001D  c_w.l(libinit2.o)
    0x080001bc   0x00000000   Code   RO         4624    .ARM.Collect$$libinit$$0000001F  c_w.l(libinit2.o)
    0x080001bc   0x00000000   Code   RO         4626    .ARM.Collect$$libinit$$00000021  c_w.l(libinit2.o)
    0x080001bc   0x00000000   Code   RO         4628    .ARM.Collect$$libinit$$00000023  c_w.l(libinit2.o)
    0x080001bc   0x00000000   Code   RO         4630    .ARM.Collect$$libinit$$00000025  c_w.l(libinit2.o)
    0x080001bc   0x00000000   Code   RO         4634    .ARM.Collect$$libinit$$0000002C  c_w.l(libinit2.o)
    0x080001bc   0x00000000   Code   RO         4636    .ARM.Collect$$libinit$$0000002E  c_w.l(libinit2.o)
    0x080001bc   0x00000000   Code   RO         4638    .ARM.Collect$$libinit$$00000030  c_w.l(libinit2.o)
    0x080001bc   0x00000000   Code   RO         4640    .ARM.Collect$$libinit$$00000032  c_w.l(libinit2.o)
    0x080001bc   0x00000002   Code   RO         4641    .ARM.Collect$$libinit$$00000033  c_w.l(libinit2.o)
    0x080001be   0x00000002   Code   RO         4903    .ARM.Collect$$libshutdown$$00000000  c_w.l(libshutdown.o)
    0x080001c0   0x00000000   Code   RO         4813    .ARM.Collect$$libshutdown$$00000002  c_w.l(libshutdown2.o)
    0x080001c0   0x00000000   Code   RO         4815    .ARM.Collect$$libshutdown$$00000004  c_w.l(libshutdown2.o)
    0x080001c0   0x00000000   Code   RO         4818    .ARM.Collect$$libshutdown$$00000007  c_w.l(libshutdown2.o)
    0x080001c0   0x00000000   Code   RO         4821    .ARM.Collect$$libshutdown$$0000000A  c_w.l(libshutdown2.o)
    0x080001c0   0x00000000   Code   RO         4823    .ARM.Collect$$libshutdown$$0000000C  c_w.l(libshutdown2.o)
    0x080001c0   0x00000000   Code   RO         4826    .ARM.Collect$$libshutdown$$0000000F  c_w.l(libshutdown2.o)
    0x080001c0   0x00000002   Code   RO         4827    .ARM.Collect$$libshutdown$$00000010  c_w.l(libshutdown2.o)
    0x080001c2   0x00000000   Code   RO         4494    .ARM.Collect$$rtentry$$00000000  c_w.l(__rtentry.o)
    0x080001c2   0x00000000   Code   RO         4665    .ARM.Collect$$rtentry$$00000002  c_w.l(__rtentry2.o)
    0x080001c2   0x00000006   Code   RO         4677    .ARM.Collect$$rtentry$$00000004  c_w.l(__rtentry4.o)
    0x080001c8   0x00000000   Code   RO         4667    .ARM.Collect$$rtentry$$00000009  c_w.l(__rtentry2.o)
    0x080001c8   0x00000004   Code   RO         4668    .ARM.Collect$$rtentry$$0000000A  c_w.l(__rtentry2.o)
    0x080001cc   0x00000000   Code   RO         4670    .ARM.Collect$$rtentry$$0000000C  c_w.l(__rtentry2.o)
    0x080001cc   0x00000008   Code   RO         4671    .ARM.Collect$$rtentry$$0000000D  c_w.l(__rtentry2.o)
    0x080001d4   0x00000002   Code   RO         4834    .ARM.Collect$$rtexit$$00000000  c_w.l(rtexit.o)
    0x080001d6   0x00000000   Code   RO         4864    .ARM.Collect$$rtexit$$00000002  c_w.l(rtexit2.o)
    0x080001d6   0x00000004   Code   RO         4865    .ARM.Collect$$rtexit$$00000003  c_w.l(rtexit2.o)
    0x080001da   0x00000006   Code   RO         4866    .ARM.Collect$$rtexit$$00000004  c_w.l(rtexit2.o)
    0x080001e0   0x00000040   Code   RO         3447    .text               startup_stm32f10x_hd.o
    0x08000220   0x0000002c   Code   RO         4391    .text               c_w.l(__2sprintf.o)
    0x0800024c   0x00000052   Code   RO         4401    .text               c_w.l(_printf_str.o)
    0x0800029e   0x00000002   PAD
    0x080002a0   0x00000078   Code   RO         4403    .text               c_w.l(_printf_dec.o)
    0x08000318   0x00000188   Code   RO         4422    .text               c_w.l(__printf_flags_ss_wp.o)
    0x080004a0   0x00000024   Code   RO         4430    .text               c_w.l(strstr.o)
    0x080004c4   0x00000048   Code   RO         4434    .text               c_w.l(strcpy.o)
    0x0800050c   0x00000096   Code   RO         4438    .text               c_w.l(strncmp.o)
    0x080005a2   0x0000008a   Code   RO         4440    .text               c_w.l(rt_memcpy_v6.o)
    0x0800062c   0x00000044   Code   RO         4444    .text               c_w.l(rt_memclr.o)
    0x08000670   0x0000004e   Code   RO         4446    .text               c_w.l(rt_memclr_w.o)
    0x080006be   0x00000006   Code   RO         4448    .text               c_w.l(heapauxi.o)
    0x080006c4   0x000000b2   Code   RO         4522    .text               c_w.l(_printf_intcommon.o)
    0x08000776   0x00000002   PAD
    0x08000778   0x00000030   Code   RO         4528    .text               c_w.l(_printf_char_common.o)
    0x080007a8   0x0000000a   Code   RO         4530    .text               c_w.l(_sputc.o)
    0x080007b2   0x0000002c   Code   RO         4532    .text               c_w.l(_printf_char.o)
    0x080007de   0x00000064   Code   RO         4593    .text               c_w.l(rt_memcpy_w.o)
    0x08000842   0x00000002   PAD
    0x08000844   0x00000008   Code   RO         4661    .text               c_w.l(libspace.o)
    0x0800084c   0x00000002   Code   RO         4766    .text               c_w.l(use_no_semi.o)
    0x0800084e   0x00000000   Code   RO         4768    .text               c_w.l(indicate_semi.o)
    0x0800084e   0x0000004a   Code   RO         4769    .text               c_w.l(sys_stackheap_outer.o)
    0x08000898   0x00000012   Code   RO         4790    .text               c_w.l(exit.o)
    0x080008aa   0x00000002   PAD
    0x080008ac   0x0000000c   Code   RO         4832    .text               c_w.l(sys_exit.o)
    0x080008b8   0x00000016   Code   RO          469    i.ADC_Cmd           stm32f10x_adc.o
    0x080008ce   0x00000002   PAD
    0x080008d0   0x0000005c   Code   RO          471    i.ADC_DeInit        stm32f10x_adc.o
    0x0800092c   0x00000014   Code   RO          477    i.ADC_GetCalibrationStatus  stm32f10x_adc.o
    0x08000940   0x00000008   Code   RO          478    i.ADC_GetConversionValue  stm32f10x_adc.o
    0x08000948   0x00000012   Code   RO          480    i.ADC_GetFlagStatus  stm32f10x_adc.o
    0x0800095a   0x00000014   Code   RO          483    i.ADC_GetResetCalibrationStatus  stm32f10x_adc.o
    0x0800096e   0x00000002   PAD
    0x08000970   0x00000050   Code   RO          487    i.ADC_Init          stm32f10x_adc.o
    0x080009c0   0x000000b8   Code   RO          491    i.ADC_RegularChannelConfig  stm32f10x_adc.o
    0x08000a78   0x0000000a   Code   RO          492    i.ADC_ResetCalibration  stm32f10x_adc.o
    0x08000a82   0x00000016   Code   RO          494    i.ADC_SoftwareStartConvCmd  stm32f10x_adc.o
    0x08000a98   0x0000000a   Code   RO          496    i.ADC_StartCalibration  stm32f10x_adc.o
    0x08000aa2   0x00000002   PAD
    0x08000aa4   0x0000008c   Code   RO         3505    i.Adc_Init          adc_1.o
    0x08000b30   0x00000004   Code   RO          134    i.BusFault_Handler  stm32f10x_it.o
    0x08000b34   0x0000014c   Code   RO         1173    i.DMA_DeInit        stm32f10x_dma.o
    0x08000c80   0x0000003c   Code   RO         1178    i.DMA_Init          stm32f10x_dma.o
    0x08000cbc   0x00000002   Code   RO          135    i.DebugMon_Handler  stm32f10x_it.o
    0x08000cbe   0x00000032   Code   RO         4266    i.Decode            app_md5.o
    0x08000cf0   0x0000003e   Code   RO         4267    i.Encode            app_md5.o
    0x08000d2e   0x00000116   Code   RO         1602    i.GPIO_Init         stm32f10x_gpio.o
    0x08000e44   0x00000012   Code   RO         1606    i.GPIO_ReadInputDataBit  stm32f10x_gpio.o
    0x08000e56   0x00000004   Code   RO         1609    i.GPIO_ResetBits    stm32f10x_gpio.o
    0x08000e5a   0x00000004   Code   RO         1610    i.GPIO_SetBits      stm32f10x_gpio.o
    0x08000e5e   0x00000002   PAD
    0x08000e60   0x00000034   Code   RO         3506    i.Get_Adc           adc_1.o
    0x08000e94   0x0000002e   Code   RO         3507    i.Get_Adc_Average   adc_1.o
    0x08000ec2   0x00000004   Code   RO          136    i.HardFault_Handler  stm32f10x_it.o
    0x08000ec6   0x0000003a   Code   RO         3669    i.Is_Leap_Year      rtc_1.o
    0x08000f00   0x00000058   Code   RO         4268    i.MD5Final          app_md5.o
    0x08000f58   0x00000028   Code   RO         4269    i.MD5Init           app_md5.o
    0x08000f80   0x000007dc   Code   RO         4270    i.MD5Transform      app_md5.o
    0x0800175c   0x00000084   Code   RO         4271    i.MD5Update         app_md5.o
    0x080017e0   0x00000060   Code   RO         4272    i.MakeFile_MD5_Checksum  app_md5.o
    0x08001840   0x00000004   Code   RO          137    i.MemManage_Handler  stm32f10x_it.o
    0x08001844   0x00000002   Code   RO          138    i.NMI_Handler       stm32f10x_it.o
    0x08001846   0x00000002   PAD
    0x08001848   0x00000070   Code   RO          427    i.NVIC_Init         misc.o
    0x080018b8   0x00000014   Code   RO          428    i.NVIC_PriorityGroupConfig  misc.o
    0x080018cc   0x00000018   Code   RO         4094    i.Park_Lock_Close   led.o
    0x080018e4   0x00000018   Code   RO         4095    i.Park_Lock_Open    led.o
    0x080018fc   0x00000018   Code   RO         4096    i.Park_Lock_stop    led.o
    0x08001914   0x00000002   Code   RO          139    i.PendSV_Handler    stm32f10x_it.o
    0x08001916   0x00000002   PAD
    0x08001918   0x00000018   Code   RO         2022    i.RCC_ADCCLKConfig  stm32f10x_rcc.o
    0x08001930   0x00000020   Code   RO         2023    i.RCC_AHBPeriphClockCmd  stm32f10x_rcc.o
    0x08001950   0x00000020   Code   RO         2024    i.RCC_APB1PeriphClockCmd  stm32f10x_rcc.o
    0x08001970   0x00000020   Code   RO         2025    i.RCC_APB1PeriphResetCmd  stm32f10x_rcc.o
    0x08001990   0x00000020   Code   RO         2026    i.RCC_APB2PeriphClockCmd  stm32f10x_rcc.o
    0x080019b0   0x00000020   Code   RO         2027    i.RCC_APB2PeriphResetCmd  stm32f10x_rcc.o
    0x080019d0   0x000000dc   Code   RO         2034    i.RCC_GetClocksFreq  stm32f10x_rcc.o
    0x08001aac   0x00000010   Code   RO         2223    i.RTC_ClearITPendingBit  stm32f10x_rtc.o
    0x08001abc   0x00000100   Code   RO         3670    i.RTC_Get           rtc_1.o
    0x08001bbc   0x00000014   Code   RO         2226    i.RTC_GetCounter    stm32f10x_rtc.o
    0x08001bd0   0x00000024   Code   RO         2229    i.RTC_GetITStatus   stm32f10x_rtc.o
    0x08001bf4   0x00000078   Code   RO         3671    i.RTC_Get_Week      rtc_1.o
    0x08001c6c   0x00000028   Code   RO         3672    i.RTC_IRQHandler    rtc_1.o
    0x08001c94   0x00000014   Code   RO         2234    i.RTC_WaitForLastTask  stm32f10x_rtc.o
    0x08001ca8   0x00000002   Code   RO          140    i.SVC_Handler       stm32f10x_it.o
    0x08001caa   0x00000008   Code   RO          197    i.SetSysClock       system_stm32f10x.o
    0x08001cb2   0x00000002   PAD
    0x08001cb4   0x000000e0   Code   RO          198    i.SetSysClockTo72   system_stm32f10x.o
    0x08001d94   0x00000002   Code   RO          141    i.SysTick_Handler   stm32f10x_it.o
    0x08001d96   0x00000002   PAD
    0x08001d98   0x00000060   Code   RO          200    i.SystemInit        system_stm32f10x.o
    0x08001df8   0x0000004c   Code   RO         3725    i.TIM2_IRQHandler   timer_1.o
    0x08001e44   0x00000030   Code   RO         3815    i.TIM4_IRQHandler   usart3_1.o
    0x08001e74   0x00000058   Code   RO         3816    i.TIM4_Init         usart3_1.o
    0x08001ecc   0x00000028   Code   RO         3817    i.TIM4_Set          usart3_1.o
    0x08001ef4   0x00000006   Code   RO         2658    i.TIM_ClearFlag     stm32f10x_tim.o
    0x08001efa   0x00000006   Code   RO         2659    i.TIM_ClearITPendingBit  stm32f10x_tim.o
    0x08001f00   0x00000018   Code   RO         2664    i.TIM_Cmd           stm32f10x_tim.o
    0x08001f18   0x000001e8   Code   RO         2669    i.TIM_DeInit        stm32f10x_tim.o
    0x08002100   0x00000022   Code   RO         2685    i.TIM_GetITStatus   stm32f10x_tim.o
    0x08002122   0x00000012   Code   RO         2689    i.TIM_ITConfig      stm32f10x_tim.o
    0x08002134   0x00000004   Code   RO         2729    i.TIM_SetCounter    stm32f10x_tim.o
    0x08002138   0x000000a4   Code   RO         2735    i.TIM_TimeBaseInit  stm32f10x_tim.o
    0x080021dc   0x00000048   Code   RO         3818    i.UART_DMA_Config   usart3_1.o
    0x08002224   0x00000098   Code   RO         3884    i.USART1_IRQHandler  usart_1.o
    0x080022bc   0x000000cc   Code   RO         3886    i.USART2_IRQHandler  usart_1.o
    0x08002388   0x0000008c   Code   RO         3888    i.USART3_IRQHandler  usart_1.o
    0x08002414   0x000000e8   Code   RO         3821    i.USART3_Init       usart3_1.o
    0x080024fc   0x0000001e   Code   RO         3197    i.USART_ClearITPendingBit  stm32f10x_usart.o
    0x0800251a   0x00000018   Code   RO         3200    i.USART_Cmd         stm32f10x_usart.o
    0x08002532   0x00000012   Code   RO         3201    i.USART_DMACmd      stm32f10x_usart.o
    0x08002544   0x0000009c   Code   RO         3202    i.USART_DeInit      stm32f10x_usart.o
    0x080025e0   0x0000001a   Code   RO         3203    i.USART_GetFlagStatus  stm32f10x_usart.o
    0x080025fa   0x00000054   Code   RO         3204    i.USART_GetITStatus  stm32f10x_usart.o
    0x0800264e   0x0000004a   Code   RO         3206    i.USART_ITConfig    stm32f10x_usart.o
    0x08002698   0x000000d8   Code   RO         3207    i.USART_Init        stm32f10x_usart.o
    0x08002770   0x00000114   Code   RO         3889    i.USART_OUT         usart_1.o
    0x08002884   0x0000000a   Code   RO         3214    i.USART_ReceiveData  stm32f10x_usart.o
    0x0800288e   0x00000008   Code   RO         3217    i.USART_SendData    stm32f10x_usart.o
    0x08002896   0x00000004   Code   RO          142    i.UsageFault_Handler  stm32f10x_it.o
    0x0800289a   0x0000000e   Code   RO         4415    i._is_digit         c_w.l(__printf_wp.o)
    0x080028a8   0x0000003a   Code   RO          294    i.bsp_init          bsp.o
    0x080028e2   0x00000080   Code   RO          295    i.bsp_nvic_init     bsp.o
    0x08002962   0x00000044   Code   RO          296    i.bsp_rcc_init      bsp.o
    0x080029a6   0x00000002   PAD
    0x080029a8   0x00000150   Code   RO          297    i.gpio_init         bsp.o
    0x08002af8   0x00000018   Code   RO         4018    i.gprs_check_cmd    gprs.o
    0x08002b10   0x00000438   Code   RO         4019    i.gprs_config       gprs.o
    0x08002f48   0x00000002   Code   RO         4021    i.gprs_power_on     gprs.o
    0x08002f4a   0x00000002   PAD
    0x08002f4c   0x000000b4   Code   RO         4023    i.gprs_send_at      gprs.o
    0x08003000   0x000006b8   Code   RO            2    i.main              main.o
    0x080036b8   0x0000004e   Code   RO         3726    i.timer2_init       timer_1.o
    0x08003706   0x00000002   PAD
    0x08003708   0x00000014   Code   RO         3727    i.timer_delay_1ms   timer_1.o
    0x0800371c   0x00000024   Code   RO         3728    i.timer_is_timeout_1ms  timer_1.o
    0x08003740   0x0000004c   Code   RO         3890    i.usart1_init       usart_1.o
    0x0800378c   0x00000040   Code   RO         3891    i.usart1_recv_data  usart_1.o
    0x080037cc   0x00000040   Code   RO         3892    i.usart2_init       usart_1.o
    0x0800380c   0x00000044   Code   RO         3893    i.usart2_recv_data  usart_1.o
    0x08003850   0x00000018   Data   RO         3677    .constdata          rtc_1.o
    0x08003868   0x00000011   Data   RO         4423    .constdata          c_w.l(__printf_flags_ss_wp.o)
    0x08003879   0x00000003   PAD
    0x0800387c   0x00000020   Data   RO         4904    Region$$Table       anon$$obj.o


    Execution Region RW_IRAM1 (Base: 0x20000000, Size: 0x00001da8, Max: 0x0000c000, ABSOLUTE)

    Base Addr    Size         Type   Attr      Idx    E Section Name        Object

    0x20000000   0x00000054   Data   RW            4    .data               main.o
    0x20000054   0x00000014   Data   RW         2054    .data               stm32f10x_rcc.o
    0x20000068   0x00000002   Data   RW         3678    .data               rtc_1.o
    0x2000006a   0x00000002   PAD
    0x2000006c   0x00000004   Data   RW         3730    .data               timer_1.o
    0x20000070   0x00000002   Data   RW         3824    .data               usart3_1.o
    0x20000072   0x00000002   PAD
    0x20000074   0x00000015   Data   RW         3899    .data               usart_1.o
    0x20000089   0x00000001   PAD
    0x2000008a   0x00000008   Data   RW         4025    .data               gprs.o
    0x20000092   0x00000050   Data   RW         4273    .data               app_md5.o
    0x200000e2   0x00000002   PAD
    0x200000e4   0x00000a10   Zero   RW            3    .bss                main.o
    0x20000af4   0x0000000a   Zero   RW         3676    .bss                rtc_1.o
    0x20000afe   0x00000002   PAD
    0x20000b00   0x0000002c   Zero   RW         3729    .bss                timer_1.o
    0x20000b2c   0x00000004   PAD
    0x20000b30   0x00000400   Zero   RW         3823    .bss                usart3_1.o
    0x20000f30   0x00000602   Zero   RW         3898    .bss                usart_1.o
    0x20001532   0x00000210   Zero   RW         4024    .bss                gprs.o
    0x20001742   0x00000002   PAD
    0x20001744   0x00000060   Zero   RW         4662    .bss                c_w.l(libspace.o)
    0x200017a4   0x00000004   PAD
    0x200017a8   0x00000200   Zero   RW         3445    HEAP                startup_stm32f10x_hd.o
    0x200019a8   0x00000400   Zero   RW         3444    STACK               startup_stm32f10x_hd.o


==============================================================================

Image component sizes


      Code (inc. data)   RO Data    RW Data    ZI Data      Debug   Object Name

       238         14          0          0          0       1611   adc_1.o
      2480        278          0         80          0       6934   app_md5.o
       590         14          0          0          0       2026   bsp.o
         0          0          0          0          0         32   core_cm3.o
      1286        278          0          8        528       4587   gprs.o
        72         26          0          0          0       1148   led.o
      1720        472          0         84       2576     278050   main.o
       132         22          0          0          0       1335   misc.o
       474         20         24          2         10       3521   rtc_1.o
        64         26        304          0       1536        764   startup_stm32f10x_hd.o
       486         24          0          0          0       7850   stm32f10x_adc.o
       392          8          0          0          0       2680   stm32f10x_dma.o
       304          0          0          0          0       3336   stm32f10x_gpio.o
        26          0          0          0          0       3502   stm32f10x_it.o
       404         64          0         20          0       6135   stm32f10x_rcc.o
        92         16          0          0          0       1833   stm32f10x_rtc.o
       744        106          0          0          0       4844   stm32f10x_tim.o
       646         28          0          0          0       7321   stm32f10x_usart.o
       328         28          0          0          0       1713   system_stm32f10x.o
       210         16          0          4         44       2561   timer_1.o
       480         42          0          2       1024       4049   usart3_1.o
      1044        104          0         21       1538       5636   usart_1.o

    ----------------------------------------------------------------------
     12234       1586        360        228       7264     351468   Object Totals
         0          0         32          0          0          0   (incl. Generated)
        22          0          0          7          8          0   (incl. Padding)

    ----------------------------------------------------------------------

      Code (inc. data)   RO Data    RW Data    ZI Data      Debug   Library Member Name

        44          6          0          0          0         84   __2sprintf.o
         8          0          0          0          0         68   __main.o
       392          4         17          0          0         92   __printf_flags_ss_wp.o
        14          0          0          0          0         68   __printf_wp.o
         0          0          0          0          0          0   __rtentry.o
        12          0          0          0          0          0   __rtentry2.o
         6          0          0          0          0          0   __rtentry4.o
        52          8          0          0          0          0   __scatter.o
        26          0          0          0          0          0   __scatter_copy.o
        28          0          0          0          0          0   __scatter_zi.o
         6          0          0          0          0          0   _printf_c.o
        44          0          0          0          0        108   _printf_char.o
        48          6          0          0          0         96   _printf_char_common.o
         6          0          0          0          0          0   _printf_d.o
       120         16          0          0          0         92   _printf_dec.o
       178          0          0          0          0         88   _printf_intcommon.o
         0          0          0          0          0          0   _printf_percent.o
         4          0          0          0          0          0   _printf_percent_end.o
         6          0          0          0          0          0   _printf_s.o
        82          0          0          0          0         80   _printf_str.o
        10          0          0          0          0         68   _sputc.o
        18          0          0          0          0         80   exit.o
         6          0          0          0          0        152   heapauxi.o
         0          0          0          0          0          0   indicate_semi.o
         2          0          0          0          0          0   libinit.o
         2          0          0          0          0          0   libinit2.o
         2          0          0          0          0          0   libshutdown.o
         2          0          0          0          0          0   libshutdown2.o
         8          4          0          0         96         68   libspace.o
        68          0          0          0          0         68   rt_memclr.o
        78          0          0          0          0         80   rt_memclr_w.o
       138          0          0          0          0         68   rt_memcpy_v6.o
       100          0          0          0          0         80   rt_memcpy_w.o
         2          0          0          0          0          0   rtexit.o
        10          0          0          0          0          0   rtexit2.o
        72          0          0          0          0         80   strcpy.o
       150          0          0          0          0         80   strncmp.o
        36          0          0          0          0         80   strstr.o
        12          4          0          0          0         68   sys_exit.o
        74          0          0          0          0         80   sys_stackheap_outer.o
         2          0          0          0          0         68   use_no_semi.o

    ----------------------------------------------------------------------
      1878         48         20          0        100       1896   Library Totals
        10          0          3          0          4          0   (incl. Padding)

    ----------------------------------------------------------------------

      Code (inc. data)   RO Data    RW Data    ZI Data      Debug   Library Name

      1868         48         17          0         96       1896   c_w.l

    ----------------------------------------------------------------------
      1878         48         20          0        100       1896   Library Totals

    ----------------------------------------------------------------------

==============================================================================


      Code (inc. data)   RO Data    RW Data    ZI Data      Debug   

     14112       1634        380        228       7364     347276   Grand Totals
     14112       1634        380        228       7364     347276   ELF Image Totals
     14112       1634        380        228          0          0   ROM Totals

==============================================================================

    Total RO  Size (Code + RO Data)                14492 (  14.15kB)
    Total RW  Size (RW Data + ZI Data)              7592 (   7.41kB)
    Total ROM Size (Code + RO Data + RW Data)      14720 (  14.38kB)

==============================================================================

